Archive member included to satisfy reference by file (symbol)

C:/ST/STM32CubeIDE_1.17.0/STM32CubeIDE/plugins/com.st.stm32cube.ide.mcu.externaltools.gnu-tools-for-stm32.12.3.rel1.win32_1.1.0.202410251130/tools/bin/../lib/gcc/arm-none-eabi/12.3.1/../../../../arm-none-eabi/lib/thumb/v7e-m/nofp\libc_nano.a(libc_a-exit.o)
                              C:/ST/STM32CubeIDE_1.17.0/STM32CubeIDE/plugins/com.st.stm32cube.ide.mcu.externaltools.gnu-tools-for-stm32.12.3.rel1.win32_1.1.0.202410251130/tools/bin/../lib/gcc/arm-none-eabi/12.3.1/../../../../arm-none-eabi/lib/thumb/v7e-m/nofp/crt0.o (exit)
C:/ST/STM32CubeIDE_1.17.0/STM32CubeIDE/plugins/com.st.stm32cube.ide.mcu.externaltools.gnu-tools-for-stm32.12.3.rel1.win32_1.1.0.202410251130/tools/bin/../lib/gcc/arm-none-eabi/12.3.1/../../../../arm-none-eabi/lib/thumb/v7e-m/nofp\libc_nano.a(libc_a-findfp.o)
                              C:/ST/STM32CubeIDE_1.17.0/STM32CubeIDE/plugins/com.st.stm32cube.ide.mcu.externaltools.gnu-tools-for-stm32.12.3.rel1.win32_1.1.0.202410251130/tools/bin/../lib/gcc/arm-none-eabi/12.3.1/../../../../arm-none-eabi/lib/thumb/v7e-m/nofp\libc_nano.a(libc_a-exit.o) (__stdio_exit_handler)
C:/ST/STM32CubeIDE_1.17.0/STM32CubeIDE/plugins/com.st.stm32cube.ide.mcu.externaltools.gnu-tools-for-stm32.12.3.rel1.win32_1.1.0.202410251130/tools/bin/../lib/gcc/arm-none-eabi/12.3.1/../../../../arm-none-eabi/lib/thumb/v7e-m/nofp\libc_nano.a(libc_a-fwalk.o)
                              C:/ST/STM32CubeIDE_1.17.0/STM32CubeIDE/plugins/com.st.stm32cube.ide.mcu.externaltools.gnu-tools-for-stm32.12.3.rel1.win32_1.1.0.202410251130/tools/bin/../lib/gcc/arm-none-eabi/12.3.1/../../../../arm-none-eabi/lib/thumb/v7e-m/nofp\libc_nano.a(libc_a-findfp.o) (_fwalk_sglue)
C:/ST/STM32CubeIDE_1.17.0/STM32CubeIDE/plugins/com.st.stm32cube.ide.mcu.externaltools.gnu-tools-for-stm32.12.3.rel1.win32_1.1.0.202410251130/tools/bin/../lib/gcc/arm-none-eabi/12.3.1/../../../../arm-none-eabi/lib/thumb/v7e-m/nofp\libc_nano.a(libc_a-sprintf.o)
                              ./LoRaWizard/mainLoRa.o (sprintf)
C:/ST/STM32CubeIDE_1.17.0/STM32CubeIDE/plugins/com.st.stm32cube.ide.mcu.externaltools.gnu-tools-for-stm32.12.3.rel1.win32_1.1.0.202410251130/tools/bin/../lib/gcc/arm-none-eabi/12.3.1/../../../../arm-none-eabi/lib/thumb/v7e-m/nofp\libc_nano.a(libc_a-stdio.o)
                              C:/ST/STM32CubeIDE_1.17.0/STM32CubeIDE/plugins/com.st.stm32cube.ide.mcu.externaltools.gnu-tools-for-stm32.12.3.rel1.win32_1.1.0.202410251130/tools/bin/../lib/gcc/arm-none-eabi/12.3.1/../../../../arm-none-eabi/lib/thumb/v7e-m/nofp\libc_nano.a(libc_a-findfp.o) (__sread)
C:/ST/STM32CubeIDE_1.17.0/STM32CubeIDE/plugins/com.st.stm32cube.ide.mcu.externaltools.gnu-tools-for-stm32.12.3.rel1.win32_1.1.0.202410251130/tools/bin/../lib/gcc/arm-none-eabi/12.3.1/../../../../arm-none-eabi/lib/thumb/v7e-m/nofp\libc_nano.a(libc_a-memset.o)
                              C:/ST/STM32CubeIDE_1.17.0/STM32CubeIDE/plugins/com.st.stm32cube.ide.mcu.externaltools.gnu-tools-for-stm32.12.3.rel1.win32_1.1.0.202410251130/tools/bin/../lib/gcc/arm-none-eabi/12.3.1/../../../../arm-none-eabi/lib/thumb/v7e-m/nofp/crt0.o (memset)
C:/ST/STM32CubeIDE_1.17.0/STM32CubeIDE/plugins/com.st.stm32cube.ide.mcu.externaltools.gnu-tools-for-stm32.12.3.rel1.win32_1.1.0.202410251130/tools/bin/../lib/gcc/arm-none-eabi/12.3.1/../../../../arm-none-eabi/lib/thumb/v7e-m/nofp\libc_nano.a(libc_a-closer.o)
                              C:/ST/STM32CubeIDE_1.17.0/STM32CubeIDE/plugins/com.st.stm32cube.ide.mcu.externaltools.gnu-tools-for-stm32.12.3.rel1.win32_1.1.0.202410251130/tools/bin/../lib/gcc/arm-none-eabi/12.3.1/../../../../arm-none-eabi/lib/thumb/v7e-m/nofp\libc_nano.a(libc_a-stdio.o) (_close_r)
C:/ST/STM32CubeIDE_1.17.0/STM32CubeIDE/plugins/com.st.stm32cube.ide.mcu.externaltools.gnu-tools-for-stm32.12.3.rel1.win32_1.1.0.202410251130/tools/bin/../lib/gcc/arm-none-eabi/12.3.1/../../../../arm-none-eabi/lib/thumb/v7e-m/nofp\libc_nano.a(libc_a-reent.o)
                              C:/ST/STM32CubeIDE_1.17.0/STM32CubeIDE/plugins/com.st.stm32cube.ide.mcu.externaltools.gnu-tools-for-stm32.12.3.rel1.win32_1.1.0.202410251130/tools/bin/../lib/gcc/arm-none-eabi/12.3.1/../../../../arm-none-eabi/lib/thumb/v7e-m/nofp\libc_nano.a(libc_a-closer.o) (errno)
C:/ST/STM32CubeIDE_1.17.0/STM32CubeIDE/plugins/com.st.stm32cube.ide.mcu.externaltools.gnu-tools-for-stm32.12.3.rel1.win32_1.1.0.202410251130/tools/bin/../lib/gcc/arm-none-eabi/12.3.1/../../../../arm-none-eabi/lib/thumb/v7e-m/nofp\libc_nano.a(libc_a-impure.o)
                              C:/ST/STM32CubeIDE_1.17.0/STM32CubeIDE/plugins/com.st.stm32cube.ide.mcu.externaltools.gnu-tools-for-stm32.12.3.rel1.win32_1.1.0.202410251130/tools/bin/../lib/gcc/arm-none-eabi/12.3.1/../../../../arm-none-eabi/lib/thumb/v7e-m/nofp\libc_nano.a(libc_a-sprintf.o) (_impure_ptr)
[...]
Memory Configuration

Name             Origin             Length             Attributes
RAM              0x20000000         0x00010000         xrw
RAM2             0x10000000         0x00008000         xrw
FLASH            0x08000000         0x00040000         xr
*default*        0x00000000         0xffffffff

Linker script and memory map

LOAD C:/ST/STM32CubeIDE_1.17.0/STM32CubeIDE/plugins/com.st.stm32cube.ide.mcu.externaltools.gnu-tools-for-stm32.12.3.rel1.win32_1.1.0.202410251130/tools/bin/../lib/gcc/arm-none-eabi/12.3.1/thumb/v7e-m/nofp/crti.o
LOAD C:/ST/STM32CubeIDE_1.17.0/STM32CubeIDE/plugins/com.st.stm32cube.ide.mcu.externaltools.gnu-tools-for-stm32.12.3.rel1.win32_1.1.0.202410251130/tools/bin/../lib/gcc/arm-none-eabi/12.3.1/thumb/v7e-m/nofp/crtbegin.o
LOAD C:/ST/STM32CubeIDE_1.17.0/STM32CubeIDE/plugins/com.st.stm32cube.ide.mcu.externaltools.gnu-tools-for-stm32.12.3.rel1.win32_1.1.0.202410251130/tools/bin/../lib/gcc/arm-none-eabi/12.3.1/../../../../arm-none-eabi/lib/thumb/v7e-m/nofp/crt0.o
LOAD ./Core/Src/gpio.o
LOAD ./Core/Src/main.o
LOAD ./Core/Src/stm32wlxx_hal_msp.o
LOAD ./Core/Src/stm32wlxx_it.o
LOAD ./Core/Src/subghz.o
LOAD ./Core/Src/syscalls.o
LOAD ./Core/Src/sysmem.o
LOAD ./Core/Src/system_stm32wlxx.o
LOAD ./Core/Src/usart.o
LOAD ./Core/Startup/startup_stm32wl55jcix.o
LOAD ./Drivers/BSP/STM32WLxx_Nucleo/stm32wlxx_nucleo.o
LOAD ./Drivers/BSP/STM32WLxx_Nucleo/stm32wlxx_nucleo_radio.o
LOAD ./Drivers/Radio/radio_board_if.o
LOAD ./Drivers/Radio/radio_driver.o
LOAD ./Drivers/STM32WLxx_HAL_Driver/Src/stm32wlxx_hal.o
LOAD ./Drivers/STM32WLxx_HAL_Driver/Src/stm32wlxx_hal_cortex.o
LOAD ./Drivers/STM32WLxx_HAL_Driver/Src/stm32wlxx_hal_dma.o
LOAD ./Drivers/STM32WLxx_HAL_Driver/Src/stm32wlxx_hal_dma_ex.o
LOAD ./Drivers/STM32WLxx_HAL_Driver/Src/stm32wlxx_hal_exti.o
LOAD ./Drivers/STM32WLxx_HAL_Driver/Src/stm32wlxx_hal_flash.o
LOAD ./Drivers/STM32WLxx_HAL_Driver/Src/stm32wlxx_hal_flash_ex.o
LOAD ./Drivers/STM32WLxx_HAL_Driver/Src/stm32wlxx_hal_gpio.o
LOAD ./Drivers/STM32WLxx_HAL_Driver/Src/stm32wlxx_hal_pwr.o
LOAD ./Drivers/STM32WLxx_HAL_Driver/Src/stm32wlxx_hal_pwr_ex.o
LOAD ./Drivers/STM32WLxx_HAL_Driver/Src/stm32wlxx_hal_rcc.o
LOAD ./Drivers/STM32WLxx_HAL_Driver/Src/stm32wlxx_hal_rcc_ex.o
LOAD ./Drivers/STM32WLxx_HAL_Driver/Src/stm32wlxx_hal_subghz.o
LOAD ./Drivers/STM32WLxx_HAL_Driver/Src/stm32wlxx_hal_uart.o
LOAD ./Drivers/STM32WLxx_HAL_Driver/Src/stm32wlxx_hal_uart_ex.o
LOAD ./LoRaWizard/LoRaConf.o
LOAD ./LoRaWizard/LoRaEvents.o
LOAD ./LoRaWizard/LoRaMessageHandler.o
LOAD ./LoRaWizard/mainLoRa.o
LOAD ./Utils/misc/stm32_mem.o
START GROUP
LOAD C:/ST/STM32CubeIDE_1.17.0/STM32CubeIDE/plugins/com.st.stm32cube.ide.mcu.externaltools.gnu-tools-for-stm32.12.3.rel1.win32_1.1.0.202410251130/tools/bin/../lib/gcc/arm-none-eabi/12.3.1/../../../../arm-none-eabi/lib/thumb/v7e-m/nofp\libc_nano.a
LOAD C:/ST/STM32CubeIDE_1.17.0/STM32CubeIDE/plugins/com.st.stm32cube.ide.mcu.externaltools.gnu-tools-for-stm32.12.3.rel1.win32_1.1.0.202410251130/tools/bin/../lib/gcc/arm-none-eabi/12.3.1/../../../../arm-none-eabi/lib/thumb/v7e-m/nofp\libm.a
END GROUP
START GROUP
LOAD C:/ST/STM32CubeIDE_1.17.0/STM32CubeIDE/plugins/com.st.stm32cube.ide.mcu.externaltools.gnu-tools-for-stm32.12.3.rel1.win32_1.1.0.202410251130/tools/bin/../lib/gcc/arm-none-eabi/12.3.1/thumb/v7e-m/nofp\libgcc.a
LOAD C:/ST/STM32CubeIDE_1.17.0/STM32CubeIDE/plugins/com.st.stm32cube.ide.mcu.externaltools.gnu-tools-for-stm32.12.3.rel1.win32_1.1.0.202410251130/tools/bin/../lib/gcc/arm-none-eabi/12.3.1/../../../../arm-none-eabi/lib/thumb/v7e-m/nofp\libc_nano.a
END GROUP
START GROUP
LOAD C:/ST/STM32CubeIDE_1.17.0/STM32CubeIDE/plugins/com.st.stm32cube.ide.mcu.externaltools.gnu-tools-for-stm32.12.3.rel1.win32_1.1.0.202410251130/tools/bin/../lib/gcc/arm-none-eabi/12.3.1/thumb/v7e-m/nofp\libgcc.a
LOAD C:/ST/STM32CubeIDE_1.17.0/STM32CubeIDE/plugins/com.st.stm32cube.ide.mcu.externaltools.gnu-tools-for-stm32.12.3.rel1.win32_1.1.0.202410251130/tools/bin/../lib/gcc/arm-none-eabi/12.3.1/../../../../arm-none-eabi/lib/thumb/v7e-m/nofp\libc_nano.a
LOAD C:/ST/STM32CubeIDE_1.17.0/STM32CubeIDE/plugins/com.st.stm32cube.ide.mcu.externaltools.gnu-tools-for-stm32.12.3.rel1.win32_1.1.0.202410251130/tools/bin/../lib/gcc/arm-none-eabi/12.3.1/../../../../arm-none-eabi/lib/thumb/v7e-m/nofp\libnosys.a
END GROUP
START GROUP
LOAD C:/ST/STM32CubeIDE_1.17.0/STM32CubeIDE/plugins/com.st.stm32cube.ide.mcu.externaltools.gnu-tools-for-stm32.12.3.rel1.win32_1.1.0.202410251130/tools/bin/../lib/gcc/arm-none-eabi/12.3.1/thumb/v7e-m/nofp\libgcc.a
LOAD C:/ST/STM32CubeIDE_1.17.0/STM32CubeIDE/plugins/com.st.stm32cube.ide.mcu.externaltools.gnu-tools-for-stm32.12.3.rel1.win32_1.1.0.202410251130/tools/bin/../lib/gcc/arm-none-eabi/12.3.1/../../../../arm-none-eabi/lib/thumb/v7e-m/nofp\libc_nano.a
LOAD C:/ST/STM32CubeIDE_1.17.0/STM32CubeIDE/plugins/com.st.stm32cube.ide.mcu.externaltools.gnu-tools-for-stm32.12.3.rel1.win32_1.1.0.202410251130/tools/bin/../lib/gcc/arm-none-eabi/12.3.1/../../../../arm-none-eabi/lib/thumb/v7e-m/nofp\libnosys.a
END GROUP
LOAD C:/ST/STM32CubeIDE_1.17.0/STM32CubeIDE/plugins/com.st.stm32cube.ide.mcu.externaltools.gnu-tools-for-stm32.12.3.rel1.win32_1.1.0.202410251130/tools/bin/../lib/gcc/arm-none-eabi/12.3.1/thumb/v7e-m/nofp/crtend.o
LOAD C:/ST/STM32CubeIDE_1.17.0/STM32CubeIDE/plugins/com.st.stm32cube.ide.mcu.externaltools.gnu-tools-for-stm32.12.3.rel1.win32_1.1.0.202410251130/tools/bin/../lib/gcc/arm-none-eabi/12.3.1/thumb/v7e-m/nofp/crtn.o
                0x20010000                        _estack = (ORIGIN (RAM) + LENGTH (RAM))
                0x00000200                        _Min_Heap_Size = 0x200
                0x00000400                        _Min_Stack_Size = 0x400

.isr_vector     0x08000000      0x138
                0x08000000                        . = ALIGN (0x4)
 *(.isr_vector)
 .isr_vector    0x08000000      0x138 ./Core/Startup/startup_stm32wl55jcix.o
                0x08000000                g_pfnVectors
                0x08000138                        . = ALIGN (0x4)

.text           0x08000140     0x5a60
                0x08000140                        . = ALIGN (0x4)
 *(.text)
 .text          0x08000140       0x40 C:/ST/STM32CubeIDE_1.17.0/STM32CubeIDE/plugins/com.st.stm32cube.ide.mcu.externaltools.gnu-tools-for-stm32.12.3.rel1.win32_1.1.0.202410251130/tools/bin/../lib/gcc/arm-none-eabi/12.3.1/thumb/v7e-m/nofp/crtbegin.o
 .text          0x08000180       0x10 C:/ST/STM32CubeIDE_1.17.0/STM32CubeIDE/plugins/com.st.stm32cube.ide.mcu.externaltools.gnu-tools-for-stm32.12.3.rel1.win32_1.1.0.202410251130/tools/bin/../lib/gcc/arm-none-eabi/12.3.1/../../../../arm-none-eabi/lib/thumb/v7e-m/nofp\libc_nano.a(libc_a-strlen.o)
                0x08000180                strlen
 .text          0x08000190       0xa0 C:/ST/STM32CubeIDE_1.17.0/STM32CubeIDE/plugins/com.st.stm32cube.ide.mcu.externaltools.gnu-tools-for-stm32.12.3.rel1.win32_1.1.0.202410251130/tools/bin/../lib/gcc/arm-none-eabi/12.3.1/../../../../arm-none-eabi/lib/thumb/v7e-m/nofp\libc_nano.a(libc_a-memchr.o)
                0x08000190                memchr
 .text          0x08000230       0x30 C:/ST/STM32CubeIDE_1.17.0/STM32CubeIDE/plugins/com.st.stm32cube.ide.mcu.externaltools.gnu-tools-for-stm32.12.3.rel1.win32_1.1.0.202410251130/tools/bin/../lib/gcc/arm-none-eabi/12.3.1/thumb/v7e-m/nofp\libgcc.a(_aeabi_uldivmod.o)
                0x08000230                __aeabi_uldivmod
 .text          0x08000260      0x2bc C:/ST/STM32CubeIDE_1.17.0/STM32CubeIDE/plugins/com.st.stm32cube.ide.mcu.externaltools.gnu-tools-for-stm32.12.3.rel1.win32_1.1.0.202410251130/tools/bin/../lib/gcc/arm-none-eabi/12.3.1/thumb/v7e-m/nofp\libgcc.a(_udivmoddi4.o)
                0x08000260                __udivmoddi4
 .text          0x0800051c        0x4 C:/ST/STM32CubeIDE_1.17.0/STM32CubeIDE/plugins/com.st.stm32cube.ide.mcu.externaltools.gnu-tools-for-stm32.12.3.rel1.win32_1.1.0.202410251130/tools/bin/../lib/gcc/arm-none-eabi/12.3.1/thumb/v7e-m/nofp\libgcc.a(_dvmd_tls.o)
                0x0800051c                __aeabi_idiv0
                0x0800051c                __aeabi_ldiv0
 *(.text*)
 .text.LL_AHB2_GRP1_EnableClock
                0x08000520       0x30 ./Core/Src/gpio.o
 .text.MX_GPIO_Init
                0x08000550        0xe ./Core/Src/gpio.o
                0x08000550                MX_GPIO_Init
 .text.main     0x0800055e       0x1e ./Core/Src/main.o
                0x0800055e                main
 .text.SystemClock_Config
                0x0800057c       0xa4 ./Core/Src/main.o
                0x0800057c                SystemClock_Config
 .text.Error_Handler
                0x08000620        0xc ./Core/Src/main.o
                0x08000620                Error_Handler
 .text.HAL_MspInit
                0x0800062c        0xc ./Core/Src/stm32wlxx_hal_msp.o
                0x0800062c                HAL_MspInit
 .text.NMI_Handler
                0x08000638        0x8 ./Core/Src/stm32wlxx_it.o
                0x08000638                NMI_Handler
 .text.HardFault_Handler
                0x08000640        0x8 ./Core/Src/stm32wlxx_it.o
                0x08000640                HardFault_Handler
 .text.MemManage_Handler
                0x08000648        0x8 ./Core/Src/stm32wlxx_it.o
                0x08000648                MemManage_Handler
 .text.BusFault_Handler
                0x08000650        0x8 ./Core/Src/stm32wlxx_it.o
                0x08000650                BusFault_Handler
 .text.UsageFault_Handler
                0x08000658        0x8 ./Core/Src/stm32wlxx_it.o
                0x08000658                UsageFault_Handler
 .text.SVC_Handler
                0x08000660        0xc ./Core/Src/stm32wlxx_it.o
                0x08000660                SVC_Handler
 .text.DebugMon_Handler
                0x0800066c        0xc ./Core/Src/stm32wlxx_it.o
                0x0800066c                DebugMon_Handler
 .text.PendSV_Handler
                0x08000678        0xc ./Core/Src/stm32wlxx_it.o
                0x08000678                PendSV_Handler
 .text.SysTick_Handler
                0x08000684        0xc ./Core/Src/stm32wlxx_it.o
                0x08000684                SysTick_Handler
 .text.SUBGHZ_Radio_IRQHandler
                0x08000690       0x14 ./Core/Src/stm32wlxx_it.o
                0x08000690                SUBGHZ_Radio_IRQHandler
 .text.LL_APB3_GRP1_EnableClock
                0x080006a4       0x30 ./Core/Src/subghz.o
 .text.MX_SUBGHZ_Init
                0x080006d4       0x24 ./Core/Src/subghz.o
                0x080006d4                MX_SUBGHZ_Init
 .text.HAL_SUBGHZ_MspInit
                0x080006f8       0x26 ./Core/Src/subghz.o
                0x080006f8                HAL_SUBGHZ_MspInit
 *fill*         0x0800071e        0x2 
 .text._sbrk    0x08000720       0x6c ./Core/Src/sysmem.o
                0x08000720                _sbrk
 .text.SystemInit
                0x0800078c        0xc ./Core/Src/system_stm32wlxx.o
                0x0800078c                SystemInit
 .text.LL_AHB2_GRP1_EnableClock
                0x08000798       0x30 ./Core/Src/usart.o
 .text.LL_APB1_GRP1_EnableClock
                0x080007c8       0x30 ./Core/Src/usart.o
 .text.MX_USART2_UART_Init
                0x080007f8       0x98 ./Core/Src/usart.o
                0x080007f8                MX_USART2_UART_Init
 .text.HAL_UART_MspInit
                0x08000890       0x8c ./Core/Src/usart.o
                0x08000890                HAL_UART_MspInit
 .text.Reset_Handler
                0x0800091c       0x50 ./Core/Startup/startup_stm32wl55jcix.o
                0x0800091c                Reset_Handler
 .text.Default_Handler
                0x0800096c        0x2 ./Core/Startup/startup_stm32wl55jcix.o
                0x0800096c                RTC_Alarm_IRQHandler
                0x0800096c                EXTI2_IRQHandler
                0x0800096c                TIM1_CC_IRQHandler
                0x0800096c                EXTI3_IRQHandler
                0x0800096c                LPTIM2_IRQHandler
                0x0800096c                I2C3_ER_IRQHandler
                0x0800096c                LPTIM3_IRQHandler
                0x0800096c                EXTI0_IRQHandler
                0x0800096c                I2C2_EV_IRQHandler
                0x0800096c                TAMP_STAMP_LSECSS_SSRU_IRQHandler
                0x0800096c                SPI1_IRQHandler
                0x0800096c                DMA2_Channel2_IRQHandler
                0x0800096c                DMA1_Channel4_IRQHandler
                0x0800096c                PKA_IRQHandler
                0x0800096c                TIM17_IRQHandler
                0x0800096c                DMA1_Channel7_IRQHandler
                0x0800096c                SUBGHZSPI_IRQHandler
                0x0800096c                IPCC_C1_TX_IRQHandler
                0x0800096c                DMA2_Channel1_IRQHandler
                0x0800096c                I2C1_EV_IRQHandler
                0x0800096c                DMAMUX1_OVR_IRQHandler
                0x0800096c                DMA1_Channel6_IRQHandler
                0x0800096c                TIM16_IRQHandler
                0x0800096c                DMA2_Channel4_IRQHandler
                0x0800096c                RCC_IRQHandler
                0x0800096c                TIM1_TRG_COM_IRQHandler
                0x0800096c                DMA1_Channel1_IRQHandler
                0x0800096c                Default_Handler
                0x0800096c                DMA2_Channel7_IRQHandler
                0x0800096c                EXTI15_10_IRQHandler
                0x0800096c                IPCC_C1_RX_IRQHandler
                0x0800096c                ADC_IRQHandler
                0x0800096c                C2SEV_PWR_C2H_IRQHandler
                0x0800096c                I2C3_EV_IRQHandler
                0x0800096c                EXTI9_5_IRQHandler
                0x0800096c                RTC_WKUP_IRQHandler
                0x0800096c                PVD_PVM_IRQHandler
                0x0800096c                SPI2_IRQHandler
                0x0800096c                DMA2_Channel5_IRQHandler
                0x0800096c                DMA1_Channel5_IRQHandler
                0x0800096c                EXTI4_IRQHandler
                0x0800096c                RNG_IRQHandler
                0x0800096c                DMA1_Channel3_IRQHandler
                0x0800096c                COMP_IRQHandler
                0x0800096c                HSEM_IRQHandler
                0x0800096c                TIM1_UP_IRQHandler
                0x0800096c                WWDG_IRQHandler
                0x0800096c                LPUART1_IRQHandler
                0x0800096c                DMA2_Channel6_IRQHandler
                0x0800096c                TIM2_IRQHandler
                0x0800096c                TIM1_BRK_IRQHandler
                0x0800096c                DAC_IRQHandler
                0x0800096c                EXTI1_IRQHandler
                0x0800096c                AES_IRQHandler
                0x0800096c                USART2_IRQHandler
                0x0800096c                I2C2_ER_IRQHandler
                0x0800096c                DMA1_Channel2_IRQHandler
                0x0800096c                FLASH_IRQHandler
                0x0800096c                USART1_IRQHandler
                0x0800096c                I2C1_ER_IRQHandler
                0x0800096c                LPTIM1_IRQHandler
                0x0800096c                DMA2_Channel3_IRQHandler
 .text.LL_AHB2_GRP1_EnableClock
                0x0800096e       0x30 ./Drivers/BSP/STM32WLxx_Nucleo/stm32wlxx_nucleo_radio.o
 *fill*         0x0800099e        0x2 
 .text.BSP_RADIO_Init
                0x080009a0       0x7c ./Drivers/BSP/STM32WLxx_Nucleo/stm32wlxx_nucleo_radio.o
                0x080009a0                BSP_RADIO_Init
 .text.BSP_RADIO_ConfigRFSwitch
                0x08000a1c       0xb8 ./Drivers/BSP/STM32WLxx_Nucleo/stm32wlxx_nucleo_radio.o
                0x08000a1c                BSP_RADIO_ConfigRFSwitch
 .text.BSP_RADIO_GetTxConfig
                0x08000ad4        0xe ./Drivers/BSP/STM32WLxx_Nucleo/stm32wlxx_nucleo_radio.o
                0x08000ad4                BSP_RADIO_GetTxConfig
 .text.BSP_RADIO_IsTCXO
                0x08000ae2        0xe ./Drivers/BSP/STM32WLxx_Nucleo/stm32wlxx_nucleo_radio.o
                0x08000ae2                BSP_RADIO_IsTCXO
 .text.BSP_RADIO_IsDCDC
                0x08000af0        0xe ./Drivers/BSP/STM32WLxx_Nucleo/stm32wlxx_nucleo_radio.o
                0x08000af0                BSP_RADIO_IsDCDC
 .text.BSP_RADIO_GetRFOMaxPowerConfig
                0x08000afe       0x26 ./Drivers/BSP/STM32WLxx_Nucleo/stm32wlxx_nucleo_radio.o
                0x08000afe                BSP_RADIO_GetRFOMaxPowerConfig
 .text.RBI_Init
                0x08000b24        0xe ./Drivers/Radio/radio_board_if.o
                0x08000b24                RBI_Init
 .text.RBI_ConfigRFSwitch
                0x08000b32       0x1c ./Drivers/Radio/radio_board_if.o
                0x08000b32                RBI_ConfigRFSwitch
 .text.RBI_GetTxConfig
                0x08000b4e        0xe ./Drivers/Radio/radio_board_if.o
                0x08000b4e                RBI_GetTxConfig
 .text.RBI_IsTCXO
                0x08000b5c        0xe ./Drivers/Radio/radio_board_if.o
                0x08000b5c                RBI_IsTCXO
 .text.RBI_IsDCDC
                0x08000b6a        0xe ./Drivers/Radio/radio_board_if.o
                0x08000b6a                RBI_IsDCDC
 .text.RBI_GetRFOMaxPowerConfig
                0x08000b78       0x1c ./Drivers/Radio/radio_board_if.o
                0x08000b78                RBI_GetRFOMaxPowerConfig
 .text.SUBGRF_Init
                0x08000b94       0x90 ./Drivers/Radio/radio_driver.o
                0x08000b94                SUBGRF_Init
 .text.SUBGRF_SetPayload
                0x08000c24       0x20 ./Drivers/Radio/radio_driver.o
                0x08000c24                SUBGRF_SetPayload
 .text.SUBGRF_GetPayload
                0x08000c44       0x44 ./Drivers/Radio/radio_driver.o
                0x08000c44                SUBGRF_GetPayload
 .text.SUBGRF_SendPayload
                0x08000c88       0x26 ./Drivers/Radio/radio_driver.o
                0x08000c88                SUBGRF_SendPayload
 .text.SUBGRF_SetCrcSeed
                0x08000cae       0x40 ./Drivers/Radio/radio_driver.o
                0x08000cae                SUBGRF_SetCrcSeed
 .text.SUBGRF_SetCrcPolynomial
                0x08000cee       0x40 ./Drivers/Radio/radio_driver.o
                0x08000cee                SUBGRF_SetCrcPolynomial
 *fill*         0x08000d2e        0x2 
 .text.SUBGRF_SetStandby
                0x08000d30       0x38 ./Drivers/Radio/radio_driver.o
                0x08000d30                SUBGRF_SetStandby
 .text.SUBGRF_SetTx
                0x08000d68       0x40 ./Drivers/Radio/radio_driver.o
                0x08000d68                SUBGRF_SetTx
 .text.SUBGRF_SetRx
                0x08000da8       0x40 ./Drivers/Radio/radio_driver.o
                0x08000da8                SUBGRF_SetRx
 .text.SUBGRF_SetStopRxTimerOnPreambleDetect
                0x08000de8       0x1e ./Drivers/Radio/radio_driver.o
                0x08000de8                SUBGRF_SetStopRxTimerOnPreambleDetect
 .text.SUBGRF_SetRegulatorMode
                0x08000e06       0x2e ./Drivers/Radio/radio_driver.o
                0x08000e06                SUBGRF_SetRegulatorMode
 .text.SUBGRF_Calibrate
                0x08000e34       0x8c ./Drivers/Radio/radio_driver.o
                0x08000e34                SUBGRF_Calibrate
 .text.SUBGRF_CalibrateImage
                0x08000ec0       0x94 ./Drivers/Radio/radio_driver.o
                0x08000ec0                SUBGRF_CalibrateImage
 .text.SUBGRF_SetPaConfig
                0x08000f54       0x44 ./Drivers/Radio/radio_driver.o
                0x08000f54                SUBGRF_SetPaConfig
 .text.SUBGRF_SetDioIrqParams
                0x08000f98       0x74 ./Drivers/Radio/radio_driver.o
                0x08000f98                SUBGRF_SetDioIrqParams
 .text.SUBGRF_SetTcxoMode
                0x0800100c       0x42 ./Drivers/Radio/radio_driver.o
                0x0800100c                SUBGRF_SetTcxoMode
 *fill*         0x0800104e        0x2 
 .text.SUBGRF_SetRfFrequency
                0x08001050       0x8c ./Drivers/Radio/radio_driver.o
                0x08001050                SUBGRF_SetRfFrequency
 .text.SUBGRF_SetPacketType
                0x080010dc       0x38 ./Drivers/Radio/radio_driver.o
                0x080010dc                SUBGRF_SetPacketType
 .text.SUBGRF_GetPacketType
                0x08001114       0x14 ./Drivers/Radio/radio_driver.o
                0x08001114                SUBGRF_GetPacketType
 .text.SUBGRF_SetTxParams
                0x08001128      0x19a ./Drivers/Radio/radio_driver.o
                0x08001128                SUBGRF_SetTxParams
 *fill*         0x080012c2        0x2 
 .text.SUBGRF_SetModulationParams
                0x080012c4      0x1a4 ./Drivers/Radio/radio_driver.o
                0x080012c4                SUBGRF_SetModulationParams
 .text.SUBGRF_SetPacketParams
                0x08001468      0x13c ./Drivers/Radio/radio_driver.o
                0x08001468                SUBGRF_SetPacketParams
 .text.SUBGRF_SetBufferBaseAddress
                0x080015a4       0x2e ./Drivers/Radio/radio_driver.o
                0x080015a4                SUBGRF_SetBufferBaseAddress
 *fill*         0x080015d2        0x2 
 .text.SUBGRF_GetRxBufferStatus
                0x080015d4       0x58 ./Drivers/Radio/radio_driver.o
                0x080015d4                SUBGRF_GetRxBufferStatus
 .text.SUBGRF_GetPacketStatus
                0x0800162c       0xa4 ./Drivers/Radio/radio_driver.o
                0x0800162c                SUBGRF_GetPacketStatus
 .text.SUBGRF_WriteRegister
                0x080016d0       0x28 ./Drivers/Radio/radio_driver.o
                0x080016d0                SUBGRF_WriteRegister
 .text.SUBGRF_ReadRegister
                0x080016f8       0x28 ./Drivers/Radio/radio_driver.o
                0x080016f8                SUBGRF_ReadRegister
 .text.SUBGRF_WriteRegisters
                0x08001720       0x44 ./Drivers/Radio/radio_driver.o
                0x08001720                SUBGRF_WriteRegisters
 .text.SUBGRF_WriteBuffer
                0x08001764       0x44 ./Drivers/Radio/radio_driver.o
                0x08001764                SUBGRF_WriteBuffer
 .text.SUBGRF_ReadBuffer
                0x080017a8       0x44 ./Drivers/Radio/radio_driver.o
                0x080017a8                SUBGRF_ReadBuffer
 .text.SUBGRF_WriteCommand
                0x080017ec       0x44 ./Drivers/Radio/radio_driver.o
                0x080017ec                SUBGRF_WriteCommand
 .text.SUBGRF_ReadCommand
                0x08001830       0x44 ./Drivers/Radio/radio_driver.o
                0x08001830                SUBGRF_ReadCommand
 .text.SUBGRF_SetSwitch
                0x08001874       0x50 ./Drivers/Radio/radio_driver.o
                0x08001874                SUBGRF_SetSwitch
 .text.SUBGRF_SetRfTxPower
                0x080018c4       0x68 ./Drivers/Radio/radio_driver.o
                0x080018c4                SUBGRF_SetRfTxPower
 .text.HAL_SUBGHZ_TxCpltCallback
                0x0800192c       0x1c ./Drivers/Radio/radio_driver.o
                0x0800192c                HAL_SUBGHZ_TxCpltCallback
 .text.HAL_SUBGHZ_RxCpltCallback
                0x08001948       0x1c ./Drivers/Radio/radio_driver.o
                0x08001948                HAL_SUBGHZ_RxCpltCallback
 .text.HAL_SUBGHZ_CRCErrorCallback
                0x08001964       0x1c ./Drivers/Radio/radio_driver.o
                0x08001964                HAL_SUBGHZ_CRCErrorCallback
 .text.HAL_SUBGHZ_CADStatusCallback
                0x08001980       0x3c ./Drivers/Radio/radio_driver.o
                0x08001980                HAL_SUBGHZ_CADStatusCallback
 .text.HAL_SUBGHZ_RxTxTimeoutCallback
                0x080019bc       0x20 ./Drivers/Radio/radio_driver.o
                0x080019bc                HAL_SUBGHZ_RxTxTimeoutCallback
 .text.HAL_SUBGHZ_HeaderErrorCallback
                0x080019dc       0x1c ./Drivers/Radio/radio_driver.o
                0x080019dc                HAL_SUBGHZ_HeaderErrorCallback
 .text.HAL_SUBGHZ_PreambleDetectedCallback
                0x080019f8       0x1c ./Drivers/Radio/radio_driver.o
                0x080019f8                HAL_SUBGHZ_PreambleDetectedCallback
 .text.HAL_SUBGHZ_SyncWordValidCallback
                0x08001a14       0x1c ./Drivers/Radio/radio_driver.o
                0x08001a14                HAL_SUBGHZ_SyncWordValidCallback
 .text.HAL_SUBGHZ_HeaderValidCallback
                0x08001a30       0x1c ./Drivers/Radio/radio_driver.o
                0x08001a30                HAL_SUBGHZ_HeaderValidCallback
 .text.HAL_SUBGHZ_LrFhssHopCallback
                0x08001a4c       0x20 ./Drivers/Radio/radio_driver.o
                0x08001a4c                HAL_SUBGHZ_LrFhssHopCallback
 .text.Radio_SMPS_Set
                0x08001a6c       0x42 ./Drivers/Radio/radio_driver.o
 *fill*         0x08001aae        0x2 
 .text.HAL_Init
                0x08001ab0       0x40 ./Drivers/STM32WLxx_HAL_Driver/Src/stm32wlxx_hal.o
                0x08001ab0                HAL_Init
 .text.HAL_InitTick
                0x08001af0       0x74 ./Drivers/STM32WLxx_HAL_Driver/Src/stm32wlxx_hal.o
                0x08001af0                HAL_InitTick
 .text.HAL_IncTick
                0x08001b64       0x24 ./Drivers/STM32WLxx_HAL_Driver/Src/stm32wlxx_hal.o
                0x08001b64                HAL_IncTick
 .text.HAL_GetTick
                0x08001b88       0x14 ./Drivers/STM32WLxx_HAL_Driver/Src/stm32wlxx_hal.o
                0x08001b88                HAL_GetTick
 .text.__NVIC_SetPriorityGrouping
                0x08001b9c       0x48 ./Drivers/STM32WLxx_HAL_Driver/Src/stm32wlxx_hal_cortex.o
 .text.__NVIC_GetPriorityGrouping
                0x08001be4       0x1c ./Drivers/STM32WLxx_HAL_Driver/Src/stm32wlxx_hal_cortex.o
 .text.__NVIC_EnableIRQ
                0x08001c00       0x38 ./Drivers/STM32WLxx_HAL_Driver/Src/stm32wlxx_hal_cortex.o
 .text.__NVIC_SetPriority
                0x08001c38       0x54 ./Drivers/STM32WLxx_HAL_Driver/Src/stm32wlxx_hal_cortex.o
 .text.NVIC_EncodePriority
                0x08001c8c       0x64 ./Drivers/STM32WLxx_HAL_Driver/Src/stm32wlxx_hal_cortex.o
 .text.SysTick_Config
                0x08001cf0       0x44 ./Drivers/STM32WLxx_HAL_Driver/Src/stm32wlxx_hal_cortex.o
 .text.HAL_NVIC_SetPriorityGrouping
                0x08001d34       0x16 ./Drivers/STM32WLxx_HAL_Driver/Src/stm32wlxx_hal_cortex.o
                0x08001d34                HAL_NVIC_SetPriorityGrouping
 .text.HAL_NVIC_SetPriority
                0x08001d4a       0x34 ./Drivers/STM32WLxx_HAL_Driver/Src/stm32wlxx_hal_cortex.o
                0x08001d4a                HAL_NVIC_SetPriority
 .text.HAL_NVIC_EnableIRQ
                0x08001d7e       0x1c ./Drivers/STM32WLxx_HAL_Driver/Src/stm32wlxx_hal_cortex.o
                0x08001d7e                HAL_NVIC_EnableIRQ
 .text.HAL_SYSTICK_Config
                0x08001d9a       0x18 ./Drivers/STM32WLxx_HAL_Driver/Src/stm32wlxx_hal_cortex.o
                0x08001d9a                HAL_SYSTICK_Config
 *fill*         0x08001db2        0x2 
 .text.HAL_GPIO_Init
                0x08001db4      0x2c0 ./Drivers/STM32WLxx_HAL_Driver/Src/stm32wlxx_hal_gpio.o
                0x08001db4                HAL_GPIO_Init
 .text.HAL_GPIO_WritePin
                0x08002074       0x2e ./Drivers/STM32WLxx_HAL_Driver/Src/stm32wlxx_hal_gpio.o
                0x08002074                HAL_GPIO_WritePin
 *fill*         0x080020a2        0x2 
 .text.HAL_PWR_EnableBkUpAccess
                0x080020a4       0x1c ./Drivers/STM32WLxx_HAL_Driver/Src/stm32wlxx_hal_pwr.o
                0x080020a4                HAL_PWR_EnableBkUpAccess
 .text.HAL_PWREx_GetVoltageRange
                0x080020c0       0x18 ./Drivers/STM32WLxx_HAL_Driver/Src/stm32wlxx_hal_pwr_ex.o
                0x080020c0                HAL_PWREx_GetVoltageRange
 .text.LL_PWR_IsEnabledBkUpAccess
                0x080020d8       0x24 ./Drivers/STM32WLxx_HAL_Driver/Src/stm32wlxx_hal_rcc.o
 .text.LL_RCC_HSE_EnableTcxo
                0x080020fc       0x1c ./Drivers/STM32WLxx_HAL_Driver/Src/stm32wlxx_hal_rcc.o
 .text.LL_RCC_HSE_DisableTcxo
                0x08002118       0x1c ./Drivers/STM32WLxx_HAL_Driver/Src/stm32wlxx_hal_rcc.o
 .text.LL_RCC_HSE_IsEnabledDiv2
                0x08002134       0x22 ./Drivers/STM32WLxx_HAL_Driver/Src/stm32wlxx_hal_rcc.o
 .text.LL_RCC_HSE_Enable
                0x08002156       0x1c ./Drivers/STM32WLxx_HAL_Driver/Src/stm32wlxx_hal_rcc.o
 .text.LL_RCC_HSE_Disable
                0x08002172       0x1c ./Drivers/STM32WLxx_HAL_Driver/Src/stm32wlxx_hal_rcc.o
 .text.LL_RCC_HSE_IsReady
                0x0800218e       0x22 ./Drivers/STM32WLxx_HAL_Driver/Src/stm32wlxx_hal_rcc.o
 .text.LL_RCC_HSI_Enable
                0x080021b0       0x1c ./Drivers/STM32WLxx_HAL_Driver/Src/stm32wlxx_hal_rcc.o
 .text.LL_RCC_HSI_Disable
                0x080021cc       0x1c ./Drivers/STM32WLxx_HAL_Driver/Src/stm32wlxx_hal_rcc.o
 .text.LL_RCC_HSI_IsReady
                0x080021e8       0x22 ./Drivers/STM32WLxx_HAL_Driver/Src/stm32wlxx_hal_rcc.o
 .text.LL_RCC_HSI_SetCalibTrimming
                0x0800220a       0x28 ./Drivers/STM32WLxx_HAL_Driver/Src/stm32wlxx_hal_rcc.o
 .text.LL_RCC_LSE_IsReady
                0x08002232       0x22 ./Drivers/STM32WLxx_HAL_Driver/Src/stm32wlxx_hal_rcc.o
 .text.LL_RCC_LSI_Enable
                0x08002254       0x20 ./Drivers/STM32WLxx_HAL_Driver/Src/stm32wlxx_hal_rcc.o
 .text.LL_RCC_LSI_Disable
                0x08002274       0x20 ./Drivers/STM32WLxx_HAL_Driver/Src/stm32wlxx_hal_rcc.o
 .text.LL_RCC_LSI_IsReady
                0x08002294       0x22 ./Drivers/STM32WLxx_HAL_Driver/Src/stm32wlxx_hal_rcc.o
 .text.LL_RCC_MSI_Enable
                0x080022b6       0x1c ./Drivers/STM32WLxx_HAL_Driver/Src/stm32wlxx_hal_rcc.o
 .text.LL_RCC_MSI_Disable
                0x080022d2       0x1c ./Drivers/STM32WLxx_HAL_Driver/Src/stm32wlxx_hal_rcc.o
 .text.LL_RCC_MSI_IsReady
                0x080022ee       0x20 ./Drivers/STM32WLxx_HAL_Driver/Src/stm32wlxx_hal_rcc.o
 .text.LL_RCC_MSI_IsEnabledRangeSelect
                0x0800230e       0x20 ./Drivers/STM32WLxx_HAL_Driver/Src/stm32wlxx_hal_rcc.o
 .text.LL_RCC_MSI_GetRange
                0x0800232e       0x16 ./Drivers/STM32WLxx_HAL_Driver/Src/stm32wlxx_hal_rcc.o
 .text.LL_RCC_MSI_GetRangeAfterStandby
                0x08002344       0x18 ./Drivers/STM32WLxx_HAL_Driver/Src/stm32wlxx_hal_rcc.o
 .text.LL_RCC_MSI_SetCalibTrimming
                0x0800235c       0x28 ./Drivers/STM32WLxx_HAL_Driver/Src/stm32wlxx_hal_rcc.o
 .text.LL_RCC_SetSysClkSource
                0x08002384       0x26 ./Drivers/STM32WLxx_HAL_Driver/Src/stm32wlxx_hal_rcc.o
 .text.LL_RCC_GetSysClkSource
                0x080023aa       0x16 ./Drivers/STM32WLxx_HAL_Driver/Src/stm32wlxx_hal_rcc.o
 .text.LL_RCC_SetAHBPrescaler
                0x080023c0       0x26 ./Drivers/STM32WLxx_HAL_Driver/Src/stm32wlxx_hal_rcc.o
 .text.LL_C2_RCC_SetAHBPrescaler
                0x080023e6       0x2a ./Drivers/STM32WLxx_HAL_Driver/Src/stm32wlxx_hal_rcc.o
 .text.LL_RCC_SetAHB3Prescaler
                0x08002410       0x2c ./Drivers/STM32WLxx_HAL_Driver/Src/stm32wlxx_hal_rcc.o
 .text.LL_RCC_SetAPB1Prescaler
                0x0800243c       0x26 ./Drivers/STM32WLxx_HAL_Driver/Src/stm32wlxx_hal_rcc.o
 .text.LL_RCC_SetAPB2Prescaler
                0x08002462       0x26 ./Drivers/STM32WLxx_HAL_Driver/Src/stm32wlxx_hal_rcc.o
 .text.LL_RCC_GetAHBPrescaler
                0x08002488       0x16 ./Drivers/STM32WLxx_HAL_Driver/Src/stm32wlxx_hal_rcc.o
 .text.LL_RCC_GetAHB3Prescaler
                0x0800249e       0x1a ./Drivers/STM32WLxx_HAL_Driver/Src/stm32wlxx_hal_rcc.o
 .text.LL_RCC_GetAPB1Prescaler
                0x080024b8       0x16 ./Drivers/STM32WLxx_HAL_Driver/Src/stm32wlxx_hal_rcc.o
 .text.LL_RCC_GetAPB2Prescaler
                0x080024ce       0x16 ./Drivers/STM32WLxx_HAL_Driver/Src/stm32wlxx_hal_rcc.o
 .text.LL_RCC_PLL_Enable
                0x080024e4       0x1c ./Drivers/STM32WLxx_HAL_Driver/Src/stm32wlxx_hal_rcc.o
 .text.LL_RCC_PLL_Disable
                0x08002500       0x1c ./Drivers/STM32WLxx_HAL_Driver/Src/stm32wlxx_hal_rcc.o
 .text.LL_RCC_PLL_IsReady
                0x0800251c       0x22 ./Drivers/STM32WLxx_HAL_Driver/Src/stm32wlxx_hal_rcc.o
 .text.LL_RCC_PLL_GetN
                0x0800253e       0x18 ./Drivers/STM32WLxx_HAL_Driver/Src/stm32wlxx_hal_rcc.o
 .text.LL_RCC_PLL_GetR
                0x08002556       0x16 ./Drivers/STM32WLxx_HAL_Driver/Src/stm32wlxx_hal_rcc.o
 .text.LL_RCC_PLL_GetDivider
                0x0800256c       0x16 ./Drivers/STM32WLxx_HAL_Driver/Src/stm32wlxx_hal_rcc.o
 .text.LL_RCC_PLL_GetMainSource
                0x08002582       0x16 ./Drivers/STM32WLxx_HAL_Driver/Src/stm32wlxx_hal_rcc.o
 .text.LL_RCC_IsActiveFlag_HPRE
                0x08002598       0x22 ./Drivers/STM32WLxx_HAL_Driver/Src/stm32wlxx_hal_rcc.o
 .text.LL_RCC_IsActiveFlag_C2HPRE
                0x080025ba       0x24 ./Drivers/STM32WLxx_HAL_Driver/Src/stm32wlxx_hal_rcc.o
 .text.LL_RCC_IsActiveFlag_SHDHPRE
                0x080025de       0x24 ./Drivers/STM32WLxx_HAL_Driver/Src/stm32wlxx_hal_rcc.o
 .text.LL_RCC_IsActiveFlag_PPRE1
                0x08002602       0x22 ./Drivers/STM32WLxx_HAL_Driver/Src/stm32wlxx_hal_rcc.o
 .text.LL_RCC_IsActiveFlag_PPRE2
                0x08002624       0x22 ./Drivers/STM32WLxx_HAL_Driver/Src/stm32wlxx_hal_rcc.o
 *fill*         0x08002646        0x2 
 .text.HAL_RCC_OscConfig
                0x08002648      0x704 ./Drivers/STM32WLxx_HAL_Driver/Src/stm32wlxx_hal_rcc.o
                0x08002648                HAL_RCC_OscConfig
 .text.HAL_RCC_ClockConfig
                0x08002d4c      0x284 ./Drivers/STM32WLxx_HAL_Driver/Src/stm32wlxx_hal_rcc.o
                0x08002d4c                HAL_RCC_ClockConfig
 .text.HAL_RCC_GetSysClockFreq
                0x08002fd0      0x140 ./Drivers/STM32WLxx_HAL_Driver/Src/stm32wlxx_hal_rcc.o
                0x08002fd0                HAL_RCC_GetSysClockFreq
 .text.HAL_RCC_GetHCLKFreq
                0x08003110       0x28 ./Drivers/STM32WLxx_HAL_Driver/Src/stm32wlxx_hal_rcc.o
                0x08003110                HAL_RCC_GetHCLKFreq
 .text.HAL_RCC_GetPCLK1Freq
                0x08003138       0x24 ./Drivers/STM32WLxx_HAL_Driver/Src/stm32wlxx_hal_rcc.o
                0x08003138                HAL_RCC_GetPCLK1Freq
 .text.HAL_RCC_GetPCLK2Freq
                0x0800315c       0x24 ./Drivers/STM32WLxx_HAL_Driver/Src/stm32wlxx_hal_rcc.o
                0x0800315c                HAL_RCC_GetPCLK2Freq
 .text.RCC_SetFlashLatencyFromMSIRange
                0x08003180       0x60 ./Drivers/STM32WLxx_HAL_Driver/Src/stm32wlxx_hal_rcc.o
 .text.RCC_SetFlashLatency
                0x080031e0      0x104 ./Drivers/STM32WLxx_HAL_Driver/Src/stm32wlxx_hal_rcc.o
 .text.LL_RCC_LSE_IsReady
                0x080032e4       0x22 ./Drivers/STM32WLxx_HAL_Driver/Src/stm32wlxx_hal_rcc_ex.o
 .text.LL_RCC_SetUSARTClockSource
                0x08003306       0x30 ./Drivers/STM32WLxx_HAL_Driver/Src/stm32wlxx_hal_rcc_ex.o
 .text.LL_RCC_SetI2SClockSource
                0x08003336       0x2a ./Drivers/STM32WLxx_HAL_Driver/Src/stm32wlxx_hal_rcc_ex.o
 .text.LL_RCC_SetLPUARTClockSource
                0x08003360       0x2a ./Drivers/STM32WLxx_HAL_Driver/Src/stm32wlxx_hal_rcc_ex.o
 .text.LL_RCC_SetI2CClockSource
                0x0800338a       0x38 ./Drivers/STM32WLxx_HAL_Driver/Src/stm32wlxx_hal_rcc_ex.o
 .text.LL_RCC_SetLPTIMClockSource
                0x080033c2       0x32 ./Drivers/STM32WLxx_HAL_Driver/Src/stm32wlxx_hal_rcc_ex.o
 .text.LL_RCC_SetRNGClockSource
                0x080033f4       0x2a ./Drivers/STM32WLxx_HAL_Driver/Src/stm32wlxx_hal_rcc_ex.o
 .text.LL_RCC_SetADCClockSource
                0x0800341e       0x2a ./Drivers/STM32WLxx_HAL_Driver/Src/stm32wlxx_hal_rcc_ex.o
 .text.LL_RCC_SetRTCClockSource
                0x08003448       0x2a ./Drivers/STM32WLxx_HAL_Driver/Src/stm32wlxx_hal_rcc_ex.o
 .text.LL_RCC_GetRTCClockSource
                0x08003472       0x18 ./Drivers/STM32WLxx_HAL_Driver/Src/stm32wlxx_hal_rcc_ex.o
 .text.LL_RCC_ForceBackupDomainReset
                0x0800348a       0x20 ./Drivers/STM32WLxx_HAL_Driver/Src/stm32wlxx_hal_rcc_ex.o
 .text.LL_RCC_ReleaseBackupDomainReset
                0x080034aa       0x20 ./Drivers/STM32WLxx_HAL_Driver/Src/stm32wlxx_hal_rcc_ex.o
 *fill*         0x080034ca        0x2 
 .text.HAL_RCCEx_PeriphCLKConfig
                0x080034cc      0x234 ./Drivers/STM32WLxx_HAL_Driver/Src/stm32wlxx_hal_rcc_ex.o
                0x080034cc                HAL_RCCEx_PeriphCLKConfig
 .text.LL_PWR_SetRadioBusyTrigger
                0x08003700       0x28 ./Drivers/STM32WLxx_HAL_Driver/Src/stm32wlxx_hal_subghz.o
 .text.LL_PWR_UnselectSUBGHZSPI_NSS
                0x08003728       0x20 ./Drivers/STM32WLxx_HAL_Driver/Src/stm32wlxx_hal_subghz.o
 .text.LL_PWR_SelectSUBGHZSPI_NSS
                0x08003748       0x20 ./Drivers/STM32WLxx_HAL_Driver/Src/stm32wlxx_hal_subghz.o
 .text.LL_PWR_ClearFlag_RFBUSY
                0x08003768       0x18 ./Drivers/STM32WLxx_HAL_Driver/Src/stm32wlxx_hal_subghz.o
 .text.LL_PWR_IsActiveFlag_RFBUSYS
                0x08003780       0x24 ./Drivers/STM32WLxx_HAL_Driver/Src/stm32wlxx_hal_subghz.o
 .text.LL_PWR_IsActiveFlag_RFBUSYMS
                0x080037a4       0x24 ./Drivers/STM32WLxx_HAL_Driver/Src/stm32wlxx_hal_subghz.o
 .text.LL_RCC_RF_DisableReset
                0x080037c8       0x20 ./Drivers/STM32WLxx_HAL_Driver/Src/stm32wlxx_hal_subghz.o
 .text.LL_RCC_IsRFUnderReset
                0x080037e8       0x24 ./Drivers/STM32WLxx_HAL_Driver/Src/stm32wlxx_hal_subghz.o
 .text.LL_EXTI_EnableIT_32_63
                0x0800380c       0x28 ./Drivers/STM32WLxx_HAL_Driver/Src/stm32wlxx_hal_subghz.o
 .text.HAL_SUBGHZ_Init
                0x08003834       0xc8 ./Drivers/STM32WLxx_HAL_Driver/Src/stm32wlxx_hal_subghz.o
                0x08003834                HAL_SUBGHZ_Init
 .text.HAL_SUBGHZ_WriteRegisters
                0x080038fc       0xbe ./Drivers/STM32WLxx_HAL_Driver/Src/stm32wlxx_hal_subghz.o
                0x080038fc                HAL_SUBGHZ_WriteRegisters
 .text.HAL_SUBGHZ_ReadRegisters
                0x080039ba       0xc2 ./Drivers/STM32WLxx_HAL_Driver/Src/stm32wlxx_hal_subghz.o
                0x080039ba                HAL_SUBGHZ_ReadRegisters
 .text.HAL_SUBGHZ_ExecSetCmd
                0x08003a7c       0xbe ./Drivers/STM32WLxx_HAL_Driver/Src/stm32wlxx_hal_subghz.o
                0x08003a7c                HAL_SUBGHZ_ExecSetCmd
 .text.HAL_SUBGHZ_ExecGetCmd
                0x08003b3a       0xa8 ./Drivers/STM32WLxx_HAL_Driver/Src/stm32wlxx_hal_subghz.o
                0x08003b3a                HAL_SUBGHZ_ExecGetCmd
 .text.HAL_SUBGHZ_WriteBuffer
                0x08003be2       0xa6 ./Drivers/STM32WLxx_HAL_Driver/Src/stm32wlxx_hal_subghz.o
                0x08003be2                HAL_SUBGHZ_WriteBuffer
 .text.HAL_SUBGHZ_ReadBuffer
                0x08003c88       0xb0 ./Drivers/STM32WLxx_HAL_Driver/Src/stm32wlxx_hal_subghz.o
                0x08003c88                HAL_SUBGHZ_ReadBuffer
 .text.HAL_SUBGHZ_IRQHandler
                0x08003d38      0x104 ./Drivers/STM32WLxx_HAL_Driver/Src/stm32wlxx_hal_subghz.o
                0x08003d38                HAL_SUBGHZ_IRQHandler
 .text.SUBGHZSPI_Init
                0x08003e3c       0x40 ./Drivers/STM32WLxx_HAL_Driver/Src/stm32wlxx_hal_subghz.o
                0x08003e3c                SUBGHZSPI_Init
 .text.SUBGHZSPI_Transmit
                0x08003e7c       0xac ./Drivers/STM32WLxx_HAL_Driver/Src/stm32wlxx_hal_subghz.o
                0x08003e7c                SUBGHZSPI_Transmit
 .text.SUBGHZSPI_Receive
                0x08003f28       0xb0 ./Drivers/STM32WLxx_HAL_Driver/Src/stm32wlxx_hal_subghz.o
                0x08003f28                SUBGHZSPI_Receive
 .text.SUBGHZ_CheckDeviceReady
                0x08003fd8       0x48 ./Drivers/STM32WLxx_HAL_Driver/Src/stm32wlxx_hal_subghz.o
                0x08003fd8                SUBGHZ_CheckDeviceReady
 .text.SUBGHZ_WaitOnBusy
                0x08004020       0x5c ./Drivers/STM32WLxx_HAL_Driver/Src/stm32wlxx_hal_subghz.o
                0x08004020                SUBGHZ_WaitOnBusy
 .text.LL_RCC_GetUSARTClockSource
                0x0800407c       0x24 ./Drivers/STM32WLxx_HAL_Driver/Src/stm32wlxx_hal_uart.o
 .text.LL_RCC_GetLPUARTClockSource
                0x080040a0       0x1e ./Drivers/STM32WLxx_HAL_Driver/Src/stm32wlxx_hal_uart.o
 .text.HAL_UART_Init
                0x080040be       0xa0 ./Drivers/STM32WLxx_HAL_Driver/Src/stm32wlxx_hal_uart.o
                0x080040be                HAL_UART_Init
 .text.HAL_UART_Transmit
                0x0800415e      0x10c ./Drivers/STM32WLxx_HAL_Driver/Src/stm32wlxx_hal_uart.o
                0x0800415e                HAL_UART_Transmit
 *fill*         0x0800426a        0x2 
 .text.UART_SetConfig
                0x0800426c      0x4e8 ./Drivers/STM32WLxx_HAL_Driver/Src/stm32wlxx_hal_uart.o
                0x0800426c                UART_SetConfig
 .text.UART_AdvFeatureConfig
                0x08004754      0x142 ./Drivers/STM32WLxx_HAL_Driver/Src/stm32wlxx_hal_uart.o
                0x08004754                UART_AdvFeatureConfig
 .text.UART_CheckIdleState
                0x08004896       0x9c ./Drivers/STM32WLxx_HAL_Driver/Src/stm32wlxx_hal_uart.o
                0x08004896                UART_CheckIdleState
 .text.UART_WaitOnFlagUntilTimeout
                0x08004932      0x19c ./Drivers/STM32WLxx_HAL_Driver/Src/stm32wlxx_hal_uart.o
                0x08004932                UART_WaitOnFlagUntilTimeout
 .text.HAL_UARTEx_DisableFifoMode
                0x08004ace       0x70 ./Drivers/STM32WLxx_HAL_Driver/Src/stm32wlxx_hal_uart_ex.o
                0x08004ace                HAL_UARTEx_DisableFifoMode
 .text.HAL_UARTEx_SetTxFifoThreshold
                0x08004b3e       0x7c ./Drivers/STM32WLxx_HAL_Driver/Src/stm32wlxx_hal_uart_ex.o
                0x08004b3e                HAL_UARTEx_SetTxFifoThreshold
 .text.HAL_UARTEx_SetRxFifoThreshold
                0x08004bba       0x7c ./Drivers/STM32WLxx_HAL_Driver/Src/stm32wlxx_hal_uart_ex.o
                0x08004bba                HAL_UARTEx_SetRxFifoThreshold
 *fill*         0x08004c36        0x2 
 .text.UARTEx_SetNbDataToProcess
                0x08004c38       0x98 ./Drivers/STM32WLxx_HAL_Driver/Src/stm32wlxx_hal_uart_ex.o
 .text.setStateMode
                0x08004cd0       0x2a ./LoRaWizard/LoRaConf.o
                0x08004cd0                setStateMode
 *fill*         0x08004cfa        0x2 
 .text.getDefaultLoRaConfig
                0x08004cfc       0x20 ./LoRaWizard/LoRaConf.o
                0x08004cfc                getDefaultLoRaConfig
 .text.LoraInit
                0x08004d1c       0xf0 ./LoRaWizard/LoRaConf.o
                0x08004d1c                LoraInit
 .text.RadioOnDioIrq
                0x08004e0c       0x28 ./LoRaWizard/LoRaEvents.o
                0x08004e0c                RadioOnDioIrq
 .text.LoRaEventHandler
                0x08004e34       0x46 ./LoRaWizard/LoRaEvents.o
                0x08004e34                LoRaEventHandler
 *fill*         0x08004e7a        0x2 
 .text.getLastLoRaEvent
                0x08004e7c       0x18 ./LoRaWizard/LoRaEvents.o
                0x08004e7c                getLastLoRaEvent
 .text.SendMessage
                0x08004e94       0x88 ./LoRaWizard/LoRaMessageHandler.o
                0x08004e94                SendMessage
 .text.receiveMessage
                0x08004f1c       0x78 ./LoRaWizard/LoRaMessageHandler.o
                0x08004f1c                receiveMessage
 .text.transitionRxDone
                0x08004f94       0x8c ./LoRaWizard/mainLoRa.o
                0x08004f94                transitionRxDone
 .text.mainLoRa
                0x08005020      0x1f0 ./LoRaWizard/mainLoRa.o
                0x08005020                mainLoRa
 .text.UTIL_MEM_set_8
                0x08005210       0x36 ./Utils/misc/stm32_mem.o
                0x08005210                UTIL_MEM_set_8
 *fill*         0x08005246        0x2 
 .text.sprintf  0x08005248       0x40 C:/ST/STM32CubeIDE_1.17.0/STM32CubeIDE/plugins/com.st.stm32cube.ide.mcu.externaltools.gnu-tools-for-stm32.12.3.rel1.win32_1.1.0.202410251130/tools/bin/../lib/gcc/arm-none-eabi/12.3.1/../../../../arm-none-eabi/lib/thumb/v7e-m/nofp\libc_nano.a(libc_a-sprintf.o)
                0x08005248                siprintf
                0x08005248                sprintf
 .text.memset   0x08005288       0x10 C:/ST/STM32CubeIDE_1.17.0/STM32CubeIDE/plugins/com.st.stm32cube.ide.mcu.externaltools.gnu-tools-for-stm32.12.3.rel1.win32_1.1.0.202410251130/tools/bin/../lib/gcc/arm-none-eabi/12.3.1/../../../../arm-none-eabi/lib/thumb/v7e-m/nofp\libc_nano.a(libc_a-memset.o)
                0x08005288                memset
 .text.__errno  0x08005298        0xc C:/ST/STM32CubeIDE_1.17.0/STM32CubeIDE/plugins/com.st.stm32cube.ide.mcu.externaltools.gnu-tools-for-stm32.12.3.rel1.win32_1.1.0.202410251130/tools/bin/../lib/gcc/arm-none-eabi/12.3.1/../../../../arm-none-eabi/lib/thumb/v7e-m/nofp\libc_nano.a(libc_a-errno.o)
                0x08005298                __errno
 .text.__libc_init_array
                0x080052a4       0x48 C:/ST/STM32CubeIDE_1.17.0/STM32CubeIDE/plugins/com.st.stm32cube.ide.mcu.externaltools.gnu-tools-for-stm32.12.3.rel1.win32_1.1.0.202410251130/tools/bin/../lib/gcc/arm-none-eabi/12.3.1/../../../../arm-none-eabi/lib/thumb/v7e-m/nofp\libc_nano.a(libc_a-init.o)
                0x080052a4                __libc_init_array
 .text.__retarget_lock_acquire_recursive
                0x080052ec        0x2 C:/ST/STM32CubeIDE_1.17.0/STM32CubeIDE/plugins/com.st.stm32cube.ide.mcu.externaltools.gnu-tools-for-stm32.12.3.rel1.win32_1.1.0.202410251130/tools/bin/../lib/gcc/arm-none-eabi/12.3.1/../../../../arm-none-eabi/lib/thumb/v7e-m/nofp\libc_nano.a(libc_a-lock.o)
                0x080052ec                __retarget_lock_acquire_recursive
 .text.__retarget_lock_release_recursive
                0x080052ee        0x2 C:/ST/STM32CubeIDE_1.17.0/STM32CubeIDE/plugins/com.st.stm32cube.ide.mcu.externaltools.gnu-tools-for-stm32.12.3.rel1.win32_1.1.0.202410251130/tools/bin/../lib/gcc/arm-none-eabi/12.3.1/../../../../arm-none-eabi/lib/thumb/v7e-m/nofp\libc_nano.a(libc_a-lock.o)
                0x080052ee                __retarget_lock_release_recursive
 .text._free_r  0x080052f0       0x94 C:/ST/STM32CubeIDE_1.17.0/STM32CubeIDE/plugins/com.st.stm32cube.ide.mcu.externaltools.gnu-tools-for-stm32.12.3.rel1.win32_1.1.0.202410251130/tools/bin/../lib/gcc/arm-none-eabi/12.3.1/../../../../arm-none-eabi/lib/thumb/v7e-m/nofp\libc_nano.a(libc_a-freer.o)
                0x080052f0                _free_r
 .text.sbrk_aligned
                0x08005384       0x44 C:/ST/STM32CubeIDE_1.17.0/STM32CubeIDE/plugins/com.st.stm32cube.ide.mcu.externaltools.gnu-tools-for-stm32.12.3.rel1.win32_1.1.0.202410251130/tools/bin/../lib/gcc/arm-none-eabi/12.3.1/../../../../arm-none-eabi/lib/thumb/v7e-m/nofp\libc_nano.a(libc_a-mallocr.o)
 .text._malloc_r
                0x080053c8      0x100 C:/ST/STM32CubeIDE_1.17.0/STM32CubeIDE/plugins/com.st.stm32cube.ide.mcu.externaltools.gnu-tools-for-stm32.12.3.rel1.win32_1.1.0.202410251130/tools/bin/../lib/gcc/arm-none-eabi/12.3.1/../../../../arm-none-eabi/lib/thumb/v7e-m/nofp\libc_nano.a(libc_a-mallocr.o)
                0x080053c8                _malloc_r
 .text.__malloc_lock
                0x080054c8        0xc C:/ST/STM32CubeIDE_1.17.0/STM32CubeIDE/plugins/com.st.stm32cube.ide.mcu.externaltools.gnu-tools-for-stm32.12.3.rel1.win32_1.1.0.202410251130/tools/bin/../lib/gcc/arm-none-eabi/12.3.1/../../../../arm-none-eabi/lib/thumb/v7e-m/nofp\libc_nano.a(libc_a-mlock.o)
                0x080054c8                __malloc_lock
 .text.__malloc_unlock
                0x080054d4        0xc C:/ST/STM32CubeIDE_1.17.0/STM32CubeIDE/plugins/com.st.stm32cube.ide.mcu.externaltools.gnu-tools-for-stm32.12.3.rel1.win32_1.1.0.202410251130/tools/bin/../lib/gcc/arm-none-eabi/12.3.1/../../../../arm-none-eabi/lib/thumb/v7e-m/nofp\libc_nano.a(libc_a-mlock.o)
                0x080054d4                __malloc_unlock
 .text.__ssputs_r
                0x080054e0       0xb6 C:/ST/STM32CubeIDE_1.17.0/STM32CubeIDE/plugins/com.st.stm32cube.ide.mcu.externaltools.gnu-tools-for-stm32.12.3.rel1.win32_1.1.0.202410251130/tools/bin/../lib/gcc/arm-none-eabi/12.3.1/../../../../arm-none-eabi/lib/thumb/v7e-m/nofp\libc_nano.a(libc_a-nano-svfprintf.o)
                0x080054e0                __ssputs_r
 *fill*         0x08005596        0x2 
 .text._svfprintf_r
                0x08005598      0x1f8 C:/ST/STM32CubeIDE_1.17.0/STM32CubeIDE/plugins/com.st.stm32cube.ide.mcu.externaltools.gnu-tools-for-stm32.12.3.rel1.win32_1.1.0.202410251130/tools/bin/../lib/gcc/arm-none-eabi/12.3.1/../../../../arm-none-eabi/lib/thumb/v7e-m/nofp\libc_nano.a(libc_a-nano-svfprintf.o)
                0x08005598                _svfiprintf_r
                0x08005598                _svfprintf_r
 .text._printf_common
                0x08005790       0xda C:/ST/STM32CubeIDE_1.17.0/STM32CubeIDE/plugins/com.st.stm32cube.ide.mcu.externaltools.gnu-tools-for-stm32.12.3.rel1.win32_1.1.0.202410251130/tools/bin/../lib/gcc/arm-none-eabi/12.3.1/../../../../arm-none-eabi/lib/thumb/v7e-m/nofp\libc_nano.a(libc_a-nano-vfprintf_i.o)
                0x08005790                _printf_common
 *fill*         0x0800586a        0x2 
 .text._printf_i
                0x0800586c      0x240 C:/ST/STM32CubeIDE_1.17.0/STM32CubeIDE/plugins/com.st.stm32cube.ide.mcu.externaltools.gnu-tools-for-stm32.12.3.rel1.win32_1.1.0.202410251130/tools/bin/../lib/gcc/arm-none-eabi/12.3.1/../../../../arm-none-eabi/lib/thumb/v7e-m/nofp\libc_nano.a(libc_a-nano-vfprintf_i.o)
                0x0800586c                _printf_i
 .text.memmove  0x08005aac       0x34 C:/ST/STM32CubeIDE_1.17.0/STM32CubeIDE/plugins/com.st.stm32cube.ide.mcu.externaltools.gnu-tools-for-stm32.12.3.rel1.win32_1.1.0.202410251130/tools/bin/../lib/gcc/arm-none-eabi/12.3.1/../../../../arm-none-eabi/lib/thumb/v7e-m/nofp\libc_nano.a(libc_a-memmove.o)
                0x08005aac                memmove
 .text._sbrk_r  0x08005ae0       0x20 C:/ST/STM32CubeIDE_1.17.0/STM32CubeIDE/plugins/com.st.stm32cube.ide.mcu.externaltools.gnu-tools-for-stm32.12.3.rel1.win32_1.1.0.202410251130/tools/bin/../lib/gcc/arm-none-eabi/12.3.1/../../../../arm-none-eabi/lib/thumb/v7e-m/nofp\libc_nano.a(libc_a-sbrkr.o)
                0x08005ae0                _sbrk_r
 .text.memcpy   0x08005b00       0x1c C:/ST/STM32CubeIDE_1.17.0/STM32CubeIDE/plugins/com.st.stm32cube.ide.mcu.externaltools.gnu-tools-for-stm32.12.3.rel1.win32_1.1.0.202410251130/tools/bin/../lib/gcc/arm-none-eabi/12.3.1/../../../../arm-none-eabi/lib/thumb/v7e-m/nofp\libc_nano.a(libc_a-memcpy-stub.o)
                0x08005b00                memcpy
 .text._realloc_r
                0x08005b1c       0x5c C:/ST/STM32CubeIDE_1.17.0/STM32CubeIDE/plugins/com.st.stm32cube.ide.mcu.externaltools.gnu-tools-for-stm32.12.3.rel1.win32_1.1.0.202410251130/tools/bin/../lib/gcc/arm-none-eabi/12.3.1/../../../../arm-none-eabi/lib/thumb/v7e-m/nofp\libc_nano.a(libc_a-reallocr.o)
                0x08005b1c                _realloc_r
 .text._malloc_usable_size_r
                0x08005b78       0x10 C:/ST/STM32CubeIDE_1.17.0/STM32CubeIDE/plugins/com.st.stm32cube.ide.mcu.externaltools.gnu-tools-for-stm32.12.3.rel1.win32_1.1.0.202410251130/tools/bin/../lib/gcc/arm-none-eabi/12.3.1/../../../../arm-none-eabi/lib/thumb/v7e-m/nofp\libc_nano.a(libc_a-msizer.o)
                0x08005b78                _malloc_usable_size_r
 *(.glue_7)
 .glue_7        0x08005b88        0x0 linker stubs
 *(.glue_7t)
 .glue_7t       0x08005b88        0x0 linker stubs
 *(.eh_frame)
 .eh_frame      0x08005b88        0x0 C:/ST/STM32CubeIDE_1.17.0/STM32CubeIDE/plugins/com.st.stm32cube.ide.mcu.externaltools.gnu-tools-for-stm32.12.3.rel1.win32_1.1.0.202410251130/tools/bin/../lib/gcc/arm-none-eabi/12.3.1/thumb/v7e-m/nofp/crtbegin.o
 *(.init)
 .init          0x08005b88        0x4 C:/ST/STM32CubeIDE_1.17.0/STM32CubeIDE/plugins/com.st.stm32cube.ide.mcu.externaltools.gnu-tools-for-stm32.12.3.rel1.win32_1.1.0.202410251130/tools/bin/../lib/gcc/arm-none-eabi/12.3.1/thumb/v7e-m/nofp/crti.o
                0x08005b88                _init
 .init          0x08005b8c        0x8 C:/ST/STM32CubeIDE_1.17.0/STM32CubeIDE/plugins/com.st.stm32cube.ide.mcu.externaltools.gnu-tools-for-stm32.12.3.rel1.win32_1.1.0.202410251130/tools/bin/../lib/gcc/arm-none-eabi/12.3.1/thumb/v7e-m/nofp/crtn.o
 *(.fini)
 .fini          0x08005b94        0x4 C:/ST/STM32CubeIDE_1.17.0/STM32CubeIDE/plugins/com.st.stm32cube.ide.mcu.externaltools.gnu-tools-for-stm32.12.3.rel1.win32_1.1.0.202410251130/tools/bin/../lib/gcc/arm-none-eabi/12.3.1/thumb/v7e-m/nofp/crti.o
                0x08005b94                _fini
 .fini          0x08005b98        0x8 C:/ST/STM32CubeIDE_1.17.0/STM32CubeIDE/plugins/com.st.stm32cube.ide.mcu.externaltools.gnu-tools-for-stm32.12.3.rel1.win32_1.1.0.202410251130/tools/bin/../lib/gcc/arm-none-eabi/12.3.1/thumb/v7e-m/nofp/crtn.o
                0x08005ba0                        . = ALIGN (0x4)
                0x08005ba0                        _etext = .

.vfp11_veneer   0x08005ba0        0x0
 .vfp11_veneer  0x08005ba0        0x0 linker stubs

.v4_bx          0x08005ba0        0x0
 .v4_bx         0x08005ba0        0x0 linker stubs

.iplt           0x08005ba0        0x0
 .iplt          0x08005ba0        0x0 C:/ST/STM32CubeIDE_1.17.0/STM32CubeIDE/plugins/com.st.stm32cube.ide.mcu.externaltools.gnu-tools-for-stm32.12.3.rel1.win32_1.1.0.202410251130/tools/bin/../lib/gcc/arm-none-eabi/12.3.1/thumb/v7e-m/nofp/crtbegin.o

.rodata         0x08005ba0      0x1ec
                0x08005ba0                        . = ALIGN (0x4)
 *(.rodata)
 .rodata        0x08005ba0       0x11 ./Drivers/Radio/radio_driver.o
 *fill*         0x08005bb1        0x3 
 .rodata        0x08005bb4       0x1c ./Drivers/STM32WLxx_HAL_Driver/Src/stm32wlxx_hal_rcc.o
 .rodata        0x08005bd0        0xc ./LoRaWizard/LoRaConf.o
 .rodata        0x08005bdc       0xb0 ./LoRaWizard/mainLoRa.o
 *(.rodata*)
 .rodata.AHBPrescTable
                0x08005c8c       0x40 ./Core/Src/system_stm32wlxx.o
                0x08005c8c                AHBPrescTable
 .rodata.APBPrescTable
                0x08005ccc       0x20 ./Core/Src/system_stm32wlxx.o
                0x08005ccc                APBPrescTable
 .rodata.MSIRangeTable
                0x08005cec       0x40 ./Core/Src/system_stm32wlxx.o
                0x08005cec                MSIRangeTable
 .rodata.UARTPrescTable
                0x08005d2c       0x18 ./Drivers/STM32WLxx_HAL_Driver/Src/stm32wlxx_hal_uart.o
                0x08005d2c                UARTPrescTable
 .rodata.numerator.1
                0x08005d44        0x8 ./Drivers/STM32WLxx_HAL_Driver/Src/stm32wlxx_hal_uart_ex.o
 .rodata.denominator.0
                0x08005d4c        0x8 ./Drivers/STM32WLxx_HAL_Driver/Src/stm32wlxx_hal_uart_ex.o
 .rodata.Bandwidths
                0x08005d54        0x3 ./LoRaWizard/LoRaConf.o
                0x08005d54                Bandwidths
 .rodata._svfprintf_r.str1.1
                0x08005d57       0x11 C:/ST/STM32CubeIDE_1.17.0/STM32CubeIDE/plugins/com.st.stm32cube.ide.mcu.externaltools.gnu-tools-for-stm32.12.3.rel1.win32_1.1.0.202410251130/tools/bin/../lib/gcc/arm-none-eabi/12.3.1/../../../../arm-none-eabi/lib/thumb/v7e-m/nofp\libc_nano.a(libc_a-nano-svfprintf.o)
 .rodata._printf_i.str1.1
                0x08005d68       0x22 C:/ST/STM32CubeIDE_1.17.0/STM32CubeIDE/plugins/com.st.stm32cube.ide.mcu.externaltools.gnu-tools-for-stm32.12.3.rel1.win32_1.1.0.202410251130/tools/bin/../lib/gcc/arm-none-eabi/12.3.1/../../../../arm-none-eabi/lib/thumb/v7e-m/nofp\libc_nano.a(libc_a-nano-vfprintf_i.o)
                0x08005d8c                        . = ALIGN (0x4)
 *fill*         0x08005d8a        0x2 

.ARM.extab      0x08005d8c        0x0
                0x08005d8c                        . = ALIGN (0x4)
 *(.ARM.extab* .gnu.linkonce.armextab.*)
                0x08005d8c                        . = ALIGN (0x4)

.ARM            0x08005d8c        0x8
                0x08005d8c                        . = ALIGN (0x4)
                0x08005d8c                        __exidx_start = .
 *(.ARM.exidx*)
 .ARM.exidx     0x08005d8c        0x8 C:/ST/STM32CubeIDE_1.17.0/STM32CubeIDE/plugins/com.st.stm32cube.ide.mcu.externaltools.gnu-tools-for-stm32.12.3.rel1.win32_1.1.0.202410251130/tools/bin/../lib/gcc/arm-none-eabi/12.3.1/../../../../arm-none-eabi/lib/thumb/v7e-m/nofp\libc_nano.a(libc_a-strlen.o)
 .ARM.exidx     0x08005d94        0x0 C:/ST/STM32CubeIDE_1.17.0/STM32CubeIDE/plugins/com.st.stm32cube.ide.mcu.externaltools.gnu-tools-for-stm32.12.3.rel1.win32_1.1.0.202410251130/tools/bin/../lib/gcc/arm-none-eabi/12.3.1/../../../../arm-none-eabi/lib/thumb/v7e-m/nofp\libc_nano.a(libc_a-memchr.o)
                                  0x8 (size before relaxing)
 .ARM.exidx     0x08005d94        0x0 C:/ST/STM32CubeIDE_1.17.0/STM32CubeIDE/plugins/com.st.stm32cube.ide.mcu.externaltools.gnu-tools-for-stm32.12.3.rel1.win32_1.1.0.202410251130/tools/bin/../lib/gcc/arm-none-eabi/12.3.1/thumb/v7e-m/nofp\libgcc.a(_udivmoddi4.o)
                                  0x8 (size before relaxing)
                0x08005d94                        __exidx_end = .
                0x08005d94                        . = ALIGN (0x4)

.preinit_array  0x08005d94        0x0
                0x08005d94                        . = ALIGN (0x4)
                0x08005d94                        PROVIDE (__preinit_array_start = .)
 *(.preinit_array*)
                0x08005d94                        PROVIDE (__preinit_array_end = .)
                0x08005d94                        . = ALIGN (0x4)

.init_array     0x08005d94        0x4
                0x08005d94                        . = ALIGN (0x4)
                0x08005d94                        PROVIDE (__init_array_start = .)
 *(SORT_BY_NAME(.init_array.*))
 *(.init_array*)
 .init_array    0x08005d94        0x4 C:/ST/STM32CubeIDE_1.17.0/STM32CubeIDE/plugins/com.st.stm32cube.ide.mcu.externaltools.gnu-tools-for-stm32.12.3.rel1.win32_1.1.0.202410251130/tools/bin/../lib/gcc/arm-none-eabi/12.3.1/thumb/v7e-m/nofp/crtbegin.o
                0x08005d98                        PROVIDE (__init_array_end = .)
                0x08005d98                        . = ALIGN (0x4)

.fini_array     0x08005d98        0x4
                0x08005d98                        . = ALIGN (0x4)
                [!provide]                        PROVIDE (__fini_array_start = .)
 *(SORT_BY_NAME(.fini_array.*))
 *(.fini_array*)
 .fini_array    0x08005d98        0x4 C:/ST/STM32CubeIDE_1.17.0/STM32CubeIDE/plugins/com.st.stm32cube.ide.mcu.externaltools.gnu-tools-for-stm32.12.3.rel1.win32_1.1.0.202410251130/tools/bin/../lib/gcc/arm-none-eabi/12.3.1/thumb/v7e-m/nofp/crtbegin.o
                [!provide]                        PROVIDE (__fini_array_end = .)
                0x08005d9c                        . = ALIGN (0x4)
                0x08005d9c                        _sidata = LOADADDR (.data)

.rel.dyn        0x08005d9c        0x0
 .rel.iplt      0x08005d9c        0x0 C:/ST/STM32CubeIDE_1.17.0/STM32CubeIDE/plugins/com.st.stm32cube.ide.mcu.externaltools.gnu-tools-for-stm32.12.3.rel1.win32_1.1.0.202410251130/tools/bin/../lib/gcc/arm-none-eabi/12.3.1/thumb/v7e-m/nofp/crtbegin.o

.data           0x20000000       0x5c load address 0x08005d9c
                0x20000000                        . = ALIGN (0x4)
                0x20000000                        _sdata = .
 *(.data)
 *(.data*)
 .data.SystemCoreClock
                0x20000000        0x4 ./Core/Src/system_stm32wlxx.o
                0x20000000                SystemCoreClock
 .data.uwTickPrio
                0x20000004        0x4 ./Drivers/STM32WLxx_HAL_Driver/Src/stm32wlxx_hal.o
                0x20000004                uwTickPrio
 .data.uwTickFreq
                0x20000008        0x1 ./Drivers/STM32WLxx_HAL_Driver/Src/stm32wlxx_hal.o
                0x20000008                uwTickFreq
 .data.lastEventStatus
                0x20000009        0x1 ./LoRaWizard/LoRaEvents.o
                0x20000009                lastEventStatus
 *fill*         0x2000000a        0x2 
 .data._impure_ptr
                0x2000000c        0x4 C:/ST/STM32CubeIDE_1.17.0/STM32CubeIDE/plugins/com.st.stm32cube.ide.mcu.externaltools.gnu-tools-for-stm32.12.3.rel1.win32_1.1.0.202410251130/tools/bin/../lib/gcc/arm-none-eabi/12.3.1/../../../../arm-none-eabi/lib/thumb/v7e-m/nofp\libc_nano.a(libc_a-impure.o)
                0x2000000c                _impure_ptr
 .data._impure_data
                0x20000010       0x4c C:/ST/STM32CubeIDE_1.17.0/STM32CubeIDE/plugins/com.st.stm32cube.ide.mcu.externaltools.gnu-tools-for-stm32.12.3.rel1.win32_1.1.0.202410251130/tools/bin/../lib/gcc/arm-none-eabi/12.3.1/../../../../arm-none-eabi/lib/thumb/v7e-m/nofp\libc_nano.a(libc_a-impure.o)
                0x20000010                _impure_data
 *(.RamFunc)
 *(.RamFunc*)
                0x2000005c                        . = ALIGN (0x4)
                0x2000005c                        _edata = .

.igot.plt       0x2000005c        0x0 load address 0x08005df8
 .igot.plt      0x2000005c        0x0 C:/ST/STM32CubeIDE_1.17.0/STM32CubeIDE/plugins/com.st.stm32cube.ide.mcu.externaltools.gnu-tools-for-stm32.12.3.rel1.win32_1.1.0.202410251130/tools/bin/../lib/gcc/arm-none-eabi/12.3.1/thumb/v7e-m/nofp/crtbegin.o
                0x2000005c                        . = ALIGN (0x4)

.bss            0x2000005c      0x230 load address 0x08005df8
                0x2000005c                        _sbss = .
                0x2000005c                        __bss_start__ = _sbss
 *(.bss)
 .bss           0x2000005c       0x1c C:/ST/STM32CubeIDE_1.17.0/STM32CubeIDE/plugins/com.st.stm32cube.ide.mcu.externaltools.gnu-tools-for-stm32.12.3.rel1.win32_1.1.0.202410251130/tools/bin/../lib/gcc/arm-none-eabi/12.3.1/thumb/v7e-m/nofp/crtbegin.o
 *(.bss*)
 .bss.hsubghz   0x20000078        0xc ./Core/Src/subghz.o
                0x20000078                hsubghz
 .bss.__sbrk_heap_end
                0x20000084        0x4 ./Core/Src/sysmem.o
 .bss.huart2    0x20000088       0x94 ./Core/Src/usart.o
                0x20000088                huart2
 .bss.OperatingMode
                0x2000011c        0x1 ./Drivers/Radio/radio_driver.o
 .bss.PacketType
                0x2000011d        0x1 ./Drivers/Radio/radio_driver.o
 .bss.LoRaHeaderType
                0x2000011e        0x1 ./Drivers/Radio/radio_driver.o
 *fill*         0x2000011f        0x1 
 .bss.FrequencyError
                0x20000120        0x4 ./Drivers/Radio/radio_driver.o
                0x20000120                FrequencyError
 .bss.ImageCalibrated
                0x20000124        0x1 ./Drivers/Radio/radio_driver.o
 *fill*         0x20000125        0x3 
 .bss.RadioOnDioIrqCb
                0x20000128        0x4 ./Drivers/Radio/radio_driver.o
 .bss.uwTick    0x2000012c        0x4 ./Drivers/STM32WLxx_HAL_Driver/Src/stm32wlxx_hal.o
                0x2000012c                uwTick
 .bss.packetParams
                0x20000130       0x14 ./LoRaWizard/LoRaConf.o
                0x20000130                packetParams
 .bss.__sf      0x20000144      0x138 C:/ST/STM32CubeIDE_1.17.0/STM32CubeIDE/plugins/com.st.stm32cube.ide.mcu.externaltools.gnu-tools-for-stm32.12.3.rel1.win32_1.1.0.202410251130/tools/bin/../lib/gcc/arm-none-eabi/12.3.1/../../../../arm-none-eabi/lib/thumb/v7e-m/nofp\libc_nano.a(libc_a-findfp.o)
                0x20000144                __sf
 .bss.errno     0x2000027c        0x4 C:/ST/STM32CubeIDE_1.17.0/STM32CubeIDE/plugins/com.st.stm32cube.ide.mcu.externaltools.gnu-tools-for-stm32.12.3.rel1.win32_1.1.0.202410251130/tools/bin/../lib/gcc/arm-none-eabi/12.3.1/../../../../arm-none-eabi/lib/thumb/v7e-m/nofp\libc_nano.a(libc_a-reent.o)
                0x2000027c                errno
 .bss.__lock___malloc_recursive_mutex
                0x20000280        0x1 C:/ST/STM32CubeIDE_1.17.0/STM32CubeIDE/plugins/com.st.stm32cube.ide.mcu.externaltools.gnu-tools-for-stm32.12.3.rel1.win32_1.1.0.202410251130/tools/bin/../lib/gcc/arm-none-eabi/12.3.1/../../../../arm-none-eabi/lib/thumb/v7e-m/nofp\libc_nano.a(libc_a-lock.o)
                0x20000280                __lock___malloc_recursive_mutex
 *fill*         0x20000281        0x3 
 .bss.__malloc_sbrk_start
                0x20000284        0x4 C:/ST/STM32CubeIDE_1.17.0/STM32CubeIDE/plugins/com.st.stm32cube.ide.mcu.externaltools.gnu-tools-for-stm32.12.3.rel1.win32_1.1.0.202410251130/tools/bin/../lib/gcc/arm-none-eabi/12.3.1/../../../../arm-none-eabi/lib/thumb/v7e-m/nofp\libc_nano.a(libc_a-mallocr.o)
                0x20000284                __malloc_sbrk_start
 .bss.__malloc_free_list
                0x20000288        0x4 C:/ST/STM32CubeIDE_1.17.0/STM32CubeIDE/plugins/com.st.stm32cube.ide.mcu.externaltools.gnu-tools-for-stm32.12.3.rel1.win32_1.1.0.202410251130/tools/bin/../lib/gcc/arm-none-eabi/12.3.1/../../../../arm-none-eabi/lib/thumb/v7e-m/nofp\libc_nano.a(libc_a-mallocr.o)
                0x20000288                __malloc_free_list
 *(COMMON)
                0x2000028c                        . = ALIGN (0x4)
                0x2000028c                        _ebss = .
                0x2000028c                        __bss_end__ = _ebss

._user_heap_stack
                0x2000028c      0x604 load address 0x08005df8
                0x20000290                        . = ALIGN (0x8)
 *fill*         0x2000028c        0x4 
                [!provide]                        PROVIDE (end = .)
                0x20000290                        PROVIDE (_end = .)
                0x20000490                        . = (. + _Min_Heap_Size)
 *fill*         0x20000290      0x200 
                0x20000890                        . = (. + _Min_Stack_Size)
 *fill*         0x20000490      0x400 
                0x20000890                        . = ALIGN (0x8)

/DISCARD/
 libc.a(*)
 libm.a(*)
 libgcc.a(*)

.ARM.attributes
                0x00000000       0x2a
 *(.ARM.attributes)
 .ARM.attributes
                0x00000000       0x1e C:/ST/STM32CubeIDE_1.17.0/STM32CubeIDE/plugins/com.st.stm32cube.ide.mcu.externaltools.gnu-tools-for-stm32.12.3.rel1.win32_1.1.0.202410251130/tools/bin/../lib/gcc/arm-none-eabi/12.3.1/thumb/v7e-m/nofp/crti.o
 .ARM.attributes
                0x0000001e       0x2e C:/ST/STM32CubeIDE_1.17.0/STM32CubeIDE/plugins/com.st.stm32cube.ide.mcu.externaltools.gnu-tools-for-stm32.12.3.rel1.win32_1.1.0.202410251130/tools/bin/../lib/gcc/arm-none-eabi/12.3.1/thumb/v7e-m/nofp/crtbegin.o
 .ARM.attributes
                0x0000004c       0x2e ./Core/Src/gpio.o
 .ARM.attributes
                0x0000007a       0x2e ./Core/Src/main.o
 .ARM.attributes
                0x000000a8       0x2e ./Core/Src/stm32wlxx_hal_msp.o
 .ARM.attributes
                0x000000d6       0x2e ./Core/Src/stm32wlxx_it.o
 .ARM.attributes
                0x00000104       0x2e ./Core/Src/subghz.o
 .ARM.attributes
                0x00000132       0x2e ./Core/Src/sysmem.o
 .ARM.attributes
                0x00000160       0x2e ./Core/Src/system_stm32wlxx.o
 .ARM.attributes
                0x0000018e       0x2e ./Core/Src/usart.o
 .ARM.attributes
                0x000001bc       0x21 ./Core/Startup/startup_stm32wl55jcix.o
 .ARM.attributes
                0x000001dd       0x2e ./Drivers/BSP/STM32WLxx_Nucleo/stm32wlxx_nucleo_radio.o
 .ARM.attributes
                0x0000020b       0x2e ./Drivers/Radio/radio_board_if.o
 .ARM.attributes
                0x00000239       0x2e ./Drivers/Radio/radio_driver.o
 .ARM.attributes
                0x00000267       0x2e ./Drivers/STM32WLxx_HAL_Driver/Src/stm32wlxx_hal.o
 .ARM.attributes
                0x00000295       0x2e ./Drivers/STM32WLxx_HAL_Driver/Src/stm32wlxx_hal_cortex.o
 .ARM.attributes
                0x000002c3       0x2e ./Drivers/STM32WLxx_HAL_Driver/Src/stm32wlxx_hal_gpio.o
 .ARM.attributes
                0x000002f1       0x2e ./Drivers/STM32WLxx_HAL_Driver/Src/stm32wlxx_hal_pwr.o
 .ARM.attributes
                0x0000031f       0x2e ./Drivers/STM32WLxx_HAL_Driver/Src/stm32wlxx_hal_pwr_ex.o
 .ARM.attributes
                0x0000034d       0x2e ./Drivers/STM32WLxx_HAL_Driver/Src/stm32wlxx_hal_rcc.o
 .ARM.attributes
                0x0000037b       0x2e ./Drivers/STM32WLxx_HAL_Driver/Src/stm32wlxx_hal_rcc_ex.o
 .ARM.attributes
                0x000003a9       0x2e ./Drivers/STM32WLxx_HAL_Driver/Src/stm32wlxx_hal_subghz.o
 .ARM.attributes
                0x000003d7       0x2e ./Drivers/STM32WLxx_HAL_Driver/Src/stm32wlxx_hal_uart.o
 .ARM.attributes
                0x00000405       0x2e ./Drivers/STM32WLxx_HAL_Driver/Src/stm32wlxx_hal_uart_ex.o
 .ARM.attributes
                0x00000433       0x2e ./LoRaWizard/LoRaConf.o
 .ARM.attributes
                0x00000461       0x2e ./LoRaWizard/LoRaEvents.o
 .ARM.attributes
                0x0000048f       0x2e ./LoRaWizard/LoRaMessageHandler.o
 .ARM.attributes
                0x000004bd       0x2e ./LoRaWizard/mainLoRa.o
 .ARM.attributes
                0x000004eb       0x2e ./Utils/misc/stm32_mem.o
 .ARM.attributes
                0x00000519       0x2e C:/ST/STM32CubeIDE_1.17.0/STM32CubeIDE/plugins/com.st.stm32cube.ide.mcu.externaltools.gnu-tools-for-stm32.12.3.rel1.win32_1.1.0.202410251130/tools/bin/../lib/gcc/arm-none-eabi/12.3.1/../../../../arm-none-eabi/lib/thumb/v7e-m/nofp\libc_nano.a(libc_a-findfp.o)
 .ARM.attributes
                0x00000547       0x2e C:/ST/STM32CubeIDE_1.17.0/STM32CubeIDE/plugins/com.st.stm32cube.ide.mcu.externaltools.gnu-tools-for-stm32.12.3.rel1.win32_1.1.0.202410251130/tools/bin/../lib/gcc/arm-none-eabi/12.3.1/../../../../arm-none-eabi/lib/thumb/v7e-m/nofp\libc_nano.a(libc_a-sprintf.o)
 .ARM.attributes
                0x00000575       0x2e C:/ST/STM32CubeIDE_1.17.0/STM32CubeIDE/plugins/com.st.stm32cube.ide.mcu.externaltools.gnu-tools-for-stm32.12.3.rel1.win32_1.1.0.202410251130/tools/bin/../lib/gcc/arm-none-eabi/12.3.1/../../../../arm-none-eabi/lib/thumb/v7e-m/nofp\libc_nano.a(libc_a-memset.o)
 .ARM.attributes
                0x000005a3       0x2e C:/ST/STM32CubeIDE_1.17.0/STM32CubeIDE/plugins/com.st.stm32cube.ide.mcu.externaltools.gnu-tools-for-stm32.12.3.rel1.win32_1.1.0.202410251130/tools/bin/../lib/gcc/arm-none-eabi/12.3.1/../../../../arm-none-eabi/lib/thumb/v7e-m/nofp\libc_nano.a(libc_a-reent.o)
 .ARM.attributes
                0x000005d1       0x2e C:/ST/STM32CubeIDE_1.17.0/STM32CubeIDE/plugins/com.st.stm32cube.ide.mcu.externaltools.gnu-tools-for-stm32.12.3.rel1.win32_1.1.0.202410251130/tools/bin/../lib/gcc/arm-none-eabi/12.3.1/../../../../arm-none-eabi/lib/thumb/v7e-m/nofp\libc_nano.a(libc_a-impure.o)
 .ARM.attributes
                0x000005ff       0x2e C:/ST/STM32CubeIDE_1.17.0/STM32CubeIDE/plugins/com.st.stm32cube.ide.mcu.externaltools.gnu-tools-for-stm32.12.3.rel1.win32_1.1.0.202410251130/tools/bin/../lib/gcc/arm-none-eabi/12.3.1/../../../../arm-none-eabi/lib/thumb/v7e-m/nofp\libc_nano.a(libc_a-errno.o)
 .ARM.attributes
                0x0000062d       0x2e C:/ST/STM32CubeIDE_1.17.0/STM32CubeIDE/plugins/com.st.stm32cube.ide.mcu.externaltools.gnu-tools-for-stm32.12.3.rel1.win32_1.1.0.202410251130/tools/bin/../lib/gcc/arm-none-eabi/12.3.1/../../../../arm-none-eabi/lib/thumb/v7e-m/nofp\libc_nano.a(libc_a-init.o)
 .ARM.attributes
                0x0000065b       0x2e C:/ST/STM32CubeIDE_1.17.0/STM32CubeIDE/plugins/com.st.stm32cube.ide.mcu.externaltools.gnu-tools-for-stm32.12.3.rel1.win32_1.1.0.202410251130/tools/bin/../lib/gcc/arm-none-eabi/12.3.1/../../../../arm-none-eabi/lib/thumb/v7e-m/nofp\libc_nano.a(libc_a-lock.o)
 .ARM.attributes
                0x00000689       0x17 C:/ST/STM32CubeIDE_1.17.0/STM32CubeIDE/plugins/com.st.stm32cube.ide.mcu.externaltools.gnu-tools-for-stm32.12.3.rel1.win32_1.1.0.202410251130/tools/bin/../lib/gcc/arm-none-eabi/12.3.1/../../../../arm-none-eabi/lib/thumb/v7e-m/nofp\libc_nano.a(libc_a-strlen.o)
 .ARM.attributes
                0x000006a0       0x2e C:/ST/STM32CubeIDE_1.17.0/STM32CubeIDE/plugins/com.st.stm32cube.ide.mcu.externaltools.gnu-tools-for-stm32.12.3.rel1.win32_1.1.0.202410251130/tools/bin/../lib/gcc/arm-none-eabi/12.3.1/../../../../arm-none-eabi/lib/thumb/v7e-m/nofp\libc_nano.a(libc_a-freer.o)
 .ARM.attributes
                0x000006ce       0x2e C:/ST/STM32CubeIDE_1.17.0/STM32CubeIDE/plugins/com.st.stm32cube.ide.mcu.externaltools.gnu-tools-for-stm32.12.3.rel1.win32_1.1.0.202410251130/tools/bin/../lib/gcc/arm-none-eabi/12.3.1/../../../../arm-none-eabi/lib/thumb/v7e-m/nofp\libc_nano.a(libc_a-mallocr.o)
 .ARM.attributes
                0x000006fc       0x2e C:/ST/STM32CubeIDE_1.17.0/STM32CubeIDE/plugins/com.st.stm32cube.ide.mcu.externaltools.gnu-tools-for-stm32.12.3.rel1.win32_1.1.0.202410251130/tools/bin/../lib/gcc/arm-none-eabi/12.3.1/../../../../arm-none-eabi/lib/thumb/v7e-m/nofp\libc_nano.a(libc_a-mlock.o)
 .ARM.attributes
                0x0000072a       0x2e C:/ST/STM32CubeIDE_1.17.0/STM32CubeIDE/plugins/com.st.stm32cube.ide.mcu.externaltools.gnu-tools-for-stm32.12.3.rel1.win32_1.1.0.202410251130/tools/bin/../lib/gcc/arm-none-eabi/12.3.1/../../../../arm-none-eabi/lib/thumb/v7e-m/nofp\libc_nano.a(libc_a-nano-svfprintf.o)
 .ARM.attributes
                0x00000758       0x2e C:/ST/STM32CubeIDE_1.17.0/STM32CubeIDE/plugins/com.st.stm32cube.ide.mcu.externaltools.gnu-tools-for-stm32.12.3.rel1.win32_1.1.0.202410251130/tools/bin/../lib/gcc/arm-none-eabi/12.3.1/../../../../arm-none-eabi/lib/thumb/v7e-m/nofp\libc_nano.a(libc_a-nano-vfprintf_i.o)
 .ARM.attributes
                0x00000786       0x2e C:/ST/STM32CubeIDE_1.17.0/STM32CubeIDE/plugins/com.st.stm32cube.ide.mcu.externaltools.gnu-tools-for-stm32.12.3.rel1.win32_1.1.0.202410251130/tools/bin/../lib/gcc/arm-none-eabi/12.3.1/../../../../arm-none-eabi/lib/thumb/v7e-m/nofp\libc_nano.a(libc_a-memmove.o)
 .ARM.attributes
                0x000007b4       0x2e C:/ST/STM32CubeIDE_1.17.0/STM32CubeIDE/plugins/com.st.stm32cube.ide.mcu.externaltools.gnu-tools-for-stm32.12.3.rel1.win32_1.1.0.202410251130/tools/bin/../lib/gcc/arm-none-eabi/12.3.1/../../../../arm-none-eabi/lib/thumb/v7e-m/nofp\libc_nano.a(libc_a-sbrkr.o)
 .ARM.attributes
                0x000007e2       0x1c C:/ST/STM32CubeIDE_1.17.0/STM32CubeIDE/plugins/com.st.stm32cube.ide.mcu.externaltools.gnu-tools-for-stm32.12.3.rel1.win32_1.1.0.202410251130/tools/bin/../lib/gcc/arm-none-eabi/12.3.1/../../../../arm-none-eabi/lib/thumb/v7e-m/nofp\libc_nano.a(libc_a-memchr.o)
 .ARM.attributes
                0x000007fe       0x2e C:/ST/STM32CubeIDE_1.17.0/STM32CubeIDE/plugins/com.st.stm32cube.ide.mcu.externaltools.gnu-tools-for-stm32.12.3.rel1.win32_1.1.0.202410251130/tools/bin/../lib/gcc/arm-none-eabi/12.3.1/../../../../arm-none-eabi/lib/thumb/v7e-m/nofp\libc_nano.a(libc_a-memcpy-stub.o)
 .ARM.attributes
                0x0000082c       0x2e C:/ST/STM32CubeIDE_1.17.0/STM32CubeIDE/plugins/com.st.stm32cube.ide.mcu.externaltools.gnu-tools-for-stm32.12.3.rel1.win32_1.1.0.202410251130/tools/bin/../lib/gcc/arm-none-eabi/12.3.1/../../../../arm-none-eabi/lib/thumb/v7e-m/nofp\libc_nano.a(libc_a-reallocr.o)
 .ARM.attributes
                0x0000085a       0x2e C:/ST/STM32CubeIDE_1.17.0/STM32CubeIDE/plugins/com.st.stm32cube.ide.mcu.externaltools.gnu-tools-for-stm32.12.3.rel1.win32_1.1.0.202410251130/tools/bin/../lib/gcc/arm-none-eabi/12.3.1/../../../../arm-none-eabi/lib/thumb/v7e-m/nofp\libc_nano.a(libc_a-msizer.o)
 .ARM.attributes
                0x00000888       0x1e C:/ST/STM32CubeIDE_1.17.0/STM32CubeIDE/plugins/com.st.stm32cube.ide.mcu.externaltools.gnu-tools-for-stm32.12.3.rel1.win32_1.1.0.202410251130/tools/bin/../lib/gcc/arm-none-eabi/12.3.1/thumb/v7e-m/nofp\libgcc.a(_aeabi_uldivmod.o)
 .ARM.attributes
                0x000008a6       0x2e C:/ST/STM32CubeIDE_1.17.0/STM32CubeIDE/plugins/com.st.stm32cube.ide.mcu.externaltools.gnu-tools-for-stm32.12.3.rel1.win32_1.1.0.202410251130/tools/bin/../lib/gcc/arm-none-eabi/12.3.1/thumb/v7e-m/nofp\libgcc.a(_udivmoddi4.o)
 .ARM.attributes
                0x000008d4       0x1e C:/ST/STM32CubeIDE_1.17.0/STM32CubeIDE/plugins/com.st.stm32cube.ide.mcu.externaltools.gnu-tools-for-stm32.12.3.rel1.win32_1.1.0.202410251130/tools/bin/../lib/gcc/arm-none-eabi/12.3.1/thumb/v7e-m/nofp\libgcc.a(_dvmd_tls.o)
 .ARM.attributes
                0x000008f2       0x1e C:/ST/STM32CubeIDE_1.17.0/STM32CubeIDE/plugins/com.st.stm32cube.ide.mcu.externaltools.gnu-tools-for-stm32.12.3.rel1.win32_1.1.0.202410251130/tools/bin/../lib/gcc/arm-none-eabi/12.3.1/thumb/v7e-m/nofp/crtn.o
OUTPUT(remote-emergency-system.elf elf32-littlearm)
LOAD linker stubs
LOAD C:/ST/STM32CubeIDE_1.17.0/STM32CubeIDE/plugins/com.st.stm32cube.ide.mcu.externaltools.gnu-tools-for-stm32.12.3.rel1.win32_1.1.0.202410251130/tools/bin/../lib/gcc/arm-none-eabi/12.3.1/../../../../arm-none-eabi/lib/thumb/v7e-m/nofp\libc.a
LOAD C:/ST/STM32CubeIDE_1.17.0/STM32CubeIDE/plugins/com.st.stm32cube.ide.mcu.externaltools.gnu-tools-for-stm32.12.3.rel1.win32_1.1.0.202410251130/tools/bin/../lib/gcc/arm-none-eabi/12.3.1/../../../../arm-none-eabi/lib/thumb/v7e-m/nofp\libm.a
LOAD C:/ST/STM32CubeIDE_1.17.0/STM32CubeIDE/plugins/com.st.stm32cube.ide.mcu.externaltools.gnu-tools-for-stm32.12.3.rel1.win32_1.1.0.202410251130/tools/bin/../lib/gcc/arm-none-eabi/12.3.1/thumb/v7e-m/nofp\libgcc.a

.debug_info     0x00000000    0x14422
 .debug_info    0x00000000      0x451 ./Core/Src/gpio.o
 .debug_info    0x00000451      0x525 ./Core/Src/main.o
 .debug_info    0x00000976       0xce ./Core/Src/stm32wlxx_hal_msp.o
 .debug_info    0x00000a44      0x270 ./Core/Src/stm32wlxx_it.o
 .debug_info    0x00000cb4      0x7f8 ./Core/Src/subghz.o
 .debug_info    0x000014ac      0x168 ./Core/Src/sysmem.o
 .debug_info    0x00001614      0x515 ./Core/Src/system_stm32wlxx.o
 .debug_info    0x00001b29      0xeda ./Core/Src/usart.o
 .debug_info    0x00002a03       0x30 ./Core/Startup/startup_stm32wl55jcix.o
 .debug_info    0x00002a33      0x707 ./Drivers/BSP/STM32WLxx_Nucleo/stm32wlxx_nucleo_radio.o
 .debug_info    0x0000313a      0x288 ./Drivers/Radio/radio_board_if.o
 .debug_info    0x000033c2     0x2205 ./Drivers/Radio/radio_driver.o
 .debug_info    0x000055c7     0x1165 ./Drivers/STM32WLxx_HAL_Driver/Src/stm32wlxx_hal.o
 .debug_info    0x0000672c      0xd39 ./Drivers/STM32WLxx_HAL_Driver/Src/stm32wlxx_hal_cortex.o
 .debug_info    0x00007465      0x708 ./Drivers/STM32WLxx_HAL_Driver/Src/stm32wlxx_hal_gpio.o
 .debug_info    0x00007b6d      0x8e8 ./Drivers/STM32WLxx_HAL_Driver/Src/stm32wlxx_hal_pwr.o
 .debug_info    0x00008455      0xde7 ./Drivers/STM32WLxx_HAL_Driver/Src/stm32wlxx_hal_pwr_ex.o
 .debug_info    0x0000923c     0x13ef ./Drivers/STM32WLxx_HAL_Driver/Src/stm32wlxx_hal_rcc.o
 .debug_info    0x0000a62b      0xf21 ./Drivers/STM32WLxx_HAL_Driver/Src/stm32wlxx_hal_rcc_ex.o
 .debug_info    0x0000b54c     0x138d ./Drivers/STM32WLxx_HAL_Driver/Src/stm32wlxx_hal_subghz.o
 .debug_info    0x0000c8d9     0x4a83 ./Drivers/STM32WLxx_HAL_Driver/Src/stm32wlxx_hal_uart.o
 .debug_info    0x0001135c      0xffa ./Drivers/STM32WLxx_HAL_Driver/Src/stm32wlxx_hal_uart_ex.o
 .debug_info    0x00012356      0x93d ./LoRaWizard/LoRaConf.o
 .debug_info    0x00012c93      0x226 ./LoRaWizard/LoRaEvents.o
 .debug_info    0x00012eb9      0x623 ./LoRaWizard/LoRaMessageHandler.o
 .debug_info    0x000134dc      0xd89 ./LoRaWizard/mainLoRa.o
 .debug_info    0x00014265      0x1bd ./Utils/misc/stm32_mem.o

.debug_abbrev   0x00000000     0x3628
 .debug_abbrev  0x00000000      0x113 ./Core/Src/gpio.o
 .debug_abbrev  0x00000113      0x1bd ./Core/Src/main.o
 .debug_abbrev  0x000002d0       0x7e ./Core/Src/stm32wlxx_hal_msp.o
 .debug_abbrev  0x0000034e      0x12f ./Core/Src/stm32wlxx_it.o
 .debug_abbrev  0x0000047d      0x219 ./Core/Src/subghz.o
 .debug_abbrev  0x00000696       0xbc ./Core/Src/sysmem.o
 .debug_abbrev  0x00000752      0x13e ./Core/Src/system_stm32wlxx.o
 .debug_abbrev  0x00000890      0x270 ./Core/Src/usart.o
 .debug_abbrev  0x00000b00       0x24 ./Core/Startup/startup_stm32wl55jcix.o
 .debug_abbrev  0x00000b24      0x21c ./Drivers/BSP/STM32WLxx_Nucleo/stm32wlxx_nucleo_radio.o
 .debug_abbrev  0x00000d40      0x109 ./Drivers/Radio/radio_board_if.o
 .debug_abbrev  0x00000e49      0x414 ./Drivers/Radio/radio_driver.o
 .debug_abbrev  0x0000125d      0x344 ./Drivers/STM32WLxx_HAL_Driver/Src/stm32wlxx_hal.o
 .debug_abbrev  0x000015a1      0x2e8 ./Drivers/STM32WLxx_HAL_Driver/Src/stm32wlxx_hal_cortex.o
 .debug_abbrev  0x00001889      0x1e9 ./Drivers/STM32WLxx_HAL_Driver/Src/stm32wlxx_hal_gpio.o
 .debug_abbrev  0x00001a72      0x209 ./Drivers/STM32WLxx_HAL_Driver/Src/stm32wlxx_hal_pwr.o
 .debug_abbrev  0x00001c7b      0x302 ./Drivers/STM32WLxx_HAL_Driver/Src/stm32wlxx_hal_pwr_ex.o
 .debug_abbrev  0x00001f7d      0x32d ./Drivers/STM32WLxx_HAL_Driver/Src/stm32wlxx_hal_rcc.o
 .debug_abbrev  0x000022aa      0x2cb ./Drivers/STM32WLxx_HAL_Driver/Src/stm32wlxx_hal_rcc_ex.o
 .debug_abbrev  0x00002575      0x299 ./Drivers/STM32WLxx_HAL_Driver/Src/stm32wlxx_hal_subghz.o
 .debug_abbrev  0x0000280e      0x352 ./Drivers/STM32WLxx_HAL_Driver/Src/stm32wlxx_hal_uart.o
 .debug_abbrev  0x00002b60      0x2d2 ./Drivers/STM32WLxx_HAL_Driver/Src/stm32wlxx_hal_uart_ex.o
 .debug_abbrev  0x00002e32      0x220 ./LoRaWizard/LoRaConf.o
 .debug_abbrev  0x00003052      0x13a ./LoRaWizard/LoRaEvents.o
 .debug_abbrev  0x0000318c      0x1a6 ./LoRaWizard/LoRaMessageHandler.o
 .debug_abbrev  0x00003332      0x239 ./LoRaWizard/mainLoRa.o
 .debug_abbrev  0x0000356b       0xbd ./Utils/misc/stm32_mem.o

.debug_aranges  0x00000000     0x14b8
 .debug_aranges
                0x00000000       0x28 ./Core/Src/gpio.o
 .debug_aranges
                0x00000028       0x30 ./Core/Src/main.o
 .debug_aranges
                0x00000058       0x20 ./Core/Src/stm32wlxx_hal_msp.o
 .debug_aranges
                0x00000078       0x68 ./Core/Src/stm32wlxx_it.o
 .debug_aranges
                0x000000e0       0x40 ./Core/Src/subghz.o
 .debug_aranges
                0x00000120       0x20 ./Core/Src/sysmem.o
 .debug_aranges
                0x00000140       0x28 ./Core/Src/system_stm32wlxx.o
 .debug_aranges
                0x00000168       0x48 ./Core/Src/usart.o
 .debug_aranges
                0x000001b0       0x28 ./Core/Startup/startup_stm32wl55jcix.o
 .debug_aranges
                0x000001d8       0x58 ./Drivers/BSP/STM32WLxx_Nucleo/stm32wlxx_nucleo_radio.o
 .debug_aranges
                0x00000230       0x50 ./Drivers/Radio/radio_board_if.o
 .debug_aranges
                0x00000280      0x240 ./Drivers/Radio/radio_driver.o
 .debug_aranges
                0x000004c0      0x240 ./Drivers/STM32WLxx_HAL_Driver/Src/stm32wlxx_hal.o
 .debug_aranges
                0x00000700      0x128 ./Drivers/STM32WLxx_HAL_Driver/Src/stm32wlxx_hal_cortex.o
 .debug_aranges
                0x00000828       0x60 ./Drivers/STM32WLxx_HAL_Driver/Src/stm32wlxx_hal_gpio.o
 .debug_aranges
                0x00000888       0xc8 ./Drivers/STM32WLxx_HAL_Driver/Src/stm32wlxx_hal_pwr.o
 .debug_aranges
                0x00000950      0x200 ./Drivers/STM32WLxx_HAL_Driver/Src/stm32wlxx_hal_pwr_ex.o
 .debug_aranges
                0x00000b50      0x230 ./Drivers/STM32WLxx_HAL_Driver/Src/stm32wlxx_hal_rcc.o
 .debug_aranges
                0x00000d80      0x1e8 ./Drivers/STM32WLxx_HAL_Driver/Src/stm32wlxx_hal_rcc_ex.o
 .debug_aranges
                0x00000f68      0x168 ./Drivers/STM32WLxx_HAL_Driver/Src/stm32wlxx_hal_subghz.o
 .debug_aranges
                0x000010d0      0x258 ./Drivers/STM32WLxx_HAL_Driver/Src/stm32wlxx_hal_uart.o
 .debug_aranges
                0x00001328       0xa8 ./Drivers/STM32WLxx_HAL_Driver/Src/stm32wlxx_hal_uart_ex.o
 .debug_aranges
                0x000013d0       0x38 ./LoRaWizard/LoRaConf.o
 .debug_aranges
                0x00001408       0x30 ./LoRaWizard/LoRaEvents.o
 .debug_aranges
                0x00001438       0x28 ./LoRaWizard/LoRaMessageHandler.o
 .debug_aranges
                0x00001460       0x28 ./LoRaWizard/mainLoRa.o
 .debug_aranges
                0x00001488       0x30 ./Utils/misc/stm32_mem.o

.debug_rnglists
                0x00000000      0xf84
 .debug_rnglists
                0x00000000       0x19 ./Core/Src/gpio.o
 .debug_rnglists
                0x00000019       0x20 ./Core/Src/main.o
 .debug_rnglists
                0x00000039       0x13 ./Core/Src/stm32wlxx_hal_msp.o
 .debug_rnglists
                0x0000004c       0x49 ./Core/Src/stm32wlxx_it.o
 .debug_rnglists
                0x00000095       0x2b ./Core/Src/subghz.o
 .debug_rnglists
                0x000000c0       0x13 ./Core/Src/sysmem.o
 .debug_rnglists
                0x000000d3       0x1a ./Core/Src/system_stm32wlxx.o
 .debug_rnglists
                0x000000ed       0x33 ./Core/Src/usart.o
 .debug_rnglists
                0x00000120       0x19 ./Core/Startup/startup_stm32wl55jcix.o
 .debug_rnglists
                0x00000139       0x3e ./Drivers/BSP/STM32WLxx_Nucleo/stm32wlxx_nucleo_radio.o
 .debug_rnglists
                0x00000177       0x37 ./Drivers/Radio/radio_board_if.o
 .debug_rnglists
                0x000001ae      0x1b6 ./Drivers/Radio/radio_driver.o
 .debug_rnglists
                0x00000364      0x1ab ./Drivers/STM32WLxx_HAL_Driver/Src/stm32wlxx_hal.o
 .debug_rnglists
                0x0000050f       0xd9 ./Drivers/STM32WLxx_HAL_Driver/Src/stm32wlxx_hal_cortex.o
 .debug_rnglists
                0x000005e8       0x45 ./Drivers/STM32WLxx_HAL_Driver/Src/stm32wlxx_hal_gpio.o
 .debug_rnglists
                0x0000062d       0x91 ./Drivers/STM32WLxx_HAL_Driver/Src/stm32wlxx_hal_pwr.o
 .debug_rnglists
                0x000006be      0x180 ./Drivers/STM32WLxx_HAL_Driver/Src/stm32wlxx_hal_pwr_ex.o
 .debug_rnglists
                0x0000083e      0x1a6 ./Drivers/STM32WLxx_HAL_Driver/Src/stm32wlxx_hal_rcc.o
 .debug_rnglists
                0x000009e4      0x16e ./Drivers/STM32WLxx_HAL_Driver/Src/stm32wlxx_hal_rcc_ex.o
 .debug_rnglists
                0x00000b52      0x114 ./Drivers/STM32WLxx_HAL_Driver/Src/stm32wlxx_hal_subghz.o
 .debug_rnglists
                0x00000c66      0x206 ./Drivers/STM32WLxx_HAL_Driver/Src/stm32wlxx_hal_uart.o
 .debug_rnglists
                0x00000e6c       0x7f ./Drivers/STM32WLxx_HAL_Driver/Src/stm32wlxx_hal_uart_ex.o
 .debug_rnglists
                0x00000eeb       0x26 ./LoRaWizard/LoRaConf.o
 .debug_rnglists
                0x00000f11       0x1f ./LoRaWizard/LoRaEvents.o
 .debug_rnglists
                0x00000f30       0x1a ./LoRaWizard/LoRaMessageHandler.o
 .debug_rnglists
                0x00000f4a       0x1b ./LoRaWizard/mainLoRa.o
 .debug_rnglists
                0x00000f65       0x1f ./Utils/misc/stm32_mem.o

.debug_macro    0x00000000    0x1f10f
 .debug_macro   0x00000000      0x232 ./Core/Src/gpio.o
 .debug_macro   0x00000232      0xaae ./Core/Src/gpio.o
 .debug_macro   0x00000ce0      0x124 ./Core/Src/gpio.o
 .debug_macro   0x00000e04       0x2e ./Core/Src/gpio.o
 .debug_macro   0x00000e32       0x3a ./Core/Src/gpio.o
 .debug_macro   0x00000e6c       0x22 ./Core/Src/gpio.o
 .debug_macro   0x00000e8e       0x8e ./Core/Src/gpio.o
 .debug_macro   0x00000f1c       0x51 ./Core/Src/gpio.o
 .debug_macro   0x00000f6d      0x103 ./Core/Src/gpio.o
 .debug_macro   0x00001070       0x6a ./Core/Src/gpio.o
 .debug_macro   0x000010da      0x1df ./Core/Src/gpio.o
 .debug_macro   0x000012b9       0x1c ./Core/Src/gpio.o
 .debug_macro   0x000012d5       0x22 ./Core/Src/gpio.o
 .debug_macro   0x000012f7       0xfb ./Core/Src/gpio.o
 .debug_macro   0x000013f2     0x1011 ./Core/Src/gpio.o
 .debug_macro   0x00002403      0x11f ./Core/Src/gpio.o
 .debug_macro   0x00002522     0xf31a ./Core/Src/gpio.o
 .debug_macro   0x0001183c       0x6d ./Core/Src/gpio.o
 .debug_macro   0x000118a9     0x341d ./Core/Src/gpio.o
 .debug_macro   0x00014cc6      0x189 ./Core/Src/gpio.o
 .debug_macro   0x00014e4f       0x5c ./Core/Src/gpio.o
 .debug_macro   0x00014eab      0x416 ./Core/Src/gpio.o
 .debug_macro   0x000152c1      0x29c ./Core/Src/gpio.o
 .debug_macro   0x0001555d      0x35a ./Core/Src/gpio.o
 .debug_macro   0x000158b7      0x196 ./Core/Src/gpio.o
 .debug_macro   0x00015a4d       0x4a ./Core/Src/gpio.o
 .debug_macro   0x00015a97      0x236 ./Core/Src/gpio.o
 .debug_macro   0x00015ccd      0x229 ./Core/Src/gpio.o
 .debug_macro   0x00015ef6      0x3fa ./Core/Src/gpio.o
 .debug_macro   0x000162f0       0x2e ./Core/Src/gpio.o
 .debug_macro   0x0001631e      0x107 ./Core/Src/gpio.o
 .debug_macro   0x00016425      0x1ba ./Core/Src/gpio.o
 .debug_macro   0x000165df       0xe6 ./Core/Src/gpio.o
 .debug_macro   0x000166c5      0x283 ./Core/Src/gpio.o
 .debug_macro   0x00016948      0x133 ./Core/Src/gpio.o
 .debug_macro   0x00016a7b      0x36f ./Core/Src/gpio.o
 .debug_macro   0x00016dea      0x683 ./Core/Src/gpio.o
 .debug_macro   0x0001746d      0x20e ./Core/Src/gpio.o
 .debug_macro   0x0001767b      0xfb4 ./Core/Src/gpio.o
 .debug_macro   0x0001862f      0x136 ./Core/Src/gpio.o
 .debug_macro   0x00018765      0x2db ./Core/Src/gpio.o
 .debug_macro   0x00018a40      0x288 ./Core/Src/gpio.o
 .debug_macro   0x00018cc8       0xd6 ./Core/Src/gpio.o
 .debug_macro   0x00018d9e      0x693 ./Core/Src/gpio.o
 .debug_macro   0x00019431       0xa6 ./Core/Src/gpio.o
 .debug_macro   0x000194d7      0x45a ./Core/Src/gpio.o
 .debug_macro   0x00019931      0x3c0 ./Core/Src/gpio.o
 .debug_macro   0x00019cf1      0x3ff ./Core/Src/main.o
 .debug_macro   0x0001a0f0       0x22 ./Core/Src/main.o
 .debug_macro   0x0001a112       0x10 ./Core/Src/main.o
 .debug_macro   0x0001a122       0x52 ./Core/Src/main.o
 .debug_macro   0x0001a174       0x1c ./Core/Src/main.o
 .debug_macro   0x0001a190       0xb8 ./Core/Src/main.o
 .debug_macro   0x0001a248      0x145 ./Core/Src/main.o
 .debug_macro   0x0001a38d       0x61 ./Core/Src/main.o
 .debug_macro   0x0001a3ee       0x24 ./Core/Src/main.o
 .debug_macro   0x0001a412       0x43 ./Core/Src/main.o
 .debug_macro   0x0001a455       0x34 ./Core/Src/main.o
 .debug_macro   0x0001a489       0x16 ./Core/Src/main.o
 .debug_macro   0x0001a49f       0x35 ./Core/Src/main.o
 .debug_macro   0x0001a4d4      0x369 ./Core/Src/main.o
 .debug_macro   0x0001a83d       0x10 ./Core/Src/main.o
 .debug_macro   0x0001a84d       0x16 ./Core/Src/main.o
 .debug_macro   0x0001a863       0x43 ./Core/Src/main.o
 .debug_macro   0x0001a8a6       0x34 ./Core/Src/main.o
 .debug_macro   0x0001a8da       0x10 ./Core/Src/main.o
 .debug_macro   0x0001a8ea       0x58 ./Core/Src/main.o
 .debug_macro   0x0001a942       0x8e ./Core/Src/main.o
 .debug_macro   0x0001a9d0       0x1c ./Core/Src/main.o
 .debug_macro   0x0001a9ec      0x177 ./Core/Src/main.o
 .debug_macro   0x0001ab63       0x16 ./Core/Src/main.o
 .debug_macro   0x0001ab79       0x16 ./Core/Src/main.o
 .debug_macro   0x0001ab8f      0x146 ./Core/Src/main.o
 .debug_macro   0x0001acd5       0x16 ./Core/Src/main.o
 .debug_macro   0x0001aceb       0x20 ./Core/Src/main.o
 .debug_macro   0x0001ad0b       0xf4 ./Core/Src/main.o
 .debug_macro   0x0001adff       0x10 ./Core/Src/main.o
 .debug_macro   0x0001ae0f       0x1c ./Core/Src/main.o
 .debug_macro   0x0001ae2b       0x61 ./Core/Src/main.o
 .debug_macro   0x0001ae8c      0x28c ./Core/Src/main.o
 .debug_macro   0x0001b118      0x228 ./Core/Src/stm32wlxx_hal_msp.o
 .debug_macro   0x0001b340      0x232 ./Core/Src/stm32wlxx_it.o
 .debug_macro   0x0001b572      0x232 ./Core/Src/subghz.o
 .debug_macro   0x0001b7a4       0xff ./Core/Src/sysmem.o
 .debug_macro   0x0001b8a3      0x23c ./Core/Src/sysmem.o
 .debug_macro   0x0001badf      0x21e ./Core/Src/system_stm32wlxx.o
 .debug_macro   0x0001bcfd      0x232 ./Core/Src/usart.o
 .debug_macro   0x0001bf2f      0x245 ./Drivers/BSP/STM32WLxx_Nucleo/stm32wlxx_nucleo_radio.o
 .debug_macro   0x0001c174      0x273 ./Drivers/Radio/radio_board_if.o
 .debug_macro   0x0001c3e7       0x16 ./Drivers/Radio/radio_board_if.o
 .debug_macro   0x0001c3fd      0x3bf ./Drivers/Radio/radio_driver.o
 .debug_macro   0x0001c7bc      0x242 ./Drivers/STM32WLxx_HAL_Driver/Src/stm32wlxx_hal.o
 .debug_macro   0x0001c9fe      0x21e ./Drivers/STM32WLxx_HAL_Driver/Src/stm32wlxx_hal_cortex.o
 .debug_macro   0x0001cc1c      0x224 ./Drivers/STM32WLxx_HAL_Driver/Src/stm32wlxx_hal_gpio.o
 .debug_macro   0x0001ce40      0x278 ./Drivers/STM32WLxx_HAL_Driver/Src/stm32wlxx_hal_pwr.o
 .debug_macro   0x0001d0b8      0x230 ./Drivers/STM32WLxx_HAL_Driver/Src/stm32wlxx_hal_pwr_ex.o
 .debug_macro   0x0001d2e8      0x27e ./Drivers/STM32WLxx_HAL_Driver/Src/stm32wlxx_hal_rcc.o
 .debug_macro   0x0001d566      0x230 ./Drivers/STM32WLxx_HAL_Driver/Src/stm32wlxx_hal_rcc_ex.o
 .debug_macro   0x0001d796      0x250 ./Drivers/STM32WLxx_HAL_Driver/Src/stm32wlxx_hal_subghz.o
 .debug_macro   0x0001d9e6      0x249 ./Drivers/STM32WLxx_HAL_Driver/Src/stm32wlxx_hal_uart.o
 .debug_macro   0x0001dc2f      0x22a ./Drivers/STM32WLxx_HAL_Driver/Src/stm32wlxx_hal_uart_ex.o
 .debug_macro   0x0001de59      0x3d3 ./LoRaWizard/LoRaConf.o
 .debug_macro   0x0001e22c      0x3c9 ./LoRaWizard/LoRaEvents.o
 .debug_macro   0x0001e5f5      0x3e3 ./LoRaWizard/LoRaMessageHandler.o
 .debug_macro   0x0001e9d8      0x3ed ./LoRaWizard/mainLoRa.o
 .debug_macro   0x0001edc5      0x1a1 ./Utils/misc/stm32_mem.o
 .debug_macro   0x0001ef66       0x9e ./Utils/misc/stm32_mem.o
 .debug_macro   0x0001f004      0x10b ./Utils/misc/stm32_mem.o

.debug_line     0x00000000    0x172e7
 .debug_line    0x00000000      0x7ff ./Core/Src/gpio.o
 .debug_line    0x000007ff      0xcbb ./Core/Src/main.o
 .debug_line    0x000014ba      0x7dc ./Core/Src/stm32wlxx_hal_msp.o
 .debug_line    0x00001c96      0x8bb ./Core/Src/stm32wlxx_it.o
 .debug_line    0x00002551      0x85a ./Core/Src/subghz.o
 .debug_line    0x00002dab      0x579 ./Core/Src/sysmem.o
 .debug_line    0x00003324      0x874 ./Core/Src/system_stm32wlxx.o
 .debug_line    0x00003b98      0x8df ./Core/Src/usart.o
 .debug_line    0x00004477       0x7b ./Core/Startup/startup_stm32wl55jcix.o
 .debug_line    0x000044f2      0x938 ./Drivers/BSP/STM32WLxx_Nucleo/stm32wlxx_nucleo_radio.o
 .debug_line    0x00004e2a      0x987 ./Drivers/Radio/radio_board_if.o
 .debug_line    0x000057b1     0x1950 ./Drivers/Radio/radio_driver.o
 .debug_line    0x00007101      0xf63 ./Drivers/STM32WLxx_HAL_Driver/Src/stm32wlxx_hal.o
 .debug_line    0x00008064      0xd9c ./Drivers/STM32WLxx_HAL_Driver/Src/stm32wlxx_hal_cortex.o
 .debug_line    0x00008e00      0xc07 ./Drivers/STM32WLxx_HAL_Driver/Src/stm32wlxx_hal_gpio.o
 .debug_line    0x00009a07      0xa59 ./Drivers/STM32WLxx_HAL_Driver/Src/stm32wlxx_hal_pwr.o
 .debug_line    0x0000a460      0xf0b ./Drivers/STM32WLxx_HAL_Driver/Src/stm32wlxx_hal_pwr_ex.o
 .debug_line    0x0000b36b     0x1789 ./Drivers/STM32WLxx_HAL_Driver/Src/stm32wlxx_hal_rcc.o
 .debug_line    0x0000caf4     0x144b ./Drivers/STM32WLxx_HAL_Driver/Src/stm32wlxx_hal_rcc_ex.o