Archive member included to satisfy reference by file (symbol)

C:/ST/STM32CubeIDE_1.17.0/STM32CubeIDE/plugins/com.st.stm32cube.ide.mcu.externaltools.gnu-tools-for-stm32.12.3.rel1.win32_1.1.0.202410251130/tools/bin/../lib/gcc/arm-none-eabi/12.3.1/../../../../arm-none-eabi/lib/thumb/v7e-m/nofp\libc_nano.a(libc_a-exit.o)
                              C:/ST/STM32CubeIDE_1.17.0/STM32CubeIDE/plugins/com.st.stm32cube.ide.mcu.externaltools.gnu-tools-for-stm32.12.3.rel1.win32_1.1.0.202410251130/tools/bin/../lib/gcc/arm-none-eabi/12.3.1/../../../../arm-none-eabi/lib/thumb/v7e-m/nofp/crt0.o (exit)
C:/ST/STM32CubeIDE_1.17.0/STM32CubeIDE/plugins/com.st.stm32cube.ide.mcu.externaltools.gnu-tools-for-stm32.12.3.rel1.win32_1.1.0.202410251130/tools/bin/../lib/gcc/arm-none-eabi/12.3.1/../../../../arm-none-eabi/lib/thumb/v7e-m/nofp\libc_nano.a(libc_a-findfp.o)
                              C:/ST/STM32CubeIDE_1.17.0/STM32CubeIDE/plugins/com.st.stm32cube.ide.mcu.externaltools.gnu-tools-for-stm32.12.3.rel1.win32_1.1.0.202410251130/tools/bin/../lib/gcc/arm-none-eabi/12.3.1/../../../../arm-none-eabi/lib/thumb/v7e-m/nofp\libc_nano.a(libc_a-exit.o) (__stdio_exit_handler)
C:/ST/STM32CubeIDE_1.17.0/STM32CubeIDE/plugins/com.st.stm32cube.ide.mcu.externaltools.gnu-tools-for-stm32.12.3.rel1.win32_1.1.0.202410251130/tools/bin/../lib/gcc/arm-none-eabi/12.3.1/../../../../arm-none-eabi/lib/thumb/v7e-m/nofp\libc_nano.a(libc_a-fwalk.o)
                              C:/ST/STM32CubeIDE_1.17.0/STM32CubeIDE/plugins/com.st.stm32cube.ide.mcu.externaltools.gnu-tools-for-stm32.12.3.rel1.win32_1.1.0.202410251130/tools/bin/../lib/gcc/arm-none-eabi/12.3.1/../../../../arm-none-eabi/lib/thumb/v7e-m/nofp\libc_nano.a(libc_a-findfp.o) (_fwalk_sglue)
C:/ST/STM32CubeIDE_1.17.0/STM32CubeIDE/plugins/com.st.stm32cube.ide.mcu.externaltools.gnu-tools-for-stm32.12.3.rel1.win32_1.1.0.202410251130/tools/bin/../lib/gcc/arm-none-eabi/12.3.1/../../../../arm-none-eabi/lib/thumb/v7e-m/nofp\libc_nano.a(libc_a-printf.o)
                              ./Core/Src/main.o (printf)
C:/ST/STM32CubeIDE_1.17.0/STM32CubeIDE/plugins/com.st.stm32cube.ide.mcu.externaltools.gnu-tools-for-stm32.12.3.rel1.win32_1.1.0.202410251130/tools/bin/../lib/gcc/arm-none-eabi/12.3.1/../../../../arm-none-eabi/lib/thumb/v7e-m/nofp\libc_nano.a(libc_a-puts.o)
                              ./Core/Src/main.o (puts)
C:/ST/STM32CubeIDE_1.17.0/STM32CubeIDE/plugins/com.st.stm32cube.ide.mcu.externaltools.gnu-tools-for-stm32.12.3.rel1.win32_1.1.0.202410251130/tools/bin/../lib/gcc/arm-none-eabi/12.3.1/../../../../arm-none-eabi/lib/thumb/v7e-m/nofp\libc_nano.a(libc_a-stdio.o)
                              C:/ST/STM32CubeIDE_1.17.0/STM32CubeIDE/plugins/com.st.stm32cube.ide.mcu.externaltools.gnu-tools-for-stm32.12.3.rel1.win32_1.1.0.202410251130/tools/bin/../lib/gcc/arm-none-eabi/12.3.1/../../../../arm-none-eabi/lib/thumb/v7e-m/nofp\libc_nano.a(libc_a-findfp.o) (__sread)
C:/ST/STM32CubeIDE_1.17.0/STM32CubeIDE/plugins/com.st.stm32cube.ide.mcu.externaltools.gnu-tools-for-stm32.12.3.rel1.win32_1.1.0.202410251130/tools/bin/../lib/gcc/arm-none-eabi/12.3.1/../../../../arm-none-eabi/lib/thumb/v7e-m/nofp\libc_nano.a(libc_a-wbuf.o)
                              C:/ST/STM32CubeIDE_1.17.0/STM32CubeIDE/plugins/com.st.stm32cube.ide.mcu.externaltools.gnu-tools-for-stm32.12.3.rel1.win32_1.1.0.202410251130/tools/bin/../lib/gcc/arm-none-eabi/12.3.1/../../../../arm-none-eabi/lib/thumb/v7e-m/nofp\libc_nano.a(libc_a-puts.o) (__swbuf_r)
C:/ST/STM32CubeIDE_1.17.0/STM32CubeIDE/plugins/com.st.stm32cube.ide.mcu.externaltools.gnu-tools-for-stm32.12.3.rel1.win32_1.1.0.202410251130/tools/bin/../lib/gcc/arm-none-eabi/12.3.1/../../../../arm-none-eabi/lib/thumb/v7e-m/nofp\libc_nano.a(libc_a-wsetup.o)
                              C:/ST/STM32CubeIDE_1.17.0/STM32CubeIDE/plugins/com.st.stm32cube.ide.mcu.externaltools.gnu-tools-for-stm32.12.3.rel1.win32_1.1.0.202410251130/tools/bin/../lib/gcc/arm-none-eabi/12.3.1/../../../../arm-none-eabi/lib/thumb/v7e-m/nofp\libc_nano.a(libc_a-puts.o) (__swsetup_r)
C:/ST/STM32CubeIDE_1.17.0/STM32CubeIDE/plugins/com.st.stm32cube.ide.mcu.externaltools.gnu-tools-for-stm32.12.3.rel1.win32_1.1.0.202410251130/tools/bin/../lib/gcc/arm-none-eabi/12.3.1/../../../../arm-none-eabi/lib/thumb/v7e-m/nofp\libc_nano.a(libc_a-memset.o)
                              C:/ST/STM32CubeIDE_1.17.0/STM32CubeIDE/plugins/com.st.stm32cube.ide.mcu.externaltools.gnu-tools-for-stm32.12.3.rel1.win32_1.1.0.202410251130/tools/bin/../lib/gcc/arm-none-eabi/12.3.1/../../../../arm-none-eabi/lib/thumb/v7e-m/nofp/crt0.o (memset)
C:/ST/STM32CubeIDE_1.17.0/STM32CubeIDE/plugins/com.st.stm32cube.ide.mcu.externaltools.gnu-tools-for-stm32.12.3.rel1.win32_1.1.0.202410251130/tools/bin/../lib/gcc/arm-none-eabi/12.3.1/../../../../arm-none-eabi/lib/thumb/v7e-m/nofp\libc_nano.a(libc_a-closer.o)
[...]
Memory Configuration

Name             Origin             Length             Attributes
RAM              0x20000000         0x00010000         xrw
RAM2             0x10000000         0x00008000         xrw
FLASH            0x08000000         0x00040000         xr
*default*        0x00000000         0xffffffff

Linker script and memory map

LOAD C:/ST/STM32CubeIDE_1.17.0/STM32CubeIDE/plugins/com.st.stm32cube.ide.mcu.externaltools.gnu-tools-for-stm32.12.3.rel1.win32_1.1.0.202410251130/tools/bin/../lib/gcc/arm-none-eabi/12.3.1/thumb/v7e-m/nofp/crti.o
LOAD C:/ST/STM32CubeIDE_1.17.0/STM32CubeIDE/plugins/com.st.stm32cube.ide.mcu.externaltools.gnu-tools-for-stm32.12.3.rel1.win32_1.1.0.202410251130/tools/bin/../lib/gcc/arm-none-eabi/12.3.1/thumb/v7e-m/nofp/crtbegin.o
LOAD C:/ST/STM32CubeIDE_1.17.0/STM32CubeIDE/plugins/com.st.stm32cube.ide.mcu.externaltools.gnu-tools-for-stm32.12.3.rel1.win32_1.1.0.202410251130/tools/bin/../lib/gcc/arm-none-eabi/12.3.1/../../../../arm-none-eabi/lib/thumb/v7e-m/nofp/crt0.o
LOAD ./Core/Src/gpio.o
LOAD ./Core/Src/main.o
LOAD ./Core/Src/stm32wlxx_hal_msp.o
LOAD ./Core/Src/stm32wlxx_it.o
LOAD ./Core/Src/subghz.o
LOAD ./Core/Src/syscalls.o
LOAD ./Core/Src/sysmem.o
LOAD ./Core/Src/system_stm32wlxx.o
LOAD ./Core/Src/usart.o
LOAD ./Core/Startup/startup_stm32wl55jcix.o
LOAD ./Drivers/BSP/STM32WLxx_Nucleo/stm32wlxx_nucleo.o
LOAD ./Drivers/BSP/STM32WLxx_Nucleo/stm32wlxx_nucleo_radio.o
LOAD ./Drivers/Radio/radio_board_if.o
LOAD ./Drivers/Radio/radio_driver.o
LOAD ./Drivers/STM32WLxx_HAL_Driver/Src/stm32wlxx_hal.o
LOAD ./Drivers/STM32WLxx_HAL_Driver/Src/stm32wlxx_hal_cortex.o
LOAD ./Drivers/STM32WLxx_HAL_Driver/Src/stm32wlxx_hal_dma.o
LOAD ./Drivers/STM32WLxx_HAL_Driver/Src/stm32wlxx_hal_dma_ex.o
LOAD ./Drivers/STM32WLxx_HAL_Driver/Src/stm32wlxx_hal_exti.o
LOAD ./Drivers/STM32WLxx_HAL_Driver/Src/stm32wlxx_hal_flash.o
LOAD ./Drivers/STM32WLxx_HAL_Driver/Src/stm32wlxx_hal_flash_ex.o
LOAD ./Drivers/STM32WLxx_HAL_Driver/Src/stm32wlxx_hal_gpio.o
LOAD ./Drivers/STM32WLxx_HAL_Driver/Src/stm32wlxx_hal_pwr.o
LOAD ./Drivers/STM32WLxx_HAL_Driver/Src/stm32wlxx_hal_pwr_ex.o
LOAD ./Drivers/STM32WLxx_HAL_Driver/Src/stm32wlxx_hal_rcc.o
LOAD ./Drivers/STM32WLxx_HAL_Driver/Src/stm32wlxx_hal_rcc_ex.o
LOAD ./Drivers/STM32WLxx_HAL_Driver/Src/stm32wlxx_hal_subghz.o
LOAD ./Drivers/STM32WLxx_HAL_Driver/Src/stm32wlxx_hal_uart.o
LOAD ./Drivers/STM32WLxx_HAL_Driver/Src/stm32wlxx_hal_uart_ex.o
LOAD ./LoRaWizard/LoRaConf.o
LOAD ./LoRaWizard/LoRaEvents.o
LOAD ./LoRaWizard/LoRaMessageHandler.o
LOAD ./Utils/misc/stm32_mem.o
START GROUP
LOAD C:/ST/STM32CubeIDE_1.17.0/STM32CubeIDE/plugins/com.st.stm32cube.ide.mcu.externaltools.gnu-tools-for-stm32.12.3.rel1.win32_1.1.0.202410251130/tools/bin/../lib/gcc/arm-none-eabi/12.3.1/../../../../arm-none-eabi/lib/thumb/v7e-m/nofp\libc_nano.a
LOAD C:/ST/STM32CubeIDE_1.17.0/STM32CubeIDE/plugins/com.st.stm32cube.ide.mcu.externaltools.gnu-tools-for-stm32.12.3.rel1.win32_1.1.0.202410251130/tools/bin/../lib/gcc/arm-none-eabi/12.3.1/../../../../arm-none-eabi/lib/thumb/v7e-m/nofp\libm.a
END GROUP
START GROUP
LOAD C:/ST/STM32CubeIDE_1.17.0/STM32CubeIDE/plugins/com.st.stm32cube.ide.mcu.externaltools.gnu-tools-for-stm32.12.3.rel1.win32_1.1.0.202410251130/tools/bin/../lib/gcc/arm-none-eabi/12.3.1/thumb/v7e-m/nofp\libgcc.a
LOAD C:/ST/STM32CubeIDE_1.17.0/STM32CubeIDE/plugins/com.st.stm32cube.ide.mcu.externaltools.gnu-tools-for-stm32.12.3.rel1.win32_1.1.0.202410251130/tools/bin/../lib/gcc/arm-none-eabi/12.3.1/../../../../arm-none-eabi/lib/thumb/v7e-m/nofp\libc_nano.a
END GROUP
START GROUP
LOAD C:/ST/STM32CubeIDE_1.17.0/STM32CubeIDE/plugins/com.st.stm32cube.ide.mcu.externaltools.gnu-tools-for-stm32.12.3.rel1.win32_1.1.0.202410251130/tools/bin/../lib/gcc/arm-none-eabi/12.3.1/thumb/v7e-m/nofp\libgcc.a
LOAD C:/ST/STM32CubeIDE_1.17.0/STM32CubeIDE/plugins/com.st.stm32cube.ide.mcu.externaltools.gnu-tools-for-stm32.12.3.rel1.win32_1.1.0.202410251130/tools/bin/../lib/gcc/arm-none-eabi/12.3.1/../../../../arm-none-eabi/lib/thumb/v7e-m/nofp\libc_nano.a
LOAD C:/ST/STM32CubeIDE_1.17.0/STM32CubeIDE/plugins/com.st.stm32cube.ide.mcu.externaltools.gnu-tools-for-stm32.12.3.rel1.win32_1.1.0.202410251130/tools/bin/../lib/gcc/arm-none-eabi/12.3.1/../../../../arm-none-eabi/lib/thumb/v7e-m/nofp\libnosys.a
END GROUP
START GROUP
LOAD C:/ST/STM32CubeIDE_1.17.0/STM32CubeIDE/plugins/com.st.stm32cube.ide.mcu.externaltools.gnu-tools-for-stm32.12.3.rel1.win32_1.1.0.202410251130/tools/bin/../lib/gcc/arm-none-eabi/12.3.1/thumb/v7e-m/nofp\libgcc.a
LOAD C:/ST/STM32CubeIDE_1.17.0/STM32CubeIDE/plugins/com.st.stm32cube.ide.mcu.externaltools.gnu-tools-for-stm32.12.3.rel1.win32_1.1.0.202410251130/tools/bin/../lib/gcc/arm-none-eabi/12.3.1/../../../../arm-none-eabi/lib/thumb/v7e-m/nofp\libc_nano.a
LOAD C:/ST/STM32CubeIDE_1.17.0/STM32CubeIDE/plugins/com.st.stm32cube.ide.mcu.externaltools.gnu-tools-for-stm32.12.3.rel1.win32_1.1.0.202410251130/tools/bin/../lib/gcc/arm-none-eabi/12.3.1/../../../../arm-none-eabi/lib/thumb/v7e-m/nofp\libnosys.a
END GROUP
LOAD C:/ST/STM32CubeIDE_1.17.0/STM32CubeIDE/plugins/com.st.stm32cube.ide.mcu.externaltools.gnu-tools-for-stm32.12.3.rel1.win32_1.1.0.202410251130/tools/bin/../lib/gcc/arm-none-eabi/12.3.1/thumb/v7e-m/nofp/crtend.o
LOAD C:/ST/STM32CubeIDE_1.17.0/STM32CubeIDE/plugins/com.st.stm32cube.ide.mcu.externaltools.gnu-tools-for-stm32.12.3.rel1.win32_1.1.0.202410251130/tools/bin/../lib/gcc/arm-none-eabi/12.3.1/thumb/v7e-m/nofp/crtn.o
                0x20010000                        _estack = (ORIGIN (RAM) + LENGTH (RAM))
                0x00000200                        _Min_Heap_Size = 0x200
                0x00000400                        _Min_Stack_Size = 0x400

.isr_vector     0x08000000      0x138
                0x08000000                        . = ALIGN (0x4)
 *(.isr_vector)
 .isr_vector    0x08000000      0x138 ./Core/Startup/startup_stm32wl55jcix.o
                0x08000000                g_pfnVectors
                0x08000138                        . = ALIGN (0x4)

.text           0x08000140     0x5b18
                0x08000140                        . = ALIGN (0x4)
 *(.text)
 .text          0x08000140       0x40 C:/ST/STM32CubeIDE_1.17.0/STM32CubeIDE/plugins/com.st.stm32cube.ide.mcu.externaltools.gnu-tools-for-stm32.12.3.rel1.win32_1.1.0.202410251130/tools/bin/../lib/gcc/arm-none-eabi/12.3.1/thumb/v7e-m/nofp/crtbegin.o
 .text          0x08000180       0x14 C:/ST/STM32CubeIDE_1.17.0/STM32CubeIDE/plugins/com.st.stm32cube.ide.mcu.externaltools.gnu-tools-for-stm32.12.3.rel1.win32_1.1.0.202410251130/tools/bin/../lib/gcc/arm-none-eabi/12.3.1/../../../../arm-none-eabi/lib/thumb/v7e-m/nofp\libc_nano.a(libc_a-strcmp.o)
                0x08000180                strcmp
 .text          0x08000194       0x10 C:/ST/STM32CubeIDE_1.17.0/STM32CubeIDE/plugins/com.st.stm32cube.ide.mcu.externaltools.gnu-tools-for-stm32.12.3.rel1.win32_1.1.0.202410251130/tools/bin/../lib/gcc/arm-none-eabi/12.3.1/../../../../arm-none-eabi/lib/thumb/v7e-m/nofp\libc_nano.a(libc_a-strlen.o)
                0x08000194                strlen
 *fill*         0x080001a4        0xc 
 .text          0x080001b0       0xa0 C:/ST/STM32CubeIDE_1.17.0/STM32CubeIDE/plugins/com.st.stm32cube.ide.mcu.externaltools.gnu-tools-for-stm32.12.3.rel1.win32_1.1.0.202410251130/tools/bin/../lib/gcc/arm-none-eabi/12.3.1/../../../../arm-none-eabi/lib/thumb/v7e-m/nofp\libc_nano.a(libc_a-memchr.o)
                0x080001b0                memchr
 .text          0x08000250       0x30 C:/ST/STM32CubeIDE_1.17.0/STM32CubeIDE/plugins/com.st.stm32cube.ide.mcu.externaltools.gnu-tools-for-stm32.12.3.rel1.win32_1.1.0.202410251130/tools/bin/../lib/gcc/arm-none-eabi/12.3.1/thumb/v7e-m/nofp\libgcc.a(_aeabi_uldivmod.o)
                0x08000250                __aeabi_uldivmod
 .text          0x08000280      0x2bc C:/ST/STM32CubeIDE_1.17.0/STM32CubeIDE/plugins/com.st.stm32cube.ide.mcu.externaltools.gnu-tools-for-stm32.12.3.rel1.win32_1.1.0.202410251130/tools/bin/../lib/gcc/arm-none-eabi/12.3.1/thumb/v7e-m/nofp\libgcc.a(_udivmoddi4.o)
                0x08000280                __udivmoddi4
 .text          0x0800053c        0x4 C:/ST/STM32CubeIDE_1.17.0/STM32CubeIDE/plugins/com.st.stm32cube.ide.mcu.externaltools.gnu-tools-for-stm32.12.3.rel1.win32_1.1.0.202410251130/tools/bin/../lib/gcc/arm-none-eabi/12.3.1/thumb/v7e-m/nofp\libgcc.a(_dvmd_tls.o)
                0x0800053c                __aeabi_idiv0
                0x0800053c                __aeabi_ldiv0
 *(.text*)
 .text.LL_AHB2_GRP1_EnableClock
                0x08000540       0x30 ./Core/Src/gpio.o
 .text.MX_GPIO_Init
                0x08000570        0xe ./Core/Src/gpio.o
                0x08000570                MX_GPIO_Init
 *fill*         0x0800057e        0x2 
 .text.pingPong
                0x08000580       0x78 ./Core/Src/main.o
                0x08000580                pingPong
 .text.main     0x080005f8       0x80 ./Core/Src/main.o
                0x080005f8                main
 .text.SystemClock_Config
                0x08000678       0xa4 ./Core/Src/main.o
                0x08000678                SystemClock_Config
 .text.Error_Handler
                0x0800071c        0xc ./Core/Src/main.o
                0x0800071c                Error_Handler
 .text.HAL_MspInit
                0x08000728        0xc ./Core/Src/stm32wlxx_hal_msp.o
                0x08000728                HAL_MspInit
 .text.NMI_Handler
                0x08000734        0x8 ./Core/Src/stm32wlxx_it.o
                0x08000734                NMI_Handler
 .text.HardFault_Handler
                0x0800073c        0x8 ./Core/Src/stm32wlxx_it.o
                0x0800073c                HardFault_Handler
 .text.MemManage_Handler
                0x08000744        0x8 ./Core/Src/stm32wlxx_it.o
                0x08000744                MemManage_Handler
 .text.BusFault_Handler
                0x0800074c        0x8 ./Core/Src/stm32wlxx_it.o
                0x0800074c                BusFault_Handler
 .text.UsageFault_Handler
                0x08000754        0x8 ./Core/Src/stm32wlxx_it.o
                0x08000754                UsageFault_Handler
 .text.SVC_Handler
                0x0800075c        0xc ./Core/Src/stm32wlxx_it.o
                0x0800075c                SVC_Handler
 .text.DebugMon_Handler
                0x08000768        0xc ./Core/Src/stm32wlxx_it.o
                0x08000768                DebugMon_Handler
 .text.PendSV_Handler
                0x08000774        0xc ./Core/Src/stm32wlxx_it.o
                0x08000774                PendSV_Handler
 .text.SysTick_Handler
                0x08000780        0xc ./Core/Src/stm32wlxx_it.o
                0x08000780                SysTick_Handler
 .text.LL_APB3_GRP1_EnableClock
                0x0800078c       0x30 ./Core/Src/subghz.o
 .text.MX_SUBGHZ_Init
                0x080007bc       0x24 ./Core/Src/subghz.o
                0x080007bc                MX_SUBGHZ_Init
 .text.HAL_SUBGHZ_MspInit
                0x080007e0       0x16 ./Core/Src/subghz.o
                0x080007e0                HAL_SUBGHZ_MspInit
 .text._read    0x080007f6       0x3a ./Core/Src/syscalls.o
                0x080007f6                _read
 .text._write   0x08000830       0x38 ./Core/Src/syscalls.o
                0x08000830                _write
 .text._close   0x08000868       0x16 ./Core/Src/syscalls.o
                0x08000868                _close
 .text._fstat   0x0800087e       0x1e ./Core/Src/syscalls.o
                0x0800087e                _fstat
 .text._isatty  0x0800089c       0x14 ./Core/Src/syscalls.o
                0x0800089c                _isatty
 .text._lseek   0x080008b0       0x18 ./Core/Src/syscalls.o
                0x080008b0                _lseek
 .text._sbrk    0x080008c8       0x6c ./Core/Src/sysmem.o
                0x080008c8                _sbrk
 .text.SystemInit
                0x08000934        0xc ./Core/Src/system_stm32wlxx.o
                0x08000934                SystemInit
 .text.LL_AHB2_GRP1_EnableClock
                0x08000940       0x30 ./Core/Src/usart.o
 .text.LL_APB1_GRP1_EnableClock
                0x08000970       0x30 ./Core/Src/usart.o
 .text.MX_USART2_UART_Init
                0x080009a0       0x98 ./Core/Src/usart.o
                0x080009a0                MX_USART2_UART_Init
 .text.HAL_UART_MspInit
                0x08000a38       0x8c ./Core/Src/usart.o
                0x08000a38                HAL_UART_MspInit
 .text.Reset_Handler
                0x08000ac4       0x50 ./Core/Startup/startup_stm32wl55jcix.o
                0x08000ac4                Reset_Handler
 .text.Default_Handler
                0x08000b14        0x2 ./Core/Startup/startup_stm32wl55jcix.o
                0x08000b14                RTC_Alarm_IRQHandler
                0x08000b14                EXTI2_IRQHandler
                0x08000b14                TIM1_CC_IRQHandler
                0x08000b14                EXTI3_IRQHandler
                0x08000b14                LPTIM2_IRQHandler
                0x08000b14                I2C3_ER_IRQHandler
                0x08000b14                LPTIM3_IRQHandler
                0x08000b14                EXTI0_IRQHandler
                0x08000b14                I2C2_EV_IRQHandler
                0x08000b14                TAMP_STAMP_LSECSS_SSRU_IRQHandler
                0x08000b14                SPI1_IRQHandler
                0x08000b14                DMA2_Channel2_IRQHandler
                0x08000b14                DMA1_Channel4_IRQHandler
                0x08000b14                PKA_IRQHandler
                0x08000b14                TIM17_IRQHandler
                0x08000b14                DMA1_Channel7_IRQHandler
                0x08000b14                SUBGHZSPI_IRQHandler
                0x08000b14                IPCC_C1_TX_IRQHandler
                0x08000b14                DMA2_Channel1_IRQHandler
                0x08000b14                I2C1_EV_IRQHandler
                0x08000b14                SUBGHZ_Radio_IRQHandler
                0x08000b14                DMAMUX1_OVR_IRQHandler
                0x08000b14                DMA1_Channel6_IRQHandler
                0x08000b14                TIM16_IRQHandler
                0x08000b14                DMA2_Channel4_IRQHandler
                0x08000b14                RCC_IRQHandler
                0x08000b14                TIM1_TRG_COM_IRQHandler
                0x08000b14                DMA1_Channel1_IRQHandler
                0x08000b14                Default_Handler
                0x08000b14                DMA2_Channel7_IRQHandler
                0x08000b14                EXTI15_10_IRQHandler
                0x08000b14                IPCC_C1_RX_IRQHandler
                0x08000b14                ADC_IRQHandler
                0x08000b14                C2SEV_PWR_C2H_IRQHandler
                0x08000b14                I2C3_EV_IRQHandler
                0x08000b14                EXTI9_5_IRQHandler
                0x08000b14                RTC_WKUP_IRQHandler
                0x08000b14                PVD_PVM_IRQHandler
                0x08000b14                SPI2_IRQHandler
                0x08000b14                DMA2_Channel5_IRQHandler
                0x08000b14                DMA1_Channel5_IRQHandler
                0x08000b14                EXTI4_IRQHandler
                0x08000b14                RNG_IRQHandler
                0x08000b14                DMA1_Channel3_IRQHandler
                0x08000b14                COMP_IRQHandler
                0x08000b14                HSEM_IRQHandler
                0x08000b14                TIM1_UP_IRQHandler
                0x08000b14                WWDG_IRQHandler
                0x08000b14                LPUART1_IRQHandler
                0x08000b14                DMA2_Channel6_IRQHandler
                0x08000b14                TIM2_IRQHandler
                0x08000b14                TIM1_BRK_IRQHandler
                0x08000b14                DAC_IRQHandler
                0x08000b14                EXTI1_IRQHandler
                0x08000b14                AES_IRQHandler
                0x08000b14                USART2_IRQHandler
                0x08000b14                I2C2_ER_IRQHandler
                0x08000b14                DMA1_Channel2_IRQHandler
                0x08000b14                FLASH_IRQHandler
                0x08000b14                USART1_IRQHandler
                0x08000b14                I2C1_ER_IRQHandler
                0x08000b14                LPTIM1_IRQHandler
                0x08000b14                DMA2_Channel3_IRQHandler
 .text.LL_AHB2_GRP1_EnableClock
                0x08000b16       0x30 ./Drivers/BSP/STM32WLxx_Nucleo/stm32wlxx_nucleo_radio.o
 *fill*         0x08000b46        0x2 
 .text.BSP_RADIO_Init
                0x08000b48       0x7c ./Drivers/BSP/STM32WLxx_Nucleo/stm32wlxx_nucleo_radio.o
                0x08000b48                BSP_RADIO_Init
 .text.BSP_RADIO_ConfigRFSwitch
                0x08000bc4       0xb8 ./Drivers/BSP/STM32WLxx_Nucleo/stm32wlxx_nucleo_radio.o
                0x08000bc4                BSP_RADIO_ConfigRFSwitch
 .text.BSP_RADIO_GetTxConfig
                0x08000c7c        0xe ./Drivers/BSP/STM32WLxx_Nucleo/stm32wlxx_nucleo_radio.o
                0x08000c7c                BSP_RADIO_GetTxConfig
 .text.BSP_RADIO_IsTCXO
                0x08000c8a        0xe ./Drivers/BSP/STM32WLxx_Nucleo/stm32wlxx_nucleo_radio.o
                0x08000c8a                BSP_RADIO_IsTCXO
 .text.BSP_RADIO_IsDCDC
                0x08000c98        0xe ./Drivers/BSP/STM32WLxx_Nucleo/stm32wlxx_nucleo_radio.o
                0x08000c98                BSP_RADIO_IsDCDC
 .text.BSP_RADIO_GetRFOMaxPowerConfig
                0x08000ca6       0x26 ./Drivers/BSP/STM32WLxx_Nucleo/stm32wlxx_nucleo_radio.o
                0x08000ca6                BSP_RADIO_GetRFOMaxPowerConfig
 .text.RBI_Init
                0x08000ccc        0xe ./Drivers/Radio/radio_board_if.o
                0x08000ccc                RBI_Init
 .text.RBI_ConfigRFSwitch
                0x08000cda       0x1c ./Drivers/Radio/radio_board_if.o
                0x08000cda                RBI_ConfigRFSwitch
 .text.RBI_GetTxConfig
                0x08000cf6        0xe ./Drivers/Radio/radio_board_if.o
                0x08000cf6                RBI_GetTxConfig
 .text.RBI_IsTCXO
                0x08000d04        0xe ./Drivers/Radio/radio_board_if.o
                0x08000d04                RBI_IsTCXO
 .text.RBI_IsDCDC
                0x08000d12        0xe ./Drivers/Radio/radio_board_if.o
                0x08000d12                RBI_IsDCDC
 .text.RBI_GetRFOMaxPowerConfig
                0x08000d20       0x1c ./Drivers/Radio/radio_board_if.o
                0x08000d20                RBI_GetRFOMaxPowerConfig
 .text.SUBGRF_Init
                0x08000d3c       0x90 ./Drivers/Radio/radio_driver.o
                0x08000d3c                SUBGRF_Init
 .text.SUBGRF_SetPayload
                0x08000dcc       0x20 ./Drivers/Radio/radio_driver.o
                0x08000dcc                SUBGRF_SetPayload
 .text.SUBGRF_GetPayload
                0x08000dec       0x44 ./Drivers/Radio/radio_driver.o
                0x08000dec                SUBGRF_GetPayload
 .text.SUBGRF_SendPayload
                0x08000e30       0x26 ./Drivers/Radio/radio_driver.o
                0x08000e30                SUBGRF_SendPayload
 .text.SUBGRF_SetCrcSeed
                0x08000e56       0x40 ./Drivers/Radio/radio_driver.o
                0x08000e56                SUBGRF_SetCrcSeed
 .text.SUBGRF_SetCrcPolynomial
                0x08000e96       0x40 ./Drivers/Radio/radio_driver.o
                0x08000e96                SUBGRF_SetCrcPolynomial
 *fill*         0x08000ed6        0x2 
 .text.SUBGRF_SetStandby
                0x08000ed8       0x38 ./Drivers/Radio/radio_driver.o
                0x08000ed8                SUBGRF_SetStandby
 .text.SUBGRF_SetTx
                0x08000f10       0x40 ./Drivers/Radio/radio_driver.o
                0x08000f10                SUBGRF_SetTx
 .text.SUBGRF_SetRx
                0x08000f50       0x40 ./Drivers/Radio/radio_driver.o
                0x08000f50                SUBGRF_SetRx
 .text.SUBGRF_SetStopRxTimerOnPreambleDetect
                0x08000f90       0x1e ./Drivers/Radio/radio_driver.o
                0x08000f90                SUBGRF_SetStopRxTimerOnPreambleDetect
 .text.SUBGRF_SetRegulatorMode
                0x08000fae       0x2e ./Drivers/Radio/radio_driver.o
                0x08000fae                SUBGRF_SetRegulatorMode
 .text.SUBGRF_Calibrate
                0x08000fdc       0x8c ./Drivers/Radio/radio_driver.o
                0x08000fdc                SUBGRF_Calibrate
 .text.SUBGRF_CalibrateImage
                0x08001068       0x94 ./Drivers/Radio/radio_driver.o
                0x08001068                SUBGRF_CalibrateImage
 .text.SUBGRF_SetPaConfig
                0x080010fc       0x44 ./Drivers/Radio/radio_driver.o
                0x080010fc                SUBGRF_SetPaConfig
 .text.SUBGRF_SetDioIrqParams
                0x08001140       0x74 ./Drivers/Radio/radio_driver.o
                0x08001140                SUBGRF_SetDioIrqParams
 .text.SUBGRF_SetTcxoMode
                0x080011b4       0x42 ./Drivers/Radio/radio_driver.o
                0x080011b4                SUBGRF_SetTcxoMode
 *fill*         0x080011f6        0x2 
 .text.SUBGRF_SetRfFrequency
                0x080011f8       0x8c ./Drivers/Radio/radio_driver.o
                0x080011f8                SUBGRF_SetRfFrequency
 .text.SUBGRF_SetPacketType
                0x08001284       0x38 ./Drivers/Radio/radio_driver.o
                0x08001284                SUBGRF_SetPacketType
 .text.SUBGRF_GetPacketType
                0x080012bc       0x14 ./Drivers/Radio/radio_driver.o
                0x080012bc                SUBGRF_GetPacketType
 .text.SUBGRF_SetTxParams
                0x080012d0      0x19a ./Drivers/Radio/radio_driver.o
                0x080012d0                SUBGRF_SetTxParams
 *fill*         0x0800146a        0x2 
 .text.SUBGRF_SetModulationParams
                0x0800146c      0x1a4 ./Drivers/Radio/radio_driver.o
                0x0800146c                SUBGRF_SetModulationParams
 .text.SUBGRF_SetPacketParams
                0x08001610      0x13c ./Drivers/Radio/radio_driver.o
                0x08001610                SUBGRF_SetPacketParams
 .text.SUBGRF_SetBufferBaseAddress
                0x0800174c       0x2e ./Drivers/Radio/radio_driver.o
                0x0800174c                SUBGRF_SetBufferBaseAddress
 *fill*         0x0800177a        0x2 
 .text.SUBGRF_GetRxBufferStatus
                0x0800177c       0x58 ./Drivers/Radio/radio_driver.o
                0x0800177c                SUBGRF_GetRxBufferStatus
 .text.SUBGRF_WriteRegister
                0x080017d4       0x28 ./Drivers/Radio/radio_driver.o
                0x080017d4                SUBGRF_WriteRegister
 .text.SUBGRF_ReadRegister
                0x080017fc       0x28 ./Drivers/Radio/radio_driver.o
                0x080017fc                SUBGRF_ReadRegister
 .text.SUBGRF_WriteRegisters
                0x08001824       0x44 ./Drivers/Radio/radio_driver.o
                0x08001824                SUBGRF_WriteRegisters
 .text.SUBGRF_WriteBuffer
                0x08001868       0x44 ./Drivers/Radio/radio_driver.o
                0x08001868                SUBGRF_WriteBuffer
 .text.SUBGRF_ReadBuffer
                0x080018ac       0x44 ./Drivers/Radio/radio_driver.o
                0x080018ac                SUBGRF_ReadBuffer
 .text.SUBGRF_WriteCommand
                0x080018f0       0x44 ./Drivers/Radio/radio_driver.o
                0x080018f0                SUBGRF_WriteCommand
 .text.SUBGRF_ReadCommand
                0x08001934       0x44 ./Drivers/Radio/radio_driver.o
                0x08001934                SUBGRF_ReadCommand
 .text.SUBGRF_SetSwitch
                0x08001978       0x50 ./Drivers/Radio/radio_driver.o
                0x08001978                SUBGRF_SetSwitch
 .text.SUBGRF_SetRfTxPower
                0x080019c8       0x68 ./Drivers/Radio/radio_driver.o
                0x080019c8                SUBGRF_SetRfTxPower
 .text.Radio_SMPS_Set
                0x08001a30       0x42 ./Drivers/Radio/radio_driver.o
 *fill*         0x08001a72        0x2 
 .text.HAL_Init
                0x08001a74       0x40 ./Drivers/STM32WLxx_HAL_Driver/Src/stm32wlxx_hal.o
                0x08001a74                HAL_Init
 .text.HAL_InitTick
                0x08001ab4       0x74 ./Drivers/STM32WLxx_HAL_Driver/Src/stm32wlxx_hal.o
                0x08001ab4                HAL_InitTick
 .text.HAL_IncTick
                0x08001b28       0x24 ./Drivers/STM32WLxx_HAL_Driver/Src/stm32wlxx_hal.o
                0x08001b28                HAL_IncTick
 .text.HAL_GetTick
                0x08001b4c       0x14 ./Drivers/STM32WLxx_HAL_Driver/Src/stm32wlxx_hal.o
                0x08001b4c                HAL_GetTick
 .text.HAL_Delay
                0x08001b60       0x48 ./Drivers/STM32WLxx_HAL_Driver/Src/stm32wlxx_hal.o
                0x08001b60                HAL_Delay
 .text.__NVIC_SetPriorityGrouping
                0x08001ba8       0x48 ./Drivers/STM32WLxx_HAL_Driver/Src/stm32wlxx_hal_cortex.o
 .text.__NVIC_GetPriorityGrouping
                0x08001bf0       0x1c ./Drivers/STM32WLxx_HAL_Driver/Src/stm32wlxx_hal_cortex.o
 .text.__NVIC_SetPriority
                0x08001c0c       0x54 ./Drivers/STM32WLxx_HAL_Driver/Src/stm32wlxx_hal_cortex.o
 .text.NVIC_EncodePriority
                0x08001c60       0x64 ./Drivers/STM32WLxx_HAL_Driver/Src/stm32wlxx_hal_cortex.o
 .text.SysTick_Config
                0x08001cc4       0x44 ./Drivers/STM32WLxx_HAL_Driver/Src/stm32wlxx_hal_cortex.o
 .text.HAL_NVIC_SetPriorityGrouping
                0x08001d08       0x16 ./Drivers/STM32WLxx_HAL_Driver/Src/stm32wlxx_hal_cortex.o
                0x08001d08                HAL_NVIC_SetPriorityGrouping
 .text.HAL_NVIC_SetPriority
                0x08001d1e       0x34 ./Drivers/STM32WLxx_HAL_Driver/Src/stm32wlxx_hal_cortex.o
                0x08001d1e                HAL_NVIC_SetPriority
 .text.HAL_SYSTICK_Config
                0x08001d52       0x18 ./Drivers/STM32WLxx_HAL_Driver/Src/stm32wlxx_hal_cortex.o
                0x08001d52                HAL_SYSTICK_Config
 *fill*         0x08001d6a        0x2 
 .text.HAL_GPIO_Init
                0x08001d6c      0x2c0 ./Drivers/STM32WLxx_HAL_Driver/Src/stm32wlxx_hal_gpio.o
                0x08001d6c                HAL_GPIO_Init
 .text.HAL_GPIO_WritePin
                0x0800202c       0x2e ./Drivers/STM32WLxx_HAL_Driver/Src/stm32wlxx_hal_gpio.o
                0x0800202c                HAL_GPIO_WritePin
 *fill*         0x0800205a        0x2 
 .text.HAL_PWR_EnableBkUpAccess
                0x0800205c       0x1c ./Drivers/STM32WLxx_HAL_Driver/Src/stm32wlxx_hal_pwr.o
                0x0800205c                HAL_PWR_EnableBkUpAccess
 .text.HAL_PWREx_GetVoltageRange
                0x08002078       0x18 ./Drivers/STM32WLxx_HAL_Driver/Src/stm32wlxx_hal_pwr_ex.o
                0x08002078                HAL_PWREx_GetVoltageRange
 .text.LL_PWR_IsEnabledBkUpAccess
                0x08002090       0x24 ./Drivers/STM32WLxx_HAL_Driver/Src/stm32wlxx_hal_rcc.o
 .text.LL_RCC_HSE_EnableTcxo
                0x080020b4       0x1c ./Drivers/STM32WLxx_HAL_Driver/Src/stm32wlxx_hal_rcc.o
 .text.LL_RCC_HSE_DisableTcxo
                0x080020d0       0x1c ./Drivers/STM32WLxx_HAL_Driver/Src/stm32wlxx_hal_rcc.o
 .text.LL_RCC_HSE_IsEnabledDiv2
                0x080020ec       0x22 ./Drivers/STM32WLxx_HAL_Driver/Src/stm32wlxx_hal_rcc.o
 .text.LL_RCC_HSE_Enable
                0x0800210e       0x1c ./Drivers/STM32WLxx_HAL_Driver/Src/stm32wlxx_hal_rcc.o
 .text.LL_RCC_HSE_Disable
                0x0800212a       0x1c ./Drivers/STM32WLxx_HAL_Driver/Src/stm32wlxx_hal_rcc.o
 .text.LL_RCC_HSE_IsReady
                0x08002146       0x22 ./Drivers/STM32WLxx_HAL_Driver/Src/stm32wlxx_hal_rcc.o
 .text.LL_RCC_HSI_Enable
                0x08002168       0x1c ./Drivers/STM32WLxx_HAL_Driver/Src/stm32wlxx_hal_rcc.o
 .text.LL_RCC_HSI_Disable
                0x08002184       0x1c ./Drivers/STM32WLxx_HAL_Driver/Src/stm32wlxx_hal_rcc.o
 .text.LL_RCC_HSI_IsReady
                0x080021a0       0x22 ./Drivers/STM32WLxx_HAL_Driver/Src/stm32wlxx_hal_rcc.o
 .text.LL_RCC_HSI_SetCalibTrimming
                0x080021c2       0x28 ./Drivers/STM32WLxx_HAL_Driver/Src/stm32wlxx_hal_rcc.o
 .text.LL_RCC_LSE_IsReady
                0x080021ea       0x22 ./Drivers/STM32WLxx_HAL_Driver/Src/stm32wlxx_hal_rcc.o
 .text.LL_RCC_LSI_Enable
                0x0800220c       0x20 ./Drivers/STM32WLxx_HAL_Driver/Src/stm32wlxx_hal_rcc.o
 .text.LL_RCC_LSI_Disable
                0x0800222c       0x20 ./Drivers/STM32WLxx_HAL_Driver/Src/stm32wlxx_hal_rcc.o
 .text.LL_RCC_LSI_IsReady
                0x0800224c       0x22 ./Drivers/STM32WLxx_HAL_Driver/Src/stm32wlxx_hal_rcc.o
 .text.LL_RCC_MSI_Enable
                0x0800226e       0x1c ./Drivers/STM32WLxx_HAL_Driver/Src/stm32wlxx_hal_rcc.o
 .text.LL_RCC_MSI_Disable
                0x0800228a       0x1c ./Drivers/STM32WLxx_HAL_Driver/Src/stm32wlxx_hal_rcc.o
 .text.LL_RCC_MSI_IsReady
                0x080022a6       0x20 ./Drivers/STM32WLxx_HAL_Driver/Src/stm32wlxx_hal_rcc.o
 .text.LL_RCC_MSI_IsEnabledRangeSelect
                0x080022c6       0x20 ./Drivers/STM32WLxx_HAL_Driver/Src/stm32wlxx_hal_rcc.o
 .text.LL_RCC_MSI_GetRange
                0x080022e6       0x16 ./Drivers/STM32WLxx_HAL_Driver/Src/stm32wlxx_hal_rcc.o
 .text.LL_RCC_MSI_GetRangeAfterStandby
                0x080022fc       0x18 ./Drivers/STM32WLxx_HAL_Driver/Src/stm32wlxx_hal_rcc.o
 .text.LL_RCC_MSI_SetCalibTrimming
                0x08002314       0x28 ./Drivers/STM32WLxx_HAL_Driver/Src/stm32wlxx_hal_rcc.o
 .text.LL_RCC_SetSysClkSource
                0x0800233c       0x26 ./Drivers/STM32WLxx_HAL_Driver/Src/stm32wlxx_hal_rcc.o
 .text.LL_RCC_GetSysClkSource
                0x08002362       0x16 ./Drivers/STM32WLxx_HAL_Driver/Src/stm32wlxx_hal_rcc.o
 .text.LL_RCC_SetAHBPrescaler
                0x08002378       0x26 ./Drivers/STM32WLxx_HAL_Driver/Src/stm32wlxx_hal_rcc.o
 .text.LL_C2_RCC_SetAHBPrescaler
                0x0800239e       0x2a ./Drivers/STM32WLxx_HAL_Driver/Src/stm32wlxx_hal_rcc.o
 .text.LL_RCC_SetAHB3Prescaler
                0x080023c8       0x2c ./Drivers/STM32WLxx_HAL_Driver/Src/stm32wlxx_hal_rcc.o
 .text.LL_RCC_SetAPB1Prescaler
                0x080023f4       0x26 ./Drivers/STM32WLxx_HAL_Driver/Src/stm32wlxx_hal_rcc.o
 .text.LL_RCC_SetAPB2Prescaler
                0x0800241a       0x26 ./Drivers/STM32WLxx_HAL_Driver/Src/stm32wlxx_hal_rcc.o
 .text.LL_RCC_GetAHBPrescaler
                0x08002440       0x16 ./Drivers/STM32WLxx_HAL_Driver/Src/stm32wlxx_hal_rcc.o
 .text.LL_RCC_GetAHB3Prescaler
                0x08002456       0x1a ./Drivers/STM32WLxx_HAL_Driver/Src/stm32wlxx_hal_rcc.o
 .text.LL_RCC_GetAPB1Prescaler
                0x08002470       0x16 ./Drivers/STM32WLxx_HAL_Driver/Src/stm32wlxx_hal_rcc.o
 .text.LL_RCC_GetAPB2Prescaler
                0x08002486       0x16 ./Drivers/STM32WLxx_HAL_Driver/Src/stm32wlxx_hal_rcc.o
 .text.LL_RCC_PLL_Enable
                0x0800249c       0x1c ./Drivers/STM32WLxx_HAL_Driver/Src/stm32wlxx_hal_rcc.o
 .text.LL_RCC_PLL_Disable
                0x080024b8       0x1c ./Drivers/STM32WLxx_HAL_Driver/Src/stm32wlxx_hal_rcc.o
 .text.LL_RCC_PLL_IsReady
                0x080024d4       0x22 ./Drivers/STM32WLxx_HAL_Driver/Src/stm32wlxx_hal_rcc.o
 .text.LL_RCC_PLL_GetN
                0x080024f6       0x18 ./Drivers/STM32WLxx_HAL_Driver/Src/stm32wlxx_hal_rcc.o
 .text.LL_RCC_PLL_GetR
                0x0800250e       0x16 ./Drivers/STM32WLxx_HAL_Driver/Src/stm32wlxx_hal_rcc.o
 .text.LL_RCC_PLL_GetDivider
                0x08002524       0x16 ./Drivers/STM32WLxx_HAL_Driver/Src/stm32wlxx_hal_rcc.o
 .text.LL_RCC_PLL_GetMainSource
                0x0800253a       0x16 ./Drivers/STM32WLxx_HAL_Driver/Src/stm32wlxx_hal_rcc.o
 .text.LL_RCC_IsActiveFlag_HPRE
                0x08002550       0x22 ./Drivers/STM32WLxx_HAL_Driver/Src/stm32wlxx_hal_rcc.o
 .text.LL_RCC_IsActiveFlag_C2HPRE
                0x08002572       0x24 ./Drivers/STM32WLxx_HAL_Driver/Src/stm32wlxx_hal_rcc.o
 .text.LL_RCC_IsActiveFlag_SHDHPRE
                0x08002596       0x24 ./Drivers/STM32WLxx_HAL_Driver/Src/stm32wlxx_hal_rcc.o
 .text.LL_RCC_IsActiveFlag_PPRE1
                0x080025ba       0x22 ./Drivers/STM32WLxx_HAL_Driver/Src/stm32wlxx_hal_rcc.o
 .text.LL_RCC_IsActiveFlag_PPRE2
                0x080025dc       0x22 ./Drivers/STM32WLxx_HAL_Driver/Src/stm32wlxx_hal_rcc.o
 *fill*         0x080025fe        0x2 
 .text.HAL_RCC_OscConfig
                0x08002600      0x704 ./Drivers/STM32WLxx_HAL_Driver/Src/stm32wlxx_hal_rcc.o
                0x08002600                HAL_RCC_OscConfig
 .text.HAL_RCC_ClockConfig
                0x08002d04      0x284 ./Drivers/STM32WLxx_HAL_Driver/Src/stm32wlxx_hal_rcc.o
                0x08002d04                HAL_RCC_ClockConfig
 .text.HAL_RCC_GetSysClockFreq
                0x08002f88      0x140 ./Drivers/STM32WLxx_HAL_Driver/Src/stm32wlxx_hal_rcc.o
                0x08002f88                HAL_RCC_GetSysClockFreq
 .text.HAL_RCC_GetHCLKFreq
                0x080030c8       0x28 ./Drivers/STM32WLxx_HAL_Driver/Src/stm32wlxx_hal_rcc.o
                0x080030c8                HAL_RCC_GetHCLKFreq
 .text.HAL_RCC_GetPCLK1Freq
                0x080030f0       0x24 ./Drivers/STM32WLxx_HAL_Driver/Src/stm32wlxx_hal_rcc.o
                0x080030f0                HAL_RCC_GetPCLK1Freq
 .text.HAL_RCC_GetPCLK2Freq
                0x08003114       0x24 ./Drivers/STM32WLxx_HAL_Driver/Src/stm32wlxx_hal_rcc.o
                0x08003114                HAL_RCC_GetPCLK2Freq
 .text.RCC_SetFlashLatencyFromMSIRange
                0x08003138       0x60 ./Drivers/STM32WLxx_HAL_Driver/Src/stm32wlxx_hal_rcc.o
 .text.RCC_SetFlashLatency
                0x08003198      0x104 ./Drivers/STM32WLxx_HAL_Driver/Src/stm32wlxx_hal_rcc.o
 .text.LL_RCC_LSE_IsReady
                0x0800329c       0x22 ./Drivers/STM32WLxx_HAL_Driver/Src/stm32wlxx_hal_rcc_ex.o
 .text.LL_RCC_SetUSARTClockSource
                0x080032be       0x30 ./Drivers/STM32WLxx_HAL_Driver/Src/stm32wlxx_hal_rcc_ex.o
 .text.LL_RCC_SetI2SClockSource
                0x080032ee       0x2a ./Drivers/STM32WLxx_HAL_Driver/Src/stm32wlxx_hal_rcc_ex.o
 .text.LL_RCC_SetLPUARTClockSource
                0x08003318       0x2a ./Drivers/STM32WLxx_HAL_Driver/Src/stm32wlxx_hal_rcc_ex.o
 .text.LL_RCC_SetI2CClockSource
                0x08003342       0x38 ./Drivers/STM32WLxx_HAL_Driver/Src/stm32wlxx_hal_rcc_ex.o
 .text.LL_RCC_SetLPTIMClockSource
                0x0800337a       0x32 ./Drivers/STM32WLxx_HAL_Driver/Src/stm32wlxx_hal_rcc_ex.o
 .text.LL_RCC_SetRNGClockSource
                0x080033ac       0x2a ./Drivers/STM32WLxx_HAL_Driver/Src/stm32wlxx_hal_rcc_ex.o
 .text.LL_RCC_SetADCClockSource
                0x080033d6       0x2a ./Drivers/STM32WLxx_HAL_Driver/Src/stm32wlxx_hal_rcc_ex.o
 .text.LL_RCC_SetRTCClockSource
                0x08003400       0x2a ./Drivers/STM32WLxx_HAL_Driver/Src/stm32wlxx_hal_rcc_ex.o
 .text.LL_RCC_GetRTCClockSource
                0x0800342a       0x18 ./Drivers/STM32WLxx_HAL_Driver/Src/stm32wlxx_hal_rcc_ex.o
 .text.LL_RCC_ForceBackupDomainReset
                0x08003442       0x20 ./Drivers/STM32WLxx_HAL_Driver/Src/stm32wlxx_hal_rcc_ex.o
 .text.LL_RCC_ReleaseBackupDomainReset
                0x08003462       0x20 ./Drivers/STM32WLxx_HAL_Driver/Src/stm32wlxx_hal_rcc_ex.o
 *fill*         0x08003482        0x2 
 .text.HAL_RCCEx_PeriphCLKConfig
                0x08003484      0x234 ./Drivers/STM32WLxx_HAL_Driver/Src/stm32wlxx_hal_rcc_ex.o
                0x08003484                HAL_RCCEx_PeriphCLKConfig
 .text.LL_PWR_SetRadioBusyTrigger
                0x080036b8       0x28 ./Drivers/STM32WLxx_HAL_Driver/Src/stm32wlxx_hal_subghz.o
 .text.LL_PWR_UnselectSUBGHZSPI_NSS
                0x080036e0       0x20 ./Drivers/STM32WLxx_HAL_Driver/Src/stm32wlxx_hal_subghz.o
 .text.LL_PWR_SelectSUBGHZSPI_NSS
                0x08003700       0x20 ./Drivers/STM32WLxx_HAL_Driver/Src/stm32wlxx_hal_subghz.o
 .text.LL_PWR_ClearFlag_RFBUSY
                0x08003720       0x18 ./Drivers/STM32WLxx_HAL_Driver/Src/stm32wlxx_hal_subghz.o
 .text.LL_PWR_IsActiveFlag_RFBUSYS
                0x08003738       0x24 ./Drivers/STM32WLxx_HAL_Driver/Src/stm32wlxx_hal_subghz.o
 .text.LL_PWR_IsActiveFlag_RFBUSYMS
                0x0800375c       0x24 ./Drivers/STM32WLxx_HAL_Driver/Src/stm32wlxx_hal_subghz.o
 .text.LL_RCC_RF_DisableReset
                0x08003780       0x20 ./Drivers/STM32WLxx_HAL_Driver/Src/stm32wlxx_hal_subghz.o
 .text.LL_RCC_IsRFUnderReset
                0x080037a0       0x24 ./Drivers/STM32WLxx_HAL_Driver/Src/stm32wlxx_hal_subghz.o
 .text.LL_EXTI_EnableIT_32_63
                0x080037c4       0x28 ./Drivers/STM32WLxx_HAL_Driver/Src/stm32wlxx_hal_subghz.o
 .text.HAL_SUBGHZ_Init
                0x080037ec       0xc8 ./Drivers/STM32WLxx_HAL_Driver/Src/stm32wlxx_hal_subghz.o
                0x080037ec                HAL_SUBGHZ_Init
 .text.HAL_SUBGHZ_WriteRegisters
                0x080038b4       0xbe ./Drivers/STM32WLxx_HAL_Driver/Src/stm32wlxx_hal_subghz.o
                0x080038b4                HAL_SUBGHZ_WriteRegisters
 .text.HAL_SUBGHZ_ReadRegisters
                0x08003972       0xc2 ./Drivers/STM32WLxx_HAL_Driver/Src/stm32wlxx_hal_subghz.o
                0x08003972                HAL_SUBGHZ_ReadRegisters
 .text.HAL_SUBGHZ_ExecSetCmd
                0x08003a34       0xbe ./Drivers/STM32WLxx_HAL_Driver/Src/stm32wlxx_hal_subghz.o
                0x08003a34                HAL_SUBGHZ_ExecSetCmd
 .text.HAL_SUBGHZ_ExecGetCmd
                0x08003af2       0xa8 ./Drivers/STM32WLxx_HAL_Driver/Src/stm32wlxx_hal_subghz.o
                0x08003af2                HAL_SUBGHZ_ExecGetCmd
 .text.HAL_SUBGHZ_WriteBuffer
                0x08003b9a       0xa6 ./Drivers/STM32WLxx_HAL_Driver/Src/stm32wlxx_hal_subghz.o
                0x08003b9a                HAL_SUBGHZ_WriteBuffer
 .text.HAL_SUBGHZ_ReadBuffer
                0x08003c40       0xb0 ./Drivers/STM32WLxx_HAL_Driver/Src/stm32wlxx_hal_subghz.o
                0x08003c40                HAL_SUBGHZ_ReadBuffer
 .text.SUBGHZSPI_Init
                0x08003cf0       0x40 ./Drivers/STM32WLxx_HAL_Driver/Src/stm32wlxx_hal_subghz.o
                0x08003cf0                SUBGHZSPI_Init
 .text.SUBGHZSPI_Transmit
                0x08003d30       0xac ./Drivers/STM32WLxx_HAL_Driver/Src/stm32wlxx_hal_subghz.o
                0x08003d30                SUBGHZSPI_Transmit
 .text.SUBGHZSPI_Receive
                0x08003ddc       0xb0 ./Drivers/STM32WLxx_HAL_Driver/Src/stm32wlxx_hal_subghz.o
                0x08003ddc                SUBGHZSPI_Receive
 .text.SUBGHZ_CheckDeviceReady
                0x08003e8c       0x48 ./Drivers/STM32WLxx_HAL_Driver/Src/stm32wlxx_hal_subghz.o
                0x08003e8c                SUBGHZ_CheckDeviceReady
 .text.SUBGHZ_WaitOnBusy
                0x08003ed4       0x5c ./Drivers/STM32WLxx_HAL_Driver/Src/stm32wlxx_hal_subghz.o
                0x08003ed4                SUBGHZ_WaitOnBusy
 .text.LL_RCC_GetUSARTClockSource
                0x08003f30       0x24 ./Drivers/STM32WLxx_HAL_Driver/Src/stm32wlxx_hal_uart.o
 .text.LL_RCC_GetLPUARTClockSource
                0x08003f54       0x1e ./Drivers/STM32WLxx_HAL_Driver/Src/stm32wlxx_hal_uart.o
 .text.HAL_UART_Init
                0x08003f72       0xa0 ./Drivers/STM32WLxx_HAL_Driver/Src/stm32wlxx_hal_uart.o
                0x08003f72                HAL_UART_Init
 *fill*         0x08004012        0x2 
 .text.UART_SetConfig
                0x08004014      0x4e8 ./Drivers/STM32WLxx_HAL_Driver/Src/stm32wlxx_hal_uart.o
                0x08004014                UART_SetConfig
 .text.UART_AdvFeatureConfig
                0x080044fc      0x142 ./Drivers/STM32WLxx_HAL_Driver/Src/stm32wlxx_hal_uart.o
                0x080044fc                UART_AdvFeatureConfig
 .text.UART_CheckIdleState
                0x0800463e       0x9c ./Drivers/STM32WLxx_HAL_Driver/Src/stm32wlxx_hal_uart.o
                0x0800463e                UART_CheckIdleState
 .text.UART_WaitOnFlagUntilTimeout
                0x080046da      0x19c ./Drivers/STM32WLxx_HAL_Driver/Src/stm32wlxx_hal_uart.o
                0x080046da                UART_WaitOnFlagUntilTimeout
 .text.HAL_UARTEx_DisableFifoMode
                0x08004876       0x70 ./Drivers/STM32WLxx_HAL_Driver/Src/stm32wlxx_hal_uart_ex.o
                0x08004876                HAL_UARTEx_DisableFifoMode
 .text.HAL_UARTEx_SetTxFifoThreshold
                0x080048e6       0x7c ./Drivers/STM32WLxx_HAL_Driver/Src/stm32wlxx_hal_uart_ex.o
                0x080048e6                HAL_UARTEx_SetTxFifoThreshold
 .text.HAL_UARTEx_SetRxFifoThreshold
                0x08004962       0x7c ./Drivers/STM32WLxx_HAL_Driver/Src/stm32wlxx_hal_uart_ex.o
                0x08004962                HAL_UARTEx_SetRxFifoThreshold
 *fill*         0x080049de        0x2 
 .text.UARTEx_SetNbDataToProcess
                0x080049e0       0x98 ./Drivers/STM32WLxx_HAL_Driver/Src/stm32wlxx_hal_uart_ex.o
 .text.getDefaultLoRaConfig
                0x08004a78       0x20 ./LoRaWizard/LoRaConf.o
                0x08004a78                getDefaultLoRaConfig
 .text.LoraInit
                0x08004a98       0xf0 ./LoRaWizard/LoRaConf.o
                0x08004a98                LoraInit
 .text.RadioOnDioIrq
                0x08004b88       0x1a ./LoRaWizard/LoRaEvents.o
                0x08004b88                RadioOnDioIrq
 *fill*         0x08004ba2        0x2 
 .text.LoRaEventHandler
                0x08004ba4       0x68 ./LoRaWizard/LoRaEvents.o
                0x08004ba4                LoRaEventHandler
 .text.getLastLoRaEvent
                0x08004c0c       0x18 ./LoRaWizard/LoRaEvents.o
                0x08004c0c                getLastLoRaEvent
 .text.SendMessage
                0x08004c24       0x94 ./LoRaWizard/LoRaMessageHandler.o
                0x08004c24                SendMessage
 .text.receiveMessage
                0x08004cb8       0x78 ./LoRaWizard/LoRaMessageHandler.o
                0x08004cb8                receiveMessage
 .text.std      0x08004d30       0x6c C:/ST/STM32CubeIDE_1.17.0/STM32CubeIDE/plugins/com.st.stm32cube.ide.mcu.externaltools.gnu-tools-for-stm32.12.3.rel1.win32_1.1.0.202410251130/tools/bin/../lib/gcc/arm-none-eabi/12.3.1/../../../../arm-none-eabi/lib/thumb/v7e-m/nofp\libc_nano.a(libc_a-findfp.o)
 .text.stdio_exit_handler
                0x08004d9c       0x18 C:/ST/STM32CubeIDE_1.17.0/STM32CubeIDE/plugins/com.st.stm32cube.ide.mcu.externaltools.gnu-tools-for-stm32.12.3.rel1.win32_1.1.0.202410251130/tools/bin/../lib/gcc/arm-none-eabi/12.3.1/../../../../arm-none-eabi/lib/thumb/v7e-m/nofp\libc_nano.a(libc_a-findfp.o)
 .text.cleanup_stdio
                0x08004db4       0x40 C:/ST/STM32CubeIDE_1.17.0/STM32CubeIDE/plugins/com.st.stm32cube.ide.mcu.externaltools.gnu-tools-for-stm32.12.3.rel1.win32_1.1.0.202410251130/tools/bin/../lib/gcc/arm-none-eabi/12.3.1/../../../../arm-none-eabi/lib/thumb/v7e-m/nofp\libc_nano.a(libc_a-findfp.o)
 .text.global_stdio_init.part.0
                0x08004df4       0x3c C:/ST/STM32CubeIDE_1.17.0/STM32CubeIDE/plugins/com.st.stm32cube.ide.mcu.externaltools.gnu-tools-for-stm32.12.3.rel1.win32_1.1.0.202410251130/tools/bin/../lib/gcc/arm-none-eabi/12.3.1/../../../../arm-none-eabi/lib/thumb/v7e-m/nofp\libc_nano.a(libc_a-findfp.o)
 .text.__sfp_lock_acquire
                0x08004e30        0xc C:/ST/STM32CubeIDE_1.17.0/STM32CubeIDE/plugins/com.st.stm32cube.ide.mcu.externaltools.gnu-tools-for-stm32.12.3.rel1.win32_1.1.0.202410251130/tools/bin/../lib/gcc/arm-none-eabi/12.3.1/../../../../arm-none-eabi/lib/thumb/v7e-m/nofp\libc_nano.a(libc_a-findfp.o)
                0x08004e30                __sfp_lock_acquire
 .text.__sfp_lock_release
                0x08004e3c        0xc C:/ST/STM32CubeIDE_1.17.0/STM32CubeIDE/plugins/com.st.stm32cube.ide.mcu.externaltools.gnu-tools-for-stm32.12.3.rel1.win32_1.1.0.202410251130/tools/bin/../lib/gcc/arm-none-eabi/12.3.1/../../../../arm-none-eabi/lib/thumb/v7e-m/nofp\libc_nano.a(libc_a-findfp.o)
                0x08004e3c                __sfp_lock_release
 .text.__sinit  0x08004e48       0x30 C:/ST/STM32CubeIDE_1.17.0/STM32CubeIDE/plugins/com.st.stm32cube.ide.mcu.externaltools.gnu-tools-for-stm32.12.3.rel1.win32_1.1.0.202410251130/tools/bin/../lib/gcc/arm-none-eabi/12.3.1/../../../../arm-none-eabi/lib/thumb/v7e-m/nofp\libc_nano.a(libc_a-findfp.o)
                0x08004e48                __sinit
 .text._fwalk_sglue
                0x08004e78       0x3c C:/ST/STM32CubeIDE_1.17.0/STM32CubeIDE/plugins/com.st.stm32cube.ide.mcu.externaltools.gnu-tools-for-stm32.12.3.rel1.win32_1.1.0.202410251130/tools/bin/../lib/gcc/arm-none-eabi/12.3.1/../../../../arm-none-eabi/lib/thumb/v7e-m/nofp\libc_nano.a(libc_a-fwalk.o)
                0x08004e78                _fwalk_sglue
 .text.printf   0x08004eb4       0x24 C:/ST/STM32CubeIDE_1.17.0/STM32CubeIDE/plugins/com.st.stm32cube.ide.mcu.externaltools.gnu-tools-for-stm32.12.3.rel1.win32_1.1.0.202410251130/tools/bin/../lib/gcc/arm-none-eabi/12.3.1/../../../../arm-none-eabi/lib/thumb/v7e-m/nofp\libc_nano.a(libc_a-printf.o)
                0x08004eb4                iprintf
                0x08004eb4                printf
 .text._puts_r  0x08004ed8       0xaa C:/ST/STM32CubeIDE_1.17.0/STM32CubeIDE/plugins/com.st.stm32cube.ide.mcu.externaltools.gnu-tools-for-stm32.12.3.rel1.win32_1.1.0.202410251130/tools/bin/../lib/gcc/arm-none-eabi/12.3.1/../../../../arm-none-eabi/lib/thumb/v7e-m/nofp\libc_nano.a(libc_a-puts.o)
                0x08004ed8                _puts_r
 *fill*         0x08004f82        0x2 
 .text.puts     0x08004f84       0x10 C:/ST/STM32CubeIDE_1.17.0/STM32CubeIDE/plugins/com.st.stm32cube.ide.mcu.externaltools.gnu-tools-for-stm32.12.3.rel1.win32_1.1.0.202410251130/tools/bin/../lib/gcc/arm-none-eabi/12.3.1/../../../../arm-none-eabi/lib/thumb/v7e-m/nofp\libc_nano.a(libc_a-puts.o)
                0x08004f84                puts
 .text.__sread  0x08004f94       0x22 C:/ST/STM32CubeIDE_1.17.0/STM32CubeIDE/plugins/com.st.stm32cube.ide.mcu.externaltools.gnu-tools-for-stm32.12.3.rel1.win32_1.1.0.202410251130/tools/bin/../lib/gcc/arm-none-eabi/12.3.1/../../../../arm-none-eabi/lib/thumb/v7e-m/nofp\libc_nano.a(libc_a-stdio.o)
                0x08004f94                __sread
 .text.__swrite
                0x08004fb6       0x38 C:/ST/STM32CubeIDE_1.17.0/STM32CubeIDE/plugins/com.st.stm32cube.ide.mcu.externaltools.gnu-tools-for-stm32.12.3.rel1.win32_1.1.0.202410251130/tools/bin/../lib/gcc/arm-none-eabi/12.3.1/../../../../arm-none-eabi/lib/thumb/v7e-m/nofp\libc_nano.a(libc_a-stdio.o)
                0x08004fb6                __swrite
 .text.__sseek  0x08004fee       0x24 C:/ST/STM32CubeIDE_1.17.0/STM32CubeIDE/plugins/com.st.stm32cube.ide.mcu.externaltools.gnu-tools-for-stm32.12.3.rel1.win32_1.1.0.202410251130/tools/bin/../lib/gcc/arm-none-eabi/12.3.1/../../../../arm-none-eabi/lib/thumb/v7e-m/nofp\libc_nano.a(libc_a-stdio.o)
                0x08004fee                __sseek
 .text.__sclose
                0x08005012        0x8 C:/ST/STM32CubeIDE_1.17.0/STM32CubeIDE/plugins/com.st.stm32cube.ide.mcu.externaltools.gnu-tools-for-stm32.12.3.rel1.win32_1.1.0.202410251130/tools/bin/../lib/gcc/arm-none-eabi/12.3.1/../../../../arm-none-eabi/lib/thumb/v7e-m/nofp\libc_nano.a(libc_a-stdio.o)
                0x08005012                __sclose
 .text.__swbuf_r
                0x0800501a       0x7c C:/ST/STM32CubeIDE_1.17.0/STM32CubeIDE/plugins/com.st.stm32cube.ide.mcu.externaltools.gnu-tools-for-stm32.12.3.rel1.win32_1.1.0.202410251130/tools/bin/../lib/gcc/arm-none-eabi/12.3.1/../../../../arm-none-eabi/lib/thumb/v7e-m/nofp\libc_nano.a(libc_a-wbuf.o)
                0x0800501a                __swbuf_r
 *fill*         0x08005096        0x2 
 .text.__swsetup_r
                0x08005098       0xac C:/ST/STM32CubeIDE_1.17.0/STM32CubeIDE/plugins/com.st.stm32cube.ide.mcu.externaltools.gnu-tools-for-stm32.12.3.rel1.win32_1.1.0.202410251130/tools/bin/../lib/gcc/arm-none-eabi/12.3.1/../../../../arm-none-eabi/lib/thumb/v7e-m/nofp\libc_nano.a(libc_a-wsetup.o)
                0x08005098                __swsetup_r
 .text.memset   0x08005144       0x10 C:/ST/STM32CubeIDE_1.17.0/STM32CubeIDE/plugins/com.st.stm32cube.ide.mcu.externaltools.gnu-tools-for-stm32.12.3.rel1.win32_1.1.0.202410251130/tools/bin/../lib/gcc/arm-none-eabi/12.3.1/../../../../arm-none-eabi/lib/thumb/v7e-m/nofp\libc_nano.a(libc_a-memset.o)
                0x08005144                memset
 .text._close_r
                0x08005154       0x20 C:/ST/STM32CubeIDE_1.17.0/STM32CubeIDE/plugins/com.st.stm32cube.ide.mcu.externaltools.gnu-tools-for-stm32.12.3.rel1.win32_1.1.0.202410251130/tools/bin/../lib/gcc/arm-none-eabi/12.3.1/../../../../arm-none-eabi/lib/thumb/v7e-m/nofp\libc_nano.a(libc_a-closer.o)
                0x08005154                _close_r
 .text._lseek_r
                0x08005174       0x24 C:/ST/STM32CubeIDE_1.17.0/STM32CubeIDE/plugins/com.st.stm32cube.ide.mcu.externaltools.gnu-tools-for-stm32.12.3.rel1.win32_1.1.0.202410251130/tools/bin/../lib/gcc/arm-none-eabi/12.3.1/../../../../arm-none-eabi/lib/thumb/v7e-m/nofp\libc_nano.a(libc_a-lseekr.o)
                0x08005174                _lseek_r
 .text._read_r  0x08005198       0x24 C:/ST/STM32CubeIDE_1.17.0/STM32CubeIDE/plugins/com.st.stm32cube.ide.mcu.externaltools.gnu-tools-for-stm32.12.3.rel1.win32_1.1.0.202410251130/tools/bin/../lib/gcc/arm-none-eabi/12.3.1/../../../../arm-none-eabi/lib/thumb/v7e-m/nofp\libc_nano.a(libc_a-readr.o)
                0x08005198                _read_r
 .text._write_r
                0x080051bc       0x24 C:/ST/STM32CubeIDE_1.17.0/STM32CubeIDE/plugins/com.st.stm32cube.ide.mcu.externaltools.gnu-tools-for-stm32.12.3.rel1.win32_1.1.0.202410251130/tools/bin/../lib/gcc/arm-none-eabi/12.3.1/../../../../arm-none-eabi/lib/thumb/v7e-m/nofp\libc_nano.a(libc_a-writer.o)
                0x080051bc                _write_r
 .text.__errno  0x080051e0        0xc C:/ST/STM32CubeIDE_1.17.0/STM32CubeIDE/plugins/com.st.stm32cube.ide.mcu.externaltools.gnu-tools-for-stm32.12.3.rel1.win32_1.1.0.202410251130/tools/bin/../lib/gcc/arm-none-eabi/12.3.1/../../../../arm-none-eabi/lib/thumb/v7e-m/nofp\libc_nano.a(libc_a-errno.o)
                0x080051e0                __errno
 .text.__libc_init_array
                0x080051ec       0x48 C:/ST/STM32CubeIDE_1.17.0/STM32CubeIDE/plugins/com.st.stm32cube.ide.mcu.externaltools.gnu-tools-for-stm32.12.3.rel1.win32_1.1.0.202410251130/tools/bin/../lib/gcc/arm-none-eabi/12.3.1/../../../../arm-none-eabi/lib/thumb/v7e-m/nofp\libc_nano.a(libc_a-init.o)
                0x080051ec                __libc_init_array
 .text.__retarget_lock_init_recursive
                0x08005234        0x2 C:/ST/STM32CubeIDE_1.17.0/STM32CubeIDE/plugins/com.st.stm32cube.ide.mcu.externaltools.gnu-tools-for-stm32.12.3.rel1.win32_1.1.0.202410251130/tools/bin/../lib/gcc/arm-none-eabi/12.3.1/../../../../arm-none-eabi/lib/thumb/v7e-m/nofp\libc_nano.a(libc_a-lock.o)
                0x08005234                __retarget_lock_init_recursive
 .text.__retarget_lock_acquire_recursive
                0x08005236        0x2 C:/ST/STM32CubeIDE_1.17.0/STM32CubeIDE/plugins/com.st.stm32cube.ide.mcu.externaltools.gnu-tools-for-stm32.12.3.rel1.win32_1.1.0.202410251130/tools/bin/../lib/gcc/arm-none-eabi/12.3.1/../../../../arm-none-eabi/lib/thumb/v7e-m/nofp\libc_nano.a(libc_a-lock.o)
                0x08005236                __retarget_lock_acquire_recursive
 .text.__retarget_lock_release_recursive
                0x08005238        0x2 C:/ST/STM32CubeIDE_1.17.0/STM32CubeIDE/plugins/com.st.stm32cube.ide.mcu.externaltools.gnu-tools-for-stm32.12.3.rel1.win32_1.1.0.202410251130/tools/bin/../lib/gcc/arm-none-eabi/12.3.1/../../../../arm-none-eabi/lib/thumb/v7e-m/nofp\libc_nano.a(libc_a-lock.o)
                0x08005238                __retarget_lock_release_recursive
 *fill*         0x0800523a        0x2 
 .text._free_r  0x0800523c       0x94 C:/ST/STM32CubeIDE_1.17.0/STM32CubeIDE/plugins/com.st.stm32cube.ide.mcu.externaltools.gnu-tools-for-stm32.12.3.rel1.win32_1.1.0.202410251130/tools/bin/../lib/gcc/arm-none-eabi/12.3.1/../../../../arm-none-eabi/lib/thumb/v7e-m/nofp\libc_nano.a(libc_a-freer.o)
                0x0800523c                _free_r
 .text.sbrk_aligned
                0x080052d0       0x44 C:/ST/STM32CubeIDE_1.17.0/STM32CubeIDE/plugins/com.st.stm32cube.ide.mcu.externaltools.gnu-tools-for-stm32.12.3.rel1.win32_1.1.0.202410251130/tools/bin/../lib/gcc/arm-none-eabi/12.3.1/../../../../arm-none-eabi/lib/thumb/v7e-m/nofp\libc_nano.a(libc_a-mallocr.o)
 .text._malloc_r
                0x08005314      0x100 C:/ST/STM32CubeIDE_1.17.0/STM32CubeIDE/plugins/com.st.stm32cube.ide.mcu.externaltools.gnu-tools-for-stm32.12.3.rel1.win32_1.1.0.202410251130/tools/bin/../lib/gcc/arm-none-eabi/12.3.1/../../../../arm-none-eabi/lib/thumb/v7e-m/nofp\libc_nano.a(libc_a-mallocr.o)
                0x08005314                _malloc_r
 .text.__malloc_lock
                0x08005414        0xc C:/ST/STM32CubeIDE_1.17.0/STM32CubeIDE/plugins/com.st.stm32cube.ide.mcu.externaltools.gnu-tools-for-stm32.12.3.rel1.win32_1.1.0.202410251130/tools/bin/../lib/gcc/arm-none-eabi/12.3.1/../../../../arm-none-eabi/lib/thumb/v7e-m/nofp\libc_nano.a(libc_a-mlock.o)
                0x08005414                __malloc_lock
 .text.__malloc_unlock
                0x08005420        0xc C:/ST/STM32CubeIDE_1.17.0/STM32CubeIDE/plugins/com.st.stm32cube.ide.mcu.externaltools.gnu-tools-for-stm32.12.3.rel1.win32_1.1.0.202410251130/tools/bin/../lib/gcc/arm-none-eabi/12.3.1/../../../../arm-none-eabi/lib/thumb/v7e-m/nofp\libc_nano.a(libc_a-mlock.o)
                0x08005420                __malloc_unlock
 .text.__sfputc_r
                0x0800542c       0x2a C:/ST/STM32CubeIDE_1.17.0/STM32CubeIDE/plugins/com.st.stm32cube.ide.mcu.externaltools.gnu-tools-for-stm32.12.3.rel1.win32_1.1.0.202410251130/tools/bin/../lib/gcc/arm-none-eabi/12.3.1/../../../../arm-none-eabi/lib/thumb/v7e-m/nofp\libc_nano.a(libc_a-nano-vfprintf.o)
 .text.__sfputs_r
                0x08005456       0x24 C:/ST/STM32CubeIDE_1.17.0/STM32CubeIDE/plugins/com.st.stm32cube.ide.mcu.externaltools.gnu-tools-for-stm32.12.3.rel1.win32_1.1.0.202410251130/tools/bin/../lib/gcc/arm-none-eabi/12.3.1/../../../../arm-none-eabi/lib/thumb/v7e-m/nofp\libc_nano.a(libc_a-nano-vfprintf.o)
                0x08005456                __sfputs_r
 *fill*         0x0800547a        0x2 
 .text._vfprintf_r
                0x0800547c      0x230 C:/ST/STM32CubeIDE_1.17.0/STM32CubeIDE/plugins/com.st.stm32cube.ide.mcu.externaltools.gnu-tools-for-stm32.12.3.rel1.win32_1.1.0.202410251130/tools/bin/../lib/gcc/arm-none-eabi/12.3.1/../../../../arm-none-eabi/lib/thumb/v7e-m/nofp\libc_nano.a(libc_a-nano-vfprintf.o)
                0x0800547c                _vfprintf_r
                0x0800547c                _vfiprintf_r
 .text._printf_common
                0x080056ac       0xda C:/ST/STM32CubeIDE_1.17.0/STM32CubeIDE/plugins/com.st.stm32cube.ide.mcu.externaltools.gnu-tools-for-stm32.12.3.rel1.win32_1.1.0.202410251130/tools/bin/../lib/gcc/arm-none-eabi/12.3.1/../../../../arm-none-eabi/lib/thumb/v7e-m/nofp\libc_nano.a(libc_a-nano-vfprintf_i.o)
                0x080056ac                _printf_common
 *fill*         0x08005786        0x2 
 .text._printf_i
                0x08005788      0x240 C:/ST/STM32CubeIDE_1.17.0/STM32CubeIDE/plugins/com.st.stm32cube.ide.mcu.externaltools.gnu-tools-for-stm32.12.3.rel1.win32_1.1.0.202410251130/tools/bin/../lib/gcc/arm-none-eabi/12.3.1/../../../../arm-none-eabi/lib/thumb/v7e-m/nofp\libc_nano.a(libc_a-nano-vfprintf_i.o)
                0x08005788                _printf_i
 .text.__sflush_r
                0x080059c8      0x100 C:/ST/STM32CubeIDE_1.17.0/STM32CubeIDE/plugins/com.st.stm32cube.ide.mcu.externaltools.gnu-tools-for-stm32.12.3.rel1.win32_1.1.0.202410251130/tools/bin/../lib/gcc/arm-none-eabi/12.3.1/../../../../arm-none-eabi/lib/thumb/v7e-m/nofp\libc_nano.a(libc_a-fflush.o)
                0x080059c8                __sflush_r
 .text._fflush_r
                0x08005ac8       0x50 C:/ST/STM32CubeIDE_1.17.0/STM32CubeIDE/plugins/com.st.stm32cube.ide.mcu.externaltools.gnu-tools-for-stm32.12.3.rel1.win32_1.1.0.202410251130/tools/bin/../lib/gcc/arm-none-eabi/12.3.1/../../../../arm-none-eabi/lib/thumb/v7e-m/nofp\libc_nano.a(libc_a-fflush.o)
                0x08005ac8                _fflush_r
 .text.__swhatbuf_r
                0x08005b18       0x4c C:/ST/STM32CubeIDE_1.17.0/STM32CubeIDE/plugins/com.st.stm32cube.ide.mcu.externaltools.gnu-tools-for-stm32.12.3.rel1.win32_1.1.0.202410251130/tools/bin/../lib/gcc/arm-none-eabi/12.3.1/../../../../arm-none-eabi/lib/thumb/v7e-m/nofp\libc_nano.a(libc_a-makebuf.o)
                0x08005b18                __swhatbuf_r
 .text.__smakebuf_r
                0x08005b64       0x78 C:/ST/STM32CubeIDE_1.17.0/STM32CubeIDE/plugins/com.st.stm32cube.ide.mcu.externaltools.gnu-tools-for-stm32.12.3.rel1.win32_1.1.0.202410251130/tools/bin/../lib/gcc/arm-none-eabi/12.3.1/../../../../arm-none-eabi/lib/thumb/v7e-m/nofp\libc_nano.a(libc_a-makebuf.o)
                0x08005b64                __smakebuf_r
 .text._fstat_r
                0x08005bdc       0x24 C:/ST/STM32CubeIDE_1.17.0/STM32CubeIDE/plugins/com.st.stm32cube.ide.mcu.externaltools.gnu-tools-for-stm32.12.3.rel1.win32_1.1.0.202410251130/tools/bin/../lib/gcc/arm-none-eabi/12.3.1/../../../../arm-none-eabi/lib/thumb/v7e-m/nofp\libc_nano.a(libc_a-fstatr.o)
                0x08005bdc                _fstat_r
 .text._isatty_r
                0x08005c00       0x20 C:/ST/STM32CubeIDE_1.17.0/STM32CubeIDE/plugins/com.st.stm32cube.ide.mcu.externaltools.gnu-tools-for-stm32.12.3.rel1.win32_1.1.0.202410251130/tools/bin/../lib/gcc/arm-none-eabi/12.3.1/../../../../arm-none-eabi/lib/thumb/v7e-m/nofp\libc_nano.a(libc_a-isattyr.o)
                0x08005c00                _isatty_r
 .text._sbrk_r  0x08005c20       0x20 C:/ST/STM32CubeIDE_1.17.0/STM32CubeIDE/plugins/com.st.stm32cube.ide.mcu.externaltools.gnu-tools-for-stm32.12.3.rel1.win32_1.1.0.202410251130/tools/bin/../lib/gcc/arm-none-eabi/12.3.1/../../../../arm-none-eabi/lib/thumb/v7e-m/nofp\libc_nano.a(libc_a-sbrkr.o)
                0x08005c20                _sbrk_r
 *(.glue_7)
 .glue_7        0x08005c40        0x0 linker stubs
 *(.glue_7t)
 .glue_7t       0x08005c40        0x0 linker stubs
 *(.eh_frame)
 .eh_frame      0x08005c40        0x0 C:/ST/STM32CubeIDE_1.17.0/STM32CubeIDE/plugins/com.st.stm32cube.ide.mcu.externaltools.gnu-tools-for-stm32.12.3.rel1.win32_1.1.0.202410251130/tools/bin/../lib/gcc/arm-none-eabi/12.3.1/thumb/v7e-m/nofp/crtbegin.o
 *(.init)
 .init          0x08005c40        0x4 C:/ST/STM32CubeIDE_1.17.0/STM32CubeIDE/plugins/com.st.stm32cube.ide.mcu.externaltools.gnu-tools-for-stm32.12.3.rel1.win32_1.1.0.202410251130/tools/bin/../lib/gcc/arm-none-eabi/12.3.1/thumb/v7e-m/nofp/crti.o
                0x08005c40                _init
 .init          0x08005c44        0x8 C:/ST/STM32CubeIDE_1.17.0/STM32CubeIDE/plugins/com.st.stm32cube.ide.mcu.externaltools.gnu-tools-for-stm32.12.3.rel1.win32_1.1.0.202410251130/tools/bin/../lib/gcc/arm-none-eabi/12.3.1/thumb/v7e-m/nofp/crtn.o
 *(.fini)
 .fini          0x08005c4c        0x4 C:/ST/STM32CubeIDE_1.17.0/STM32CubeIDE/plugins/com.st.stm32cube.ide.mcu.externaltools.gnu-tools-for-stm32.12.3.rel1.win32_1.1.0.202410251130/tools/bin/../lib/gcc/arm-none-eabi/12.3.1/thumb/v7e-m/nofp/crti.o
                0x08005c4c                _fini
 .fini          0x08005c50        0x8 C:/ST/STM32CubeIDE_1.17.0/STM32CubeIDE/plugins/com.st.stm32cube.ide.mcu.externaltools.gnu-tools-for-stm32.12.3.rel1.win32_1.1.0.202410251130/tools/bin/../lib/gcc/arm-none-eabi/12.3.1/thumb/v7e-m/nofp/crtn.o
                0x08005c58                        . = ALIGN (0x4)
                0x08005c58                        _etext = .

.vfp11_veneer   0x08005c58        0x0
 .vfp11_veneer  0x08005c58        0x0 linker stubs

.v4_bx          0x08005c58        0x0
 .v4_bx         0x08005c58        0x0 linker stubs

.iplt           0x08005c58        0x0
 .iplt          0x08005c58        0x0 C:/ST/STM32CubeIDE_1.17.0/STM32CubeIDE/plugins/com.st.stm32cube.ide.mcu.externaltools.gnu-tools-for-stm32.12.3.rel1.win32_1.1.0.202410251130/tools/bin/../lib/gcc/arm-none-eabi/12.3.1/thumb/v7e-m/nofp/crtbegin.o

.rodata         0x08005c58      0x188
                0x08005c58                        . = ALIGN (0x4)
 *(.rodata)
 .rodata        0x08005c58       0x4b ./Core/Src/main.o
 *fill*         0x08005ca3        0x1 
 .rodata        0x08005ca4       0x11 ./Drivers/Radio/radio_driver.o
 *fill*         0x08005cb5        0x3 
 .rodata        0x08005cb8       0x1c ./Drivers/STM32WLxx_HAL_Driver/Src/stm32wlxx_hal_rcc.o
 .rodata        0x08005cd4        0xc ./LoRaWizard/LoRaConf.o
 *(.rodata*)
 .rodata.AHBPrescTable
                0x08005ce0       0x40 ./Core/Src/system_stm32wlxx.o
                0x08005ce0                AHBPrescTable
 .rodata.APBPrescTable
                0x08005d20       0x20 ./Core/Src/system_stm32wlxx.o
                0x08005d20                APBPrescTable
 .rodata.MSIRangeTable
                0x08005d40       0x40 ./Core/Src/system_stm32wlxx.o
                0x08005d40                MSIRangeTable
 .rodata.UARTPrescTable
                0x08005d80       0x18 ./Drivers/STM32WLxx_HAL_Driver/Src/stm32wlxx_hal_uart.o
                0x08005d80                UARTPrescTable
 .rodata.numerator.1
                0x08005d98        0x8 ./Drivers/STM32WLxx_HAL_Driver/Src/stm32wlxx_hal_uart_ex.o
 .rodata.denominator.0
                0x08005da0        0x8 ./Drivers/STM32WLxx_HAL_Driver/Src/stm32wlxx_hal_uart_ex.o
 .rodata.Bandwidths
                0x08005da8        0x3 ./LoRaWizard/LoRaConf.o
                0x08005da8                Bandwidths
 .rodata._vfprintf_r.str1.1
                0x08005dab       0x11 C:/ST/STM32CubeIDE_1.17.0/STM32CubeIDE/plugins/com.st.stm32cube.ide.mcu.externaltools.gnu-tools-for-stm32.12.3.rel1.win32_1.1.0.202410251130/tools/bin/../lib/gcc/arm-none-eabi/12.3.1/../../../../arm-none-eabi/lib/thumb/v7e-m/nofp\libc_nano.a(libc_a-nano-vfprintf.o)
 .rodata._printf_i.str1.1
                0x08005dbc       0x22 C:/ST/STM32CubeIDE_1.17.0/STM32CubeIDE/plugins/com.st.stm32cube.ide.mcu.externaltools.gnu-tools-for-stm32.12.3.rel1.win32_1.1.0.202410251130/tools/bin/../lib/gcc/arm-none-eabi/12.3.1/../../../../arm-none-eabi/lib/thumb/v7e-m/nofp\libc_nano.a(libc_a-nano-vfprintf_i.o)
                0x08005de0                        . = ALIGN (0x4)
 *fill*         0x08005dde        0x2 

.ARM.extab      0x08005de0        0x0
                0x08005de0                        . = ALIGN (0x4)
 *(.ARM.extab* .gnu.linkonce.armextab.*)
                0x08005de0                        . = ALIGN (0x4)

.ARM            0x08005de0        0x8
                0x08005de0                        . = ALIGN (0x4)
                0x08005de0                        __exidx_start = .
 *(.ARM.exidx*)
 .ARM.exidx     0x08005de0        0x8 C:/ST/STM32CubeIDE_1.17.0/STM32CubeIDE/plugins/com.st.stm32cube.ide.mcu.externaltools.gnu-tools-for-stm32.12.3.rel1.win32_1.1.0.202410251130/tools/bin/../lib/gcc/arm-none-eabi/12.3.1/../../../../arm-none-eabi/lib/thumb/v7e-m/nofp\libc_nano.a(libc_a-strcmp.o)
 .ARM.exidx     0x08005de8        0x0 C:/ST/STM32CubeIDE_1.17.0/STM32CubeIDE/plugins/com.st.stm32cube.ide.mcu.externaltools.gnu-tools-for-stm32.12.3.rel1.win32_1.1.0.202410251130/tools/bin/../lib/gcc/arm-none-eabi/12.3.1/../../../../arm-none-eabi/lib/thumb/v7e-m/nofp\libc_nano.a(libc_a-strlen.o)
                                  0x8 (size before relaxing)
 .ARM.exidx     0x08005de8        0x0 C:/ST/STM32CubeIDE_1.17.0/STM32CubeIDE/plugins/com.st.stm32cube.ide.mcu.externaltools.gnu-tools-for-stm32.12.3.rel1.win32_1.1.0.202410251130/tools/bin/../lib/gcc/arm-none-eabi/12.3.1/../../../../arm-none-eabi/lib/thumb/v7e-m/nofp\libc_nano.a(libc_a-memchr.o)
                                  0x8 (size before relaxing)
 .ARM.exidx     0x08005de8        0x0 C:/ST/STM32CubeIDE_1.17.0/STM32CubeIDE/plugins/com.st.stm32cube.ide.mcu.externaltools.gnu-tools-for-stm32.12.3.rel1.win32_1.1.0.202410251130/tools/bin/../lib/gcc/arm-none-eabi/12.3.1/thumb/v7e-m/nofp\libgcc.a(_udivmoddi4.o)
                                  0x8 (size before relaxing)
                0x08005de8                        __exidx_end = .
                0x08005de8                        . = ALIGN (0x4)

.preinit_array  0x08005de8        0x0
                0x08005de8                        . = ALIGN (0x4)
                0x08005de8                        PROVIDE (__preinit_array_start = .)
 *(.preinit_array*)
                0x08005de8                        PROVIDE (__preinit_array_end = .)
                0x08005de8                        . = ALIGN (0x4)

.init_array     0x08005de8        0x4
                0x08005de8                        . = ALIGN (0x4)
                0x08005de8                        PROVIDE (__init_array_start = .)
 *(SORT_BY_NAME(.init_array.*))
 *(.init_array*)
 .init_array    0x08005de8        0x4 C:/ST/STM32CubeIDE_1.17.0/STM32CubeIDE/plugins/com.st.stm32cube.ide.mcu.externaltools.gnu-tools-for-stm32.12.3.rel1.win32_1.1.0.202410251130/tools/bin/../lib/gcc/arm-none-eabi/12.3.1/thumb/v7e-m/nofp/crtbegin.o
                0x08005dec                        PROVIDE (__init_array_end = .)
                0x08005dec                        . = ALIGN (0x4)

.fini_array     0x08005dec        0x4
                0x08005dec                        . = ALIGN (0x4)
                [!provide]                        PROVIDE (__fini_array_start = .)
 *(SORT_BY_NAME(.fini_array.*))
 *(.fini_array*)
 .fini_array    0x08005dec        0x4 C:/ST/STM32CubeIDE_1.17.0/STM32CubeIDE/plugins/com.st.stm32cube.ide.mcu.externaltools.gnu-tools-for-stm32.12.3.rel1.win32_1.1.0.202410251130/tools/bin/../lib/gcc/arm-none-eabi/12.3.1/thumb/v7e-m/nofp/crtbegin.o
                [!provide]                        PROVIDE (__fini_array_end = .)
                0x08005df0                        . = ALIGN (0x4)
                0x08005df0                        _sidata = LOADADDR (.data)

.rel.dyn        0x08005df0        0x0
 .rel.iplt      0x08005df0        0x0 C:/ST/STM32CubeIDE_1.17.0/STM32CubeIDE/plugins/com.st.stm32cube.ide.mcu.externaltools.gnu-tools-for-stm32.12.3.rel1.win32_1.1.0.202410251130/tools/bin/../lib/gcc/arm-none-eabi/12.3.1/thumb/v7e-m/nofp/crtbegin.o

.data           0x20000000       0x70 load address 0x08005df0
                0x20000000                        . = ALIGN (0x4)
                0x20000000                        _sdata = .
 *(.data)
 *(.data*)
 .data.sendMessageBuffer
                0x20000000        0x5 ./Core/Src/main.o
                0x20000000                sendMessageBuffer
 *fill*         0x20000005        0x3 
 .data.SystemCoreClock
                0x20000008        0x4 ./Core/Src/system_stm32wlxx.o
                0x20000008                SystemCoreClock
 .data.uwTickPrio
                0x2000000c        0x4 ./Drivers/STM32WLxx_HAL_Driver/Src/stm32wlxx_hal.o
                0x2000000c                uwTickPrio
 .data.uwTickFreq
                0x20000010        0x1 ./Drivers/STM32WLxx_HAL_Driver/Src/stm32wlxx_hal.o
                0x20000010                uwTickFreq
 .data.lastEventStatus
                0x20000011        0x1 ./LoRaWizard/LoRaEvents.o
                0x20000011                lastEventStatus
 *fill*         0x20000012        0x2 
 .data.__sglue  0x20000014        0xc C:/ST/STM32CubeIDE_1.17.0/STM32CubeIDE/plugins/com.st.stm32cube.ide.mcu.externaltools.gnu-tools-for-stm32.12.3.rel1.win32_1.1.0.202410251130/tools/bin/../lib/gcc/arm-none-eabi/12.3.1/../../../../arm-none-eabi/lib/thumb/v7e-m/nofp\libc_nano.a(libc_a-findfp.o)
                0x20000014                __sglue
 .data._impure_ptr
                0x20000020        0x4 C:/ST/STM32CubeIDE_1.17.0/STM32CubeIDE/plugins/com.st.stm32cube.ide.mcu.externaltools.gnu-tools-for-stm32.12.3.rel1.win32_1.1.0.202410251130/tools/bin/../lib/gcc/arm-none-eabi/12.3.1/../../../../arm-none-eabi/lib/thumb/v7e-m/nofp\libc_nano.a(libc_a-impure.o)
                0x20000020                _impure_ptr
 .data._impure_data
                0x20000024       0x4c C:/ST/STM32CubeIDE_1.17.0/STM32CubeIDE/plugins/com.st.stm32cube.ide.mcu.externaltools.gnu-tools-for-stm32.12.3.rel1.win32_1.1.0.202410251130/tools/bin/../lib/gcc/arm-none-eabi/12.3.1/../../../../arm-none-eabi/lib/thumb/v7e-m/nofp\libc_nano.a(libc_a-impure.o)
                0x20000024                _impure_data
 *(.RamFunc)
 *(.RamFunc*)
                0x20000070                        . = ALIGN (0x4)
                0x20000070                        _edata = .

.igot.plt       0x20000070        0x0 load address 0x08005e60
 .igot.plt      0x20000070        0x0 C:/ST/STM32CubeIDE_1.17.0/STM32CubeIDE/plugins/com.st.stm32cube.ide.mcu.externaltools.gnu-tools-for-stm32.12.3.rel1.win32_1.1.0.202410251130/tools/bin/../lib/gcc/arm-none-eabi/12.3.1/thumb/v7e-m/nofp/crtbegin.o
                0x20000070                        . = ALIGN (0x4)

.bss            0x20000070      0x26c load address 0x08005e60
                0x20000070                        _sbss = .
                0x20000070                        __bss_start__ = _sbss
 *(.bss)
 .bss           0x20000070       0x1c C:/ST/STM32CubeIDE_1.17.0/STM32CubeIDE/plugins/com.st.stm32cube.ide.mcu.externaltools.gnu-tools-for-stm32.12.3.rel1.win32_1.1.0.202410251130/tools/bin/../lib/gcc/arm-none-eabi/12.3.1/thumb/v7e-m/nofp/crtbegin.o
 *(.bss*)
 .bss.receiveMessageBuffer
                0x2000008c       0x40 ./Core/Src/main.o
                0x2000008c                receiveMessageBuffer
 .bss.hsubghz   0x200000cc        0xc ./Core/Src/subghz.o
                0x200000cc                hsubghz
 .bss.__sbrk_heap_end
                0x200000d8        0x4 ./Core/Src/sysmem.o
 .bss.huart2    0x200000dc       0x94 ./Core/Src/usart.o
                0x200000dc                huart2
 .bss.OperatingMode
                0x20000170        0x1 ./Drivers/Radio/radio_driver.o
 .bss.PacketType
                0x20000171        0x1 ./Drivers/Radio/radio_driver.o
 .bss.LoRaHeaderType
                0x20000172        0x1 ./Drivers/Radio/radio_driver.o
 .bss.ImageCalibrated
                0x20000173        0x1 ./Drivers/Radio/radio_driver.o
 .bss.RadioOnDioIrqCb
                0x20000174        0x4 ./Drivers/Radio/radio_driver.o
 .bss.uwTick    0x20000178        0x4 ./Drivers/STM32WLxx_HAL_Driver/Src/stm32wlxx_hal.o
                0x20000178                uwTick
 .bss.packetParams
                0x2000017c       0x14 ./LoRaWizard/LoRaConf.o
                0x2000017c                packetParams
 .bss.__sf      0x20000190      0x138 C:/ST/STM32CubeIDE_1.17.0/STM32CubeIDE/plugins/com.st.stm32cube.ide.mcu.externaltools.gnu-tools-for-stm32.12.3.rel1.win32_1.1.0.202410251130/tools/bin/../lib/gcc/arm-none-eabi/12.3.1/../../../../arm-none-eabi/lib/thumb/v7e-m/nofp\libc_nano.a(libc_a-findfp.o)
                0x20000190                __sf
 .bss.__stdio_exit_handler
                0x200002c8        0x4 C:/ST/STM32CubeIDE_1.17.0/STM32CubeIDE/plugins/com.st.stm32cube.ide.mcu.externaltools.gnu-tools-for-stm32.12.3.rel1.win32_1.1.0.202410251130/tools/bin/../lib/gcc/arm-none-eabi/12.3.1/../../../../arm-none-eabi/lib/thumb/v7e-m/nofp\libc_nano.a(libc_a-findfp.o)
                0x200002c8                __stdio_exit_handler
 .bss.errno     0x200002cc        0x4 C:/ST/STM32CubeIDE_1.17.0/STM32CubeIDE/plugins/com.st.stm32cube.ide.mcu.externaltools.gnu-tools-for-stm32.12.3.rel1.win32_1.1.0.202410251130/tools/bin/../lib/gcc/arm-none-eabi/12.3.1/../../../../arm-none-eabi/lib/thumb/v7e-m/nofp\libc_nano.a(libc_a-reent.o)
                0x200002cc                errno
 .bss.__lock___malloc_recursive_mutex
                0x200002d0        0x1 C:/ST/STM32CubeIDE_1.17.0/STM32CubeIDE/plugins/com.st.stm32cube.ide.mcu.externaltools.gnu-tools-for-stm32.12.3.rel1.win32_1.1.0.202410251130/tools/bin/../lib/gcc/arm-none-eabi/12.3.1/../../../../arm-none-eabi/lib/thumb/v7e-m/nofp\libc_nano.a(libc_a-lock.o)
                0x200002d0                __lock___malloc_recursive_mutex
 .bss.__lock___sfp_recursive_mutex
                0x200002d1        0x1 C:/ST/STM32CubeIDE_1.17.0/STM32CubeIDE/plugins/com.st.stm32cube.ide.mcu.externaltools.gnu-tools-for-stm32.12.3.rel1.win32_1.1.0.202410251130/tools/bin/../lib/gcc/arm-none-eabi/12.3.1/../../../../arm-none-eabi/lib/thumb/v7e-m/nofp\libc_nano.a(libc_a-lock.o)
                0x200002d1                __lock___sfp_recursive_mutex
 *fill*         0x200002d2        0x2 
 .bss.__malloc_sbrk_start
                0x200002d4        0x4 C:/ST/STM32CubeIDE_1.17.0/STM32CubeIDE/plugins/com.st.stm32cube.ide.mcu.externaltools.gnu-tools-for-stm32.12.3.rel1.win32_1.1.0.202410251130/tools/bin/../lib/gcc/arm-none-eabi/12.3.1/../../../../arm-none-eabi/lib/thumb/v7e-m/nofp\libc_nano.a(libc_a-mallocr.o)
                0x200002d4                __malloc_sbrk_start
 .bss.__malloc_free_list
                0x200002d8        0x4 C:/ST/STM32CubeIDE_1.17.0/STM32CubeIDE/plugins/com.st.stm32cube.ide.mcu.externaltools.gnu-tools-for-stm32.12.3.rel1.win32_1.1.0.202410251130/tools/bin/../lib/gcc/arm-none-eabi/12.3.1/../../../../arm-none-eabi/lib/thumb/v7e-m/nofp\libc_nano.a(libc_a-mallocr.o)
                0x200002d8                __malloc_free_list
 *(COMMON)
                0x200002dc                        . = ALIGN (0x4)
                0x200002dc                        _ebss = .
                0x200002dc                        __bss_end__ = _ebss

._user_heap_stack
                0x200002dc      0x604 load address 0x08005e60
                0x200002e0                        . = ALIGN (0x8)
 *fill*         0x200002dc        0x4 
                [!provide]                        PROVIDE (end = .)
                0x200002e0                        PROVIDE (_end = .)
                0x200004e0                        . = (. + _Min_Heap_Size)
 *fill*         0x200002e0      0x200 
                0x200008e0                        . = (. + _Min_Stack_Size)
 *fill*         0x200004e0      0x400 
                0x200008e0                        . = ALIGN (0x8)

/DISCARD/
 libc.a(*)
 libm.a(*)
 libgcc.a(*)

.ARM.attributes
                0x00000000       0x2a
 *(.ARM.attributes)
 .ARM.attributes
                0x00000000       0x1e C:/ST/STM32CubeIDE_1.17.0/STM32CubeIDE/plugins/com.st.stm32cube.ide.mcu.externaltools.gnu-tools-for-stm32.12.3.rel1.win32_1.1.0.202410251130/tools/bin/../lib/gcc/arm-none-eabi/12.3.1/thumb/v7e-m/nofp/crti.o
 .ARM.attributes
                0x0000001e       0x2e C:/ST/STM32CubeIDE_1.17.0/STM32CubeIDE/plugins/com.st.stm32cube.ide.mcu.externaltools.gnu-tools-for-stm32.12.3.rel1.win32_1.1.0.202410251130/tools/bin/../lib/gcc/arm-none-eabi/12.3.1/thumb/v7e-m/nofp/crtbegin.o
 .ARM.attributes
                0x0000004c       0x2e ./Core/Src/gpio.o
 .ARM.attributes
                0x0000007a       0x2e ./Core/Src/main.o
 .ARM.attributes
                0x000000a8       0x2e ./Core/Src/stm32wlxx_hal_msp.o
 .ARM.attributes
                0x000000d6       0x2e ./Core/Src/stm32wlxx_it.o
 .ARM.attributes
                0x00000104       0x2e ./Core/Src/subghz.o
 .ARM.attributes
                0x00000132       0x2e ./Core/Src/syscalls.o
 .ARM.attributes
                0x00000160       0x2e ./Core/Src/sysmem.o
 .ARM.attributes
                0x0000018e       0x2e ./Core/Src/system_stm32wlxx.o
 .ARM.attributes
                0x000001bc       0x2e ./Core/Src/usart.o
 .ARM.attributes
                0x000001ea       0x21 ./Core/Startup/startup_stm32wl55jcix.o
 .ARM.attributes
                0x0000020b       0x2e ./Drivers/BSP/STM32WLxx_Nucleo/stm32wlxx_nucleo_radio.o
 .ARM.attributes
                0x00000239       0x2e ./Drivers/Radio/radio_board_if.o
 .ARM.attributes
                0x00000267       0x2e ./Drivers/Radio/radio_driver.o
 .ARM.attributes
                0x00000295       0x2e ./Drivers/STM32WLxx_HAL_Driver/Src/stm32wlxx_hal.o
 .ARM.attributes
                0x000002c3       0x2e ./Drivers/STM32WLxx_HAL_Driver/Src/stm32wlxx_hal_cortex.o
 .ARM.attributes
                0x000002f1       0x2e ./Drivers/STM32WLxx_HAL_Driver/Src/stm32wlxx_hal_gpio.o
 .ARM.attributes
                0x0000031f       0x2e ./Drivers/STM32WLxx_HAL_Driver/Src/stm32wlxx_hal_pwr.o
 .ARM.attributes
                0x0000034d       0x2e ./Drivers/STM32WLxx_HAL_Driver/Src/stm32wlxx_hal_pwr_ex.o
 .ARM.attributes
                0x0000037b       0x2e ./Drivers/STM32WLxx_HAL_Driver/Src/stm32wlxx_hal_rcc.o
 .ARM.attributes
                0x000003a9       0x2e ./Drivers/STM32WLxx_HAL_Driver/Src/stm32wlxx_hal_rcc_ex.o
 .ARM.attributes
                0x000003d7       0x2e ./Drivers/STM32WLxx_HAL_Driver/Src/stm32wlxx_hal_subghz.o
 .ARM.attributes
                0x00000405       0x2e ./Drivers/STM32WLxx_HAL_Driver/Src/stm32wlxx_hal_uart.o
 .ARM.attributes
                0x00000433       0x2e ./Drivers/STM32WLxx_HAL_Driver/Src/stm32wlxx_hal_uart_ex.o
 .ARM.attributes
                0x00000461       0x2e ./LoRaWizard/LoRaConf.o
 .ARM.attributes
                0x0000048f       0x2e ./LoRaWizard/LoRaEvents.o
 .ARM.attributes
                0x000004bd       0x2e ./LoRaWizard/LoRaMessageHandler.o
 .ARM.attributes
                0x000004eb       0x2e C:/ST/STM32CubeIDE_1.17.0/STM32CubeIDE/plugins/com.st.stm32cube.ide.mcu.externaltools.gnu-tools-for-stm32.12.3.rel1.win32_1.1.0.202410251130/tools/bin/../lib/gcc/arm-none-eabi/12.3.1/../../../../arm-none-eabi/lib/thumb/v7e-m/nofp\libc_nano.a(libc_a-findfp.o)
 .ARM.attributes
                0x00000519       0x2e C:/ST/STM32CubeIDE_1.17.0/STM32CubeIDE/plugins/com.st.stm32cube.ide.mcu.externaltools.gnu-tools-for-stm32.12.3.rel1.win32_1.1.0.202410251130/tools/bin/../lib/gcc/arm-none-eabi/12.3.1/../../../../arm-none-eabi/lib/thumb/v7e-m/nofp\libc_nano.a(libc_a-fwalk.o)
 .ARM.attributes
                0x00000547       0x2e C:/ST/STM32CubeIDE_1.17.0/STM32CubeIDE/plugins/com.st.stm32cube.ide.mcu.externaltools.gnu-tools-for-stm32.12.3.rel1.win32_1.1.0.202410251130/tools/bin/../lib/gcc/arm-none-eabi/12.3.1/../../../../arm-none-eabi/lib/thumb/v7e-m/nofp\libc_nano.a(libc_a-printf.o)
 .ARM.attributes
                0x00000575       0x2e C:/ST/STM32CubeIDE_1.17.0/STM32CubeIDE/plugins/com.st.stm32cube.ide.mcu.externaltools.gnu-tools-for-stm32.12.3.rel1.win32_1.1.0.202410251130/tools/bin/../lib/gcc/arm-none-eabi/12.3.1/../../../../arm-none-eabi/lib/thumb/v7e-m/nofp\libc_nano.a(libc_a-puts.o)
 .ARM.attributes
                0x000005a3       0x2e C:/ST/STM32CubeIDE_1.17.0/STM32CubeIDE/plugins/com.st.stm32cube.ide.mcu.externaltools.gnu-tools-for-stm32.12.3.rel1.win32_1.1.0.202410251130/tools/bin/../lib/gcc/arm-none-eabi/12.3.1/../../../../arm-none-eabi/lib/thumb/v7e-m/nofp\libc_nano.a(libc_a-stdio.o)
 .ARM.attributes
                0x000005d1       0x2e C:/ST/STM32CubeIDE_1.17.0/STM32CubeIDE/plugins/com.st.stm32cube.ide.mcu.externaltools.gnu-tools-for-stm32.12.3.rel1.win32_1.1.0.202410251130/tools/bin/../lib/gcc/arm-none-eabi/12.3.1/../../../../arm-none-eabi/lib/thumb/v7e-m/nofp\libc_nano.a(libc_a-wbuf.o)
 .ARM.attributes
                0x000005ff       0x2e C:/ST/STM32CubeIDE_1.17.0/STM32CubeIDE/plugins/com.st.stm32cube.ide.mcu.externaltools.gnu-tools-for-stm32.12.3.rel1.win32_1.1.0.202410251130/tools/bin/../lib/gcc/arm-none-eabi/12.3.1/../../../../arm-none-eabi/lib/thumb/v7e-m/nofp\libc_nano.a(libc_a-wsetup.o)
 .ARM.attributes
                0x0000062d       0x2e C:/ST/STM32CubeIDE_1.17.0/STM32CubeIDE/plugins/com.st.stm32cube.ide.mcu.externaltools.gnu-tools-for-stm32.12.3.rel1.win32_1.1.0.202410251130/tools/bin/../lib/gcc/arm-none-eabi/12.3.1/../../../../arm-none-eabi/lib/thumb/v7e-m/nofp\libc_nano.a(libc_a-memset.o)
 .ARM.attributes
                0x0000065b       0x2e C:/ST/STM32CubeIDE_1.17.0/STM32CubeIDE/plugins/com.st.stm32cube.ide.mcu.externaltools.gnu-tools-for-stm32.12.3.rel1.win32_1.1.0.202410251130/tools/bin/../lib/gcc/arm-none-eabi/12.3.1/../../../../arm-none-eabi/lib/thumb/v7e-m/nofp\libc_nano.a(libc_a-closer.o)
 .ARM.attributes
                0x00000689       0x2e C:/ST/STM32CubeIDE_1.17.0/STM32CubeIDE/plugins/com.st.stm32cube.ide.mcu.externaltools.gnu-tools-for-stm32.12.3.rel1.win32_1.1.0.202410251130/tools/bin/../lib/gcc/arm-none-eabi/12.3.1/../../../../arm-none-eabi/lib/thumb/v7e-m/nofp\libc_nano.a(libc_a-reent.o)
 .ARM.attributes
                0x000006b7       0x2e C:/ST/STM32CubeIDE_1.17.0/STM32CubeIDE/plugins/com.st.stm32cube.ide.mcu.externaltools.gnu-tools-for-stm32.12.3.rel1.win32_1.1.0.202410251130/tools/bin/../lib/gcc/arm-none-eabi/12.3.1/../../../../arm-none-eabi/lib/thumb/v7e-m/nofp\libc_nano.a(libc_a-impure.o)
 .ARM.attributes
                0x000006e5       0x2e C:/ST/STM32CubeIDE_1.17.0/STM32CubeIDE/plugins/com.st.stm32cube.ide.mcu.externaltools.gnu-tools-for-stm32.12.3.rel1.win32_1.1.0.202410251130/tools/bin/../lib/gcc/arm-none-eabi/12.3.1/../../../../arm-none-eabi/lib/thumb/v7e-m/nofp\libc_nano.a(libc_a-lseekr.o)
 .ARM.attributes
                0x00000713       0x2e C:/ST/STM32CubeIDE_1.17.0/STM32CubeIDE/plugins/com.st.stm32cube.ide.mcu.externaltools.gnu-tools-for-stm32.12.3.rel1.win32_1.1.0.202410251130/tools/bin/../lib/gcc/arm-none-eabi/12.3.1/../../../../arm-none-eabi/lib/thumb/v7e-m/nofp\libc_nano.a(libc_a-readr.o)
 .ARM.attributes
                0x00000741       0x2e C:/ST/STM32CubeIDE_1.17.0/STM32CubeIDE/plugins/com.st.stm32cube.ide.mcu.externaltools.gnu-tools-for-stm32.12.3.rel1.win32_1.1.0.202410251130/tools/bin/../lib/gcc/arm-none-eabi/12.3.1/../../../../arm-none-eabi/lib/thumb/v7e-m/nofp\libc_nano.a(libc_a-writer.o)
 .ARM.attributes
                0x0000076f       0x2e C:/ST/STM32CubeIDE_1.17.0/STM32CubeIDE/plugins/com.st.stm32cube.ide.mcu.externaltools.gnu-tools-for-stm32.12.3.rel1.win32_1.1.0.202410251130/tools/bin/../lib/gcc/arm-none-eabi/12.3.1/../../../../arm-none-eabi/lib/thumb/v7e-m/nofp\libc_nano.a(libc_a-errno.o)
 .ARM.attributes
                0x0000079d       0x2e C:/ST/STM32CubeIDE_1.17.0/STM32CubeIDE/plugins/com.st.stm32cube.ide.mcu.externaltools.gnu-tools-for-stm32.12.3.rel1.win32_1.1.0.202410251130/tools/bin/../lib/gcc/arm-none-eabi/12.3.1/../../../../arm-none-eabi/lib/thumb/v7e-m/nofp\libc_nano.a(libc_a-init.o)
 .ARM.attributes
                0x000007cb       0x2e C:/ST/STM32CubeIDE_1.17.0/STM32CubeIDE/plugins/com.st.stm32cube.ide.mcu.externaltools.gnu-tools-for-stm32.12.3.rel1.win32_1.1.0.202410251130/tools/bin/../lib/gcc/arm-none-eabi/12.3.1/../../../../arm-none-eabi/lib/thumb/v7e-m/nofp\libc_nano.a(libc_a-lock.o)
 .ARM.attributes
                0x000007f9       0x1c C:/ST/STM32CubeIDE_1.17.0/STM32CubeIDE/plugins/com.st.stm32cube.ide.mcu.externaltools.gnu-tools-for-stm32.12.3.rel1.win32_1.1.0.202410251130/tools/bin/../lib/gcc/arm-none-eabi/12.3.1/../../../../arm-none-eabi/lib/thumb/v7e-m/nofp\libc_nano.a(libc_a-strcmp.o)
 .ARM.attributes
                0x00000815       0x17 C:/ST/STM32CubeIDE_1.17.0/STM32CubeIDE/plugins/com.st.stm32cube.ide.mcu.externaltools.gnu-tools-for-stm32.12.3.rel1.win32_1.1.0.202410251130/tools/bin/../lib/gcc/arm-none-eabi/12.3.1/../../../../arm-none-eabi/lib/thumb/v7e-m/nofp\libc_nano.a(libc_a-strlen.o)
 .ARM.attributes
                0x0000082c       0x2e C:/ST/STM32CubeIDE_1.17.0/STM32CubeIDE/plugins/com.st.stm32cube.ide.mcu.externaltools.gnu-tools-for-stm32.12.3.rel1.win32_1.1.0.202410251130/tools/bin/../lib/gcc/arm-none-eabi/12.3.1/../../../../arm-none-eabi/lib/thumb/v7e-m/nofp\libc_nano.a(libc_a-freer.o)
 .ARM.attributes
                0x0000085a       0x2e C:/ST/STM32CubeIDE_1.17.0/STM32CubeIDE/plugins/com.st.stm32cube.ide.mcu.externaltools.gnu-tools-for-stm32.12.3.rel1.win32_1.1.0.202410251130/tools/bin/../lib/gcc/arm-none-eabi/12.3.1/../../../../arm-none-eabi/lib/thumb/v7e-m/nofp\libc_nano.a(libc_a-mallocr.o)
 .ARM.attributes
                0x00000888       0x2e C:/ST/STM32CubeIDE_1.17.0/STM32CubeIDE/plugins/com.st.stm32cube.ide.mcu.externaltools.gnu-tools-for-stm32.12.3.rel1.win32_1.1.0.202410251130/tools/bin/../lib/gcc/arm-none-eabi/12.3.1/../../../../arm-none-eabi/lib/thumb/v7e-m/nofp\libc_nano.a(libc_a-mlock.o)
 .ARM.attributes
                0x000008b6       0x2e C:/ST/STM32CubeIDE_1.17.0/STM32CubeIDE/plugins/com.st.stm32cube.ide.mcu.externaltools.gnu-tools-for-stm32.12.3.rel1.win32_1.1.0.202410251130/tools/bin/../lib/gcc/arm-none-eabi/12.3.1/../../../../arm-none-eabi/lib/thumb/v7e-m/nofp\libc_nano.a(libc_a-nano-vfprintf.o)
 .ARM.attributes
                0x000008e4       0x2e C:/ST/STM32CubeIDE_1.17.0/STM32CubeIDE/plugins/com.st.stm32cube.ide.mcu.externaltools.gnu-tools-for-stm32.12.3.rel1.win32_1.1.0.202410251130/tools/bin/../lib/gcc/arm-none-eabi/12.3.1/../../../../arm-none-eabi/lib/thumb/v7e-m/nofp\libc_nano.a(libc_a-nano-vfprintf_i.o)
 .ARM.attributes
                0x00000912       0x2e C:/ST/STM32CubeIDE_1.17.0/STM32CubeIDE/plugins/com.st.stm32cube.ide.mcu.externaltools.gnu-tools-for-stm32.12.3.rel1.win32_1.1.0.202410251130/tools/bin/../lib/gcc/arm-none-eabi/12.3.1/../../../../arm-none-eabi/lib/thumb/v7e-m/nofp\libc_nano.a(libc_a-fflush.o)
 .ARM.attributes
                0x00000940       0x2e C:/ST/STM32CubeIDE_1.17.0/STM32CubeIDE/plugins/com.st.stm32cube.ide.mcu.externaltools.gnu-tools-for-stm32.12.3.rel1.win32_1.1.0.202410251130/tools/bin/../lib/gcc/arm-none-eabi/12.3.1/../../../../arm-none-eabi/lib/thumb/v7e-m/nofp\libc_nano.a(libc_a-makebuf.o)
 .ARM.attributes
                0x0000096e       0x2e C:/ST/STM32CubeIDE_1.17.0/STM32CubeIDE/plugins/com.st.stm32cube.ide.mcu.externaltools.gnu-tools-for-stm32.12.3.rel1.win32_1.1.0.202410251130/tools/bin/../lib/gcc/arm-none-eabi/12.3.1/../../../../arm-none-eabi/lib/thumb/v7e-m/nofp\libc_nano.a(libc_a-fstatr.o)
 .ARM.attributes
                0x0000099c       0x2e C:/ST/STM32CubeIDE_1.17.0/STM32CubeIDE/plugins/com.st.stm32cube.ide.mcu.externaltools.gnu-tools-for-stm32.12.3.rel1.win32_1.1.0.202410251130/tools/bin/../lib/gcc/arm-none-eabi/12.3.1/../../../../arm-none-eabi/lib/thumb/v7e-m/nofp\libc_nano.a(libc_a-isattyr.o)
 .ARM.attributes
                0x000009ca       0x2e C:/ST/STM32CubeIDE_1.17.0/STM32CubeIDE/plugins/com.st.stm32cube.ide.mcu.externaltools.gnu-tools-for-stm32.12.3.rel1.win32_1.1.0.202410251130/tools/bin/../lib/gcc/arm-none-eabi/12.3.1/../../../../arm-none-eabi/lib/thumb/v7e-m/nofp\libc_nano.a(libc_a-sbrkr.o)
 .ARM.attributes
                0x000009f8       0x1c C:/ST/STM32CubeIDE_1.17.0/STM32CubeIDE/plugins/com.st.stm32cube.ide.mcu.externaltools.gnu-tools-for-stm32.12.3.rel1.win32_1.1.0.202410251130/tools/bin/../lib/gcc/arm-none-eabi/12.3.1/../../../../arm-none-eabi/lib/thumb/v7e-m/nofp\libc_nano.a(libc_a-memchr.o)
 .ARM.attributes
                0x00000a14       0x1e C:/ST/STM32CubeIDE_1.17.0/STM32CubeIDE/plugins/com.st.stm32cube.ide.mcu.externaltools.gnu-tools-for-stm32.12.3.rel1.win32_1.1.0.202410251130/tools/bin/../lib/gcc/arm-none-eabi/12.3.1/thumb/v7e-m/nofp\libgcc.a(_aeabi_uldivmod.o)
 .ARM.attributes
                0x00000a32       0x2e C:/ST/STM32CubeIDE_1.17.0/STM32CubeIDE/plugins/com.st.stm32cube.ide.mcu.externaltools.gnu-tools-for-stm32.12.3.rel1.win32_1.1.0.202410251130/tools/bin/../lib/gcc/arm-none-eabi/12.3.1/thumb/v7e-m/nofp\libgcc.a(_udivmoddi4.o)
 .ARM.attributes
                0x00000a60       0x1e C:/ST/STM32CubeIDE_1.17.0/STM32CubeIDE/plugins/com.st.stm32cube.ide.mcu.externaltools.gnu-tools-for-stm32.12.3.rel1.win32_1.1.0.202410251130/tools/bin/../lib/gcc/arm-none-eabi/12.3.1/thumb/v7e-m/nofp\libgcc.a(_dvmd_tls.o)
 .ARM.attributes
                0x00000a7e       0x1e C:/ST/STM32CubeIDE_1.17.0/STM32CubeIDE/plugins/com.st.stm32cube.ide.mcu.externaltools.gnu-tools-for-stm32.12.3.rel1.win32_1.1.0.202410251130/tools/bin/../lib/gcc/arm-none-eabi/12.3.1/thumb/v7e-m/nofp/crtn.o
OUTPUT(remote-emergency-system.elf elf32-littlearm)
LOAD linker stubs
LOAD C:/ST/STM32CubeIDE_1.17.0/STM32CubeIDE/plugins/com.st.stm32cube.ide.mcu.externaltools.gnu-tools-for-stm32.12.3.rel1.win32_1.1.0.202410251130/tools/bin/../lib/gcc/arm-none-eabi/12.3.1/../../../../arm-none-eabi/lib/thumb/v7e-m/nofp\libc.a
LOAD C:/ST/STM32CubeIDE_1.17.0/STM32CubeIDE/plugins/com.st.stm32cube.ide.mcu.externaltools.gnu-tools-for-stm32.12.3.rel1.win32_1.1.0.202410251130/tools/bin/../lib/gcc/arm-none-eabi/12.3.1/../../../../arm-none-eabi/lib/thumb/v7e-m/nofp\libm.a
LOAD C:/ST/STM32CubeIDE_1.17.0/STM32CubeIDE/plugins/com.st.stm32cube.ide.mcu.externaltools.gnu-tools-for-stm32.12.3.rel1.win32_1.1.0.202410251130/tools/bin/../lib/gcc/arm-none-eabi/12.3.1/thumb/v7e-m/nofp\libgcc.a

.debug_info     0x00000000    0x13a83
 .debug_info    0x00000000      0x451 ./Core/Src/gpio.o
 .debug_info    0x00000451      0x781 ./Core/Src/main.o
 .debug_info    0x00000bd2       0xce ./Core/Src/stm32wlxx_hal_msp.o
 .debug_info    0x00000ca0      0x157 ./Core/Src/stm32wlxx_it.o
 .debug_info    0x00000df7      0x5f5 ./Core/Src/subghz.o
 .debug_info    0x000013ec      0x6a3 ./Core/Src/syscalls.o
 .debug_info    0x00001a8f      0x168 ./Core/Src/sysmem.o
 .debug_info    0x00001bf7      0x515 ./Core/Src/system_stm32wlxx.o
 .debug_info    0x0000210c      0xeda ./Core/Src/usart.o
 .debug_info    0x00002fe6       0x30 ./Core/Startup/startup_stm32wl55jcix.o
 .debug_info    0x00003016      0x707 ./Drivers/BSP/STM32WLxx_Nucleo/stm32wlxx_nucleo_radio.o
 .debug_info    0x0000371d      0x288 ./Drivers/Radio/radio_board_if.o
 .debug_info    0x000039a5     0x2205 ./Drivers/Radio/radio_driver.o
 .debug_info    0x00005baa     0x1165 ./Drivers/STM32WLxx_HAL_Driver/Src/stm32wlxx_hal.o
 .debug_info    0x00006d0f      0xd39 ./Drivers/STM32WLxx_HAL_Driver/Src/stm32wlxx_hal_cortex.o
 .debug_info    0x00007a48      0x708 ./Drivers/STM32WLxx_HAL_Driver/Src/stm32wlxx_hal_gpio.o
 .debug_info    0x00008150      0x8e8 ./Drivers/STM32WLxx_HAL_Driver/Src/stm32wlxx_hal_pwr.o
 .debug_info    0x00008a38      0xde7 ./Drivers/STM32WLxx_HAL_Driver/Src/stm32wlxx_hal_pwr_ex.o
 .debug_info    0x0000981f     0x13ef ./Drivers/STM32WLxx_HAL_Driver/Src/stm32wlxx_hal_rcc.o
 .debug_info    0x0000ac0e      0xf21 ./Drivers/STM32WLxx_HAL_Driver/Src/stm32wlxx_hal_rcc_ex.o
 .debug_info    0x0000bb2f     0x138d ./Drivers/STM32WLxx_HAL_Driver/Src/stm32wlxx_hal_subghz.o
 .debug_info    0x0000cebc     0x4a83 ./Drivers/STM32WLxx_HAL_Driver/Src/stm32wlxx_hal_uart.o
 .debug_info    0x0001193f      0xffa ./Drivers/STM32WLxx_HAL_Driver/Src/stm32wlxx_hal_uart_ex.o
 .debug_info    0x00012939      0x8e9 ./LoRaWizard/LoRaConf.o
 .debug_info    0x00013222      0x23e ./LoRaWizard/LoRaEvents.o
 .debug_info    0x00013460      0x623 ./LoRaWizard/LoRaMessageHandler.o

.debug_abbrev   0x00000000     0x34b2
 .debug_abbrev  0x00000000      0x113 ./Core/Src/gpio.o
 .debug_abbrev  0x00000113      0x242 ./Core/Src/main.o
 .debug_abbrev  0x00000355       0x7e ./Core/Src/stm32wlxx_hal_msp.o
 .debug_abbrev  0x000003d3       0xac ./Core/Src/stm32wlxx_it.o
 .debug_abbrev  0x0000047f      0x1fa ./Core/Src/subghz.o
 .debug_abbrev  0x00000679      0x1b6 ./Core/Src/syscalls.o
 .debug_abbrev  0x0000082f       0xbc ./Core/Src/sysmem.o
 .debug_abbrev  0x000008eb      0x13e ./Core/Src/system_stm32wlxx.o
 .debug_abbrev  0x00000a29      0x270 ./Core/Src/usart.o
 .debug_abbrev  0x00000c99       0x24 ./Core/Startup/startup_stm32wl55jcix.o
 .debug_abbrev  0x00000cbd      0x21c ./Drivers/BSP/STM32WLxx_Nucleo/stm32wlxx_nucleo_radio.o
 .debug_abbrev  0x00000ed9      0x109 ./Drivers/Radio/radio_board_if.o
 .debug_abbrev  0x00000fe2      0x414 ./Drivers/Radio/radio_driver.o
 .debug_abbrev  0x000013f6      0x344 ./Drivers/STM32WLxx_HAL_Driver/Src/stm32wlxx_hal.o
 .debug_abbrev  0x0000173a      0x2e8 ./Drivers/STM32WLxx_HAL_Driver/Src/stm32wlxx_hal_cortex.o
 .debug_abbrev  0x00001a22      0x1e9 ./Drivers/STM32WLxx_HAL_Driver/Src/stm32wlxx_hal_gpio.o
 .debug_abbrev  0x00001c0b      0x209 ./Drivers/STM32WLxx_HAL_Driver/Src/stm32wlxx_hal_pwr.o
 .debug_abbrev  0x00001e14      0x302 ./Drivers/STM32WLxx_HAL_Driver/Src/stm32wlxx_hal_pwr_ex.o
 .debug_abbrev  0x00002116      0x32d ./Drivers/STM32WLxx_HAL_Driver/Src/stm32wlxx_hal_rcc.o
 .debug_abbrev  0x00002443      0x2cb ./Drivers/STM32WLxx_HAL_Driver/Src/stm32wlxx_hal_rcc_ex.o
 .debug_abbrev  0x0000270e      0x299 ./Drivers/STM32WLxx_HAL_Driver/Src/stm32wlxx_hal_subghz.o
 .debug_abbrev  0x000029a7      0x352 ./Drivers/STM32WLxx_HAL_Driver/Src/stm32wlxx_hal_uart.o
 .debug_abbrev  0x00002cf9      0x2d2 ./Drivers/STM32WLxx_HAL_Driver/Src/stm32wlxx_hal_uart_ex.o
 .debug_abbrev  0x00002fcb      0x207 ./LoRaWizard/LoRaConf.o
 .debug_abbrev  0x000031d2      0x13a ./LoRaWizard/LoRaEvents.o
 .debug_abbrev  0x0000330c      0x1a6 ./LoRaWizard/LoRaMessageHandler.o

.debug_aranges  0x00000000     0x1500
 .debug_aranges
                0x00000000       0x28 ./Core/Src/gpio.o
 .debug_aranges
                0x00000028       0x38 ./Core/Src/main.o
 .debug_aranges
                0x00000060       0x20 ./Core/Src/stm32wlxx_hal_msp.o
 .debug_aranges
                0x00000080       0x60 ./Core/Src/stm32wlxx_it.o
 .debug_aranges
                0x000000e0       0x40 ./Core/Src/subghz.o
 .debug_aranges
                0x00000120       0xa8 ./Core/Src/syscalls.o
 .debug_aranges
                0x000001c8       0x20 ./Core/Src/sysmem.o
 .debug_aranges
                0x000001e8       0x28 ./Core/Src/system_stm32wlxx.o
 .debug_aranges
                0x00000210       0x48 ./Core/Src/usart.o
 .debug_aranges
                0x00000258       0x28 ./Core/Startup/startup_stm32wl55jcix.o
 .debug_aranges
                0x00000280       0x58 ./Drivers/BSP/STM32WLxx_Nucleo/stm32wlxx_nucleo_radio.o
 .debug_aranges
                0x000002d8       0x50 ./Drivers/Radio/radio_board_if.o
 .debug_aranges
                0x00000328      0x240 ./Drivers/Radio/radio_driver.o
 .debug_aranges
                0x00000568      0x240 ./Drivers/STM32WLxx_HAL_Driver/Src/stm32wlxx_hal.o
 .debug_aranges
                0x000007a8      0x128 ./Drivers/STM32WLxx_HAL_Driver/Src/stm32wlxx_hal_cortex.o
 .debug_aranges
                0x000008d0       0x60 ./Drivers/STM32WLxx_HAL_Driver/Src/stm32wlxx_hal_gpio.o
 .debug_aranges
                0x00000930       0xc8 ./Drivers/STM32WLxx_HAL_Driver/Src/stm32wlxx_hal_pwr.o
 .debug_aranges
                0x000009f8      0x200 ./Drivers/STM32WLxx_HAL_Driver/Src/stm32wlxx_hal_pwr_ex.o
 .debug_aranges
                0x00000bf8      0x230 ./Drivers/STM32WLxx_HAL_Driver/Src/stm32wlxx_hal_rcc.o
 .debug_aranges
                0x00000e28      0x1e8 ./Drivers/STM32WLxx_HAL_Driver/Src/stm32wlxx_hal_rcc_ex.o
 .debug_aranges
                0x00001010      0x168 ./Drivers/STM32WLxx_HAL_Driver/Src/stm32wlxx_hal_subghz.o
 .debug_aranges
                0x00001178      0x258 ./Drivers/STM32WLxx_HAL_Driver/Src/stm32wlxx_hal_uart.o
 .debug_aranges